Archive member included to satisfy reference by file (symbol)

/home/rhylx/Repos/coreboot/util/crossgcc/xgcc/lib/gcc/i386-elf/8.3.0/libgcc.a(_divdi3.o)
                              build/postcar/lib/gcc.o (__divdi3)
/home/rhylx/Repos/coreboot/util/crossgcc/xgcc/lib/gcc/i386-elf/8.3.0/libgcc.a(_moddi3.o)
                              build/postcar/lib/gcc.o (__moddi3)
/home/rhylx/Repos/coreboot/util/crossgcc/xgcc/lib/gcc/i386-elf/8.3.0/libgcc.a(_udivdi3.o)
                              build/postcar/lib/gcc.o (__udivdi3)
/home/rhylx/Repos/coreboot/util/crossgcc/xgcc/lib/gcc/i386-elf/8.3.0/libgcc.a(_umoddi3.o)
                              build/postcar/lib/gcc.o (__umoddi3)
/home/rhylx/Repos/coreboot/util/crossgcc/xgcc/lib/gcc/i386-elf/8.3.0/libgcc.a(_udivmoddi4.o)
                              build/postcar/console/vtxprintf.o (__udivmoddi4)

Discarded input sections

 .text          0x0000000000000000        0x0 build/postcar/mainboard/dell/dell_system_vostro_3360/static.o
 .data          0x0000000000000000        0x0 build/postcar/mainboard/dell/dell_system_vostro_3360/static.o
 .bss           0x0000000000000000        0x0 build/postcar/mainboard/dell/dell_system_vostro_3360/static.o
 .rodata.__pci_0_02_0
                0x0000000000000000        0x4 build/postcar/mainboard/dell/dell_system_vostro_3360/static.o
 .rodata.__pci_0_01_0
                0x0000000000000000        0x4 build/postcar/mainboard/dell/dell_system_vostro_3360/static.o
 .rodata.__pci_0_00_0
                0x0000000000000000        0x4 build/postcar/mainboard/dell/dell_system_vostro_3360/static.o
 .rodata.__pci_0_1f_6
                0x0000000000000000        0x4 build/postcar/mainboard/dell/dell_system_vostro_3360/static.o
 .rodata.__pci_0_1f_5
                0x0000000000000000        0x4 build/postcar/mainboard/dell/dell_system_vostro_3360/static.o
 .rodata.__pci_0_1f_3
                0x0000000000000000        0x4 build/postcar/mainboard/dell/dell_system_vostro_3360/static.o
 .rodata.__pci_0_1f_2
                0x0000000000000000        0x4 build/postcar/mainboard/dell/dell_system_vostro_3360/static.o
 .rodata.__pci_0_1f_0
                0x0000000000000000        0x4 build/postcar/mainboard/dell/dell_system_vostro_3360/static.o
 .rodata.__pci_0_1e_0
                0x0000000000000000        0x4 build/postcar/mainboard/dell/dell_system_vostro_3360/static.o
 .rodata.__pci_0_1d_0
                0x0000000000000000        0x4 build/postcar/mainboard/dell/dell_system_vostro_3360/static.o
 .rodata.__pci_0_1c_7
                0x0000000000000000        0x4 build/postcar/mainboard/dell/dell_system_vostro_3360/static.o
 .rodata.__pci_0_1c_6
                0x0000000000000000        0x4 build/postcar/mainboard/dell/dell_system_vostro_3360/static.o
 .rodata.__pci_0_1c_5
                0x0000000000000000        0x4 build/postcar/mainboard/dell/dell_system_vostro_3360/static.o
 .rodata.__pci_0_1c_4
                0x0000000000000000        0x4 build/postcar/mainboard/dell/dell_system_vostro_3360/static.o
 .rodata.__pci_0_1c_3
                0x0000000000000000        0x4 build/postcar/mainboard/dell/dell_system_vostro_3360/static.o
 .rodata.__pci_0_1c_2
                0x0000000000000000        0x4 build/postcar/mainboard/dell/dell_system_vostro_3360/static.o
 .rodata.__pci_0_1c_1
                0x0000000000000000        0x4 build/postcar/mainboard/dell/dell_system_vostro_3360/static.o
 .rodata.__pci_0_1c_0
                0x0000000000000000        0x4 build/postcar/mainboard/dell/dell_system_vostro_3360/static.o
 .rodata.__pci_0_1b_0
                0x0000000000000000        0x4 build/postcar/mainboard/dell/dell_system_vostro_3360/static.o
 .rodata.__pci_0_1a_0
                0x0000000000000000        0x4 build/postcar/mainboard/dell/dell_system_vostro_3360/static.o
 .rodata.__pci_0_19_0
                0x0000000000000000        0x4 build/postcar/mainboard/dell/dell_system_vostro_3360/static.o
 .rodata.__pci_0_16_3
                0x0000000000000000        0x4 build/postcar/mainboard/dell/dell_system_vostro_3360/static.o
 .rodata.__pci_0_16_2
                0x0000000000000000        0x4 build/postcar/mainboard/dell/dell_system_vostro_3360/static.o
 .rodata.__pci_0_16_1
                0x0000000000000000        0x4 build/postcar/mainboard/dell/dell_system_vostro_3360/static.o
 .rodata.__pci_0_16_0
                0x0000000000000000        0x4 build/postcar/mainboard/dell/dell_system_vostro_3360/static.o
 .rodata.__pci_0_14_0
                0x0000000000000000        0x4 build/postcar/mainboard/dell/dell_system_vostro_3360/static.o
 .rodata._dev6_links
                0x0000000000000000       0x24 build/postcar/mainboard/dell/dell_system_vostro_3360/static.o
 .rodata._dev2_links
                0x0000000000000000       0x24 build/postcar/mainboard/dell/dell_system_vostro_3360/static.o
 .rodata.dev_root_links
                0x0000000000000000       0x24 build/postcar/mainboard/dell/dell_system_vostro_3360/static.o
 .rodata.dev_root
[...]
Memory Configuration

Name             Origin             Length             Attributes
*default*        0x0000000000000000 0xffffffffffffffff

Linker script and memory map

START GROUP
LOAD build/postcar/mainboard/dell/dell_system_vostro_3360/static.o
LOAD build/postcar/arch/x86/acpi_s3.o
LOAD build/postcar/arch/x86/boot.o
LOAD build/postcar/arch/x86/cf9_reset.o
LOAD build/postcar/arch/x86/cpu_common.o
LOAD build/postcar/arch/x86/exit_car.o
LOAD build/postcar/arch/x86/gdt_init.o
LOAD build/postcar/arch/x86/memcpy.o
LOAD build/postcar/arch/x86/memmove.o
LOAD build/postcar/arch/x86/memset.o
LOAD build/postcar/arch/x86/mmap_boot.o
LOAD build/postcar/arch/x86/postcar.o
LOAD build/postcar/arch/x86/timestamp.o
LOAD build/postcar/commonlib/cbfs.o
LOAD build/postcar/commonlib/iobuf.o
LOAD build/postcar/commonlib/lz4_wrapper.o
LOAD build/postcar/commonlib/mem_pool.o
LOAD build/postcar/commonlib/region.o
LOAD build/postcar/console/console.o
LOAD build/postcar/console/die.o
LOAD build/postcar/console/init.o
LOAD build/postcar/console/post.o
LOAD build/postcar/console/printk.o
LOAD build/postcar/console/vsprintf.o
LOAD build/postcar/console/vtxprintf.o
LOAD build/postcar/cpu/intel/car/non-evict/exit_car.o
LOAD build/postcar/cpu/intel/common/fsb.o
LOAD build/postcar/cpu/x86/lapic/boot_cpu.o
LOAD build/postcar/cpu/x86/mtrr/debug.o
LOAD build/postcar/cpu/x86/pae/pgtbl.o
LOAD build/postcar/cpu/x86/smm/tseg_region.o
LOAD build/postcar/cpu/x86/tsc/delay_tsc.o
LOAD build/postcar/device/device_const.o
LOAD build/postcar/device/pci_early.o
LOAD build/postcar/device/pci_ops.o
LOAD build/postcar/drivers/pc80/pc/i8254.o
LOAD build/postcar/drivers/pc80/rtc/mc146818rtc.o
LOAD build/postcar/drivers/spi/adesto.o
LOAD build/postcar/drivers/spi/amic.o
LOAD build/postcar/drivers/spi/atmel.o
LOAD build/postcar/drivers/spi/bitbang.o
LOAD build/postcar/drivers/spi/eon.o
LOAD build/postcar/drivers/spi/gigadevice.o
LOAD build/postcar/drivers/spi/macronix.o
LOAD build/postcar/drivers/spi/spansion.o
LOAD build/postcar/drivers/spi/spi-generic.o
LOAD build/postcar/drivers/spi/spi_flash.o
LOAD build/postcar/drivers/spi/sst.o
LOAD build/postcar/drivers/spi/stmicro.o
LOAD build/postcar/drivers/spi/winbond.o
LOAD build/postcar/drivers/uart/uart8250io.o
LOAD build/postcar/drivers/uart/util.o
LOAD build/postcar/lib/boot_device.o
LOAD build/postcar/lib/bootmode.o
LOAD build/postcar/lib/cbfs.o
LOAD build/postcar/lib/cbmem_common.o
LOAD build/postcar/lib/cbmem_console.o
LOAD build/postcar/lib/crc_byte.o
LOAD build/postcar/lib/delay.o
LOAD build/postcar/lib/ext_stage_cache.o
LOAD build/postcar/lib/fmap.o
LOAD build/postcar/lib/gcc.o
LOAD build/postcar/lib/halt.o
LOAD build/postcar/lib/hexdump.o
LOAD build/postcar/lib/imd.o
LOAD build/postcar/lib/imd_cbmem.o
LOAD build/postcar/lib/libgcc.o
LOAD build/postcar/lib/lzma.o
LOAD build/postcar/lib/lzmadecode.o
LOAD build/postcar/lib/memchr.o
LOAD build/postcar/lib/memcmp.o
LOAD build/postcar/lib/prog_loaders.o
LOAD build/postcar/lib/prog_ops.o
LOAD build/postcar/lib/reset.o
LOAD build/postcar/lib/rmodule.o
LOAD build/postcar/lib/romstage_handoff.o
LOAD build/postcar/lib/string.o
LOAD build/postcar/lib/timestamp.o
LOAD build/postcar/lib/version.o
LOAD build/postcar/northbridge/intel/sandybridge/memmap.o
LOAD build/postcar/security/memory/memory.o
LOAD build/postcar/southbridge/intel/common/pmbase.o
LOAD build/postcar/southbridge/intel/common/reset.o
LOAD build/postcar/southbridge/intel/common/rtc.o
LOAD build/postcar/southbridge/intel/common/spi.o
LOAD /home/rhylx/Repos/coreboot/util/crossgcc/xgcc/lib/gcc/i386-elf/8.3.0/libgcc.a
END GROUP
                0x0000000000000001                _ = ASSERT ((. <= 0x2000000), postcar overlaps the previous region!)
                0x0000000002000000                . = 0x2000000
                0x0000000002000000                _postcar = .
                0x0000000002100000                _epostcar = (_postcar + 0x100000)
                0x0000000000000001                _ = ASSERT (((_eprogram - _program) <= 0x100000), Aftercar exceeded its allotted size! (1M))

.text           0x0000000002000000     0x44a8
                0x0000000002000000                _program = .
                0x0000000002000000                _text = .
 *(.rom.text)
 *(.rom.data)
 *(.text._start)
 *(.text.stage_entry)
 *(.text)
 .text          0x0000000002000000       0x71 build/postcar/arch/x86/exit_car.o
                0x0000000002000000                _start
 *fill*         0x0000000002000071        0x3 
 .text          0x0000000002000074       0x28 build/postcar/arch/x86/gdt_init.o
                0x0000000002000074                gdtptr
 .text          0x000000000200009c       0x39 build/postcar/cpu/intel/car/non-evict/exit_car.o
                0x000000000200009c                chipset_teardown_car
 *fill*         0x00000000020000d5        0x3 
 .text          0x00000000020000d8       0xff /home/rhylx/Repos/coreboot/util/crossgcc/xgcc/lib/gcc/i386-elf/8.3.0/libgcc.a(_udivdi3.o)
                0x00000000020000d8                __udivdi3
 *fill*         0x00000000020001d7        0x1 
 .text          0x00000000020001d8      0x1d9 /home/rhylx/Repos/coreboot/util/crossgcc/xgcc/lib/gcc/i386-elf/8.3.0/libgcc.a(_udivmoddi4.o)
                0x00000000020001d8                __udivmoddi4
 *(.text.*)
 .text.arch_prog_run
                0x00000000020003b1        0xe build/postcar/arch/x86/boot.o
                0x00000000020003b1                arch_prog_run
 .text._gdt_    0x00000000020003bf        0x9 build/postcar/arch/x86/gdt_init.o
                0x00000000020003bf                gdt_init
 .text.memcpy   0x00000000020003c8       0x21 build/postcar/arch/x86/memcpy.o
                0x00000000020003c8                memcpy
 *fill*         0x00000000020003e9        0x7 
 .text.memmove  0x00000000020003f0      0x185 build/postcar/arch/x86/memmove.o
                0x00000000020003f0                memmove
 .text.memset   0x0000000002000575       0x43 build/postcar/arch/x86/memset.o
                0x0000000002000575                memset
 .text.boot_device_ro
                0x00000000020005b8        0x6 build/postcar/arch/x86/mmap_boot.o
                0x00000000020005b8                boot_device_ro
 .text.late_car_teardown
                0x00000000020005be        0x1 build/postcar/arch/x86/postcar.o
                0x00000000020005be                late_car_teardown
 .text.startup.main
                0x00000000020005bf       0x3d build/postcar/arch/x86/postcar.o
                0x00000000020005bf                main
 .text.timestamp_get
                0x00000000020005fc        0x6 build/postcar/arch/x86/timestamp.o
                0x00000000020005fc                timestamp_get
 .text.read_be32
                0x0000000002000602        0x5 build/postcar/commonlib/cbfs.o
 .text.cbfs_for_each_file
                0x0000000002000607       0xbf build/postcar/commonlib/cbfs.o
                0x0000000002000607                cbfs_for_each_file
 .text.cbfsf_file_type
                0x00000000020006c6       0x33 build/postcar/commonlib/cbfs.o
                0x00000000020006c6                cbfsf_file_type
 .text.cbfs_locate
                0x00000000020006f9       0xe4 build/postcar/commonlib/cbfs.o
                0x00000000020006f9                cbfs_locate
 .text.LZ4_wildCopy
                0x00000000020007dd       0x1a build/postcar/commonlib/lz4_wrapper.o
 .text.ulz4fn.part.0
                0x00000000020007f7      0x36e build/postcar/commonlib/lz4_wrapper.o
 .text.ulz4fn   0x0000000002000b65       0x24 build/postcar/commonlib/lz4_wrapper.o
                0x0000000002000b65                ulz4fn
 .text.mdev_mmap
                0x0000000002000b89        0xc build/postcar/commonlib/region.o
 .text.mdev_munmap
                0x0000000002000b95        0x3 build/postcar/commonlib/region.o
 .text.mdev_readat
                0x0000000002000b98       0x25 build/postcar/commonlib/region.o
 .text.region_is_subregion
                0x0000000002000bbd       0x39 build/postcar/commonlib/region.o
                0x0000000002000bbd                region_is_subregion
 .text.normalize_and_ok
                0x0000000002000bf6        0xe build/postcar/commonlib/region.o
 .text.rdev_relative_offset
                0x0000000002000c04       0x40 build/postcar/commonlib/region.o
                0x0000000002000c04                rdev_relative_offset
 .text.rdev_mmap
                0x0000000002000c44       0x52 build/postcar/commonlib/region.o
                0x0000000002000c44                rdev_mmap
 .text.rdev_munmap
                0x0000000002000c96       0x1f build/postcar/commonlib/region.o
                0x0000000002000c96                rdev_munmap
 .text.rdev_readat
                0x0000000002000cb5       0x4f build/postcar/commonlib/region.o
                0x0000000002000cb5                rdev_readat
 .text.rdev_chain
                0x0000000002000d04       0x58 build/postcar/commonlib/region.o
                0x0000000002000d04                rdev_chain
 .text.mem_region_device_ro_init
                0x0000000002000d5c       0x2b build/postcar/commonlib/region.o
                0x0000000002000d5c                mem_region_device_ro_init
 .text.console_hw_init
                0x0000000002000d87       0x16 build/postcar/console/console.o
                0x0000000002000d87                console_hw_init
 .text.console_tx_byte
                0x0000000002000d9d       0x3b build/postcar/console/console.o
                0x0000000002000d9d                console_tx_byte
 .text.console_tx_flush
                0x0000000002000dd8        0xe build/postcar/console/console.o
                0x0000000002000dd8                console_tx_flush
 .text.die_notify
                0x0000000002000de6        0x1 build/postcar/console/die.o
                0x0000000002000de6                die_notify
 .text.die      0x0000000002000de7       0x1e build/postcar/console/die.o
                0x0000000002000de7                die
 .text.console_log_level
                0x0000000002000e05       0x2b build/postcar/console/init.o
                0x0000000002000e05                console_log_level
 .text.console_init
                0x0000000002000e30       0x43 build/postcar/console/init.o
                0x0000000002000e30                console_init
 .text.mainboard_post
                0x0000000002000e73        0x1 build/postcar/console/post.o
                0x0000000002000e73                mainboard_post
 .text.post_code
                0x0000000002000e74       0x12 build/postcar/console/post.o
                0x0000000002000e74                post_code
 .text.wrap_putchar
                0x0000000002000e86        0xe build/postcar/console/printk.o
 .text.console_time_run
                0x0000000002000e94       0x20 build/postcar/console/printk.o
 .text.wrap_putchar_cbmemc
                0x0000000002000eb4        0xe build/postcar/console/printk.o
 .text.console_time_stop.part.1
                0x0000000002000ec2       0x22 build/postcar/console/printk.o
 .text.do_vprintk
                0x0000000002000ee4       0x81 build/postcar/console/printk.o
                0x0000000002000ee4                do_vprintk
 .text.lock     0x0000000002000f65       0x10 build/postcar/console/printk.o
 .text.do_printk
                0x0000000002000f75       0x1a build/postcar/console/printk.o
                0x0000000002000f75                do_printk
 .text.console_time_report
                0x0000000002000f8f       0x32 build/postcar/console/printk.o
                0x0000000002000f8f                console_time_report
 .text.number   0x0000000002000fc1      0x2e8 build/postcar/console/vtxprintf.o
 .text.vtxprintf
                0x00000000020012a9      0x46d build/postcar/console/vtxprintf.o
                0x00000000020012a9                vtxprintf
 .text.resolve_timebase
                0x0000000002001716      0x1b0 build/postcar/cpu/intel/common/fsb.o
 .text.tsc_freq_mhz
                0x00000000020018c6       0x1b build/postcar/cpu/intel/common/fsb.o
                0x00000000020018c6                tsc_freq_mhz
 .text.boot_cpu
                0x00000000020018e1        0xe build/postcar/cpu/x86/lapic/boot_cpu.o
                0x00000000020018e1                boot_cpu
 .text.display_mtrrs
                0x00000000020018ef        0x1 build/postcar/cpu/x86/mtrr/debug.o
                0x00000000020018ef                display_mtrrs
 .text.smm_subregion
                0x00000000020018f0       0xd9 build/postcar/cpu/x86/smm/tseg_region.o
                0x00000000020018f0                smm_subregion
 .text.stage_cache_external_region
                0x00000000020019c9       0x3e build/postcar/cpu/x86/smm/tseg_region.o
                0x00000000020019c9                stage_cache_external_region
 .text.timer_monotonic_get
                0x0000000002001a07       0x99 build/postcar/cpu/x86/tsc/delay_tsc.o
                0x0000000002001a07                timer_monotonic_get
 .text.uart_init
                0x0000000002001aa0       0x6e build/postcar/drivers/uart/uart8250io.o
                0x0000000002001aa0                uart_init
 .text.uart_tx_byte
                0x0000000002001b0e       0x33 build/postcar/drivers/uart/uart8250io.o
                0x0000000002001b0e                uart_tx_byte
 .text.uart_tx_flush
                0x0000000002001b41       0x23 build/postcar/drivers/uart/uart8250io.o
                0x0000000002001b41                uart_tx_flush
 .text.uart_baudrate_divisor
                0x0000000002001b64       0x17 build/postcar/drivers/uart/util.o
                0x0000000002001b64                uart_baudrate_divisor
 .text.uart_input_clock_divider
                0x0000000002001b7b        0x6 build/postcar/drivers/uart/util.o
                0x0000000002001b7b                uart_input_clock_divider
 .text.uart_platform_refclk
                0x0000000002001b81        0x6 build/postcar/drivers/uart/util.o
                0x0000000002001b81                uart_platform_refclk
 .text.boot_device_init
                0x0000000002001b87        0x1 build/postcar/lib/boot_device.o
                0x0000000002001b87                boot_device_init
 .text.boot_device_ro_subregion
                0x0000000002001b88       0x32 build/postcar/lib/boot_device.o
                0x0000000002001b88                boot_device_ro_subregion
 .text.cbfs_default_region_device
                0x0000000002001bba       0x3b build/postcar/lib/cbfs.o
                0x0000000002001bba                cbfs_default_region_device
 .text.cbfs_load_and_decompress
                0x0000000002001bf5       0xcf build/postcar/lib/cbfs.o
                0x0000000002001bf5                cbfs_load_and_decompress
 .text.cbfs_boot_region_device
                0x0000000002001cc4       0x51 build/postcar/lib/cbfs.o
                0x0000000002001cc4                cbfs_boot_region_device
 .text.cbfs_boot_locate
                0x0000000002001d15       0x34 build/postcar/lib/cbfs.o
                0x0000000002001d15                cbfs_boot_locate
 .text.cbmem_run_init_hooks
                0x0000000002001d49       0x30 build/postcar/lib/cbmem_common.o
                0x0000000002001d49                cbmem_run_init_hooks
 .text.cbmemc_init
                0x0000000002001d79       0x3b build/postcar/lib/cbmem_console.o
                0x0000000002001d79                cbmemc_init
 .text.cbmemc_tx_byte
                0x0000000002001db4       0x43 build/postcar/lib/cbmem_console.o
                0x0000000002001db4                cbmemc_tx_byte
 .text.cbmemc_reinit
                0x0000000002001df7       0xdc build/postcar/lib/cbmem_console.o
 .text.stage_cache_setup
                0x0000000002001ed3       0xc5 build/postcar/lib/ext_stage_cache.o
 .text.stage_cache_add
                0x0000000002001f98       0xd8 build/postcar/lib/ext_stage_cache.o
                0x0000000002001f98                stage_cache_add
 .text.stage_cache_load_stage
                0x0000000002002070       0xc6 build/postcar/lib/ext_stage_cache.o
                0x0000000002002070                stage_cache_load_stage
 .text.fmap_register_cbmem_cache
                0x0000000002002136       0x41 build/postcar/lib/fmap.o
 .text.find_fmap_directory
                0x0000000002002177      0x121 build/postcar/lib/fmap.o
 .text.fmap_locate_area
                0x0000000002002298       0x99 build/postcar/lib/fmap.o
                0x0000000002002298                fmap_locate_area
 .text.fmap_locate_area_as_rdev
                0x0000000002002331       0x32 build/postcar/lib/fmap.o
                0x0000000002002331                fmap_locate_area_as_rdev
 .text.__wrap___udivdi3
                0x0000000002002363        0x5 build/postcar/lib/gcc.o
                0x0000000002002363                __wrap___udivdi3
 .text.halt     0x0000000002002368        0x3 build/postcar/lib/halt.o
                0x0000000002002368                halt
 .text.imdr_recover
                0x000000000200236b       0xb4 build/postcar/lib/imd.o
 .text.imdr_entry_find
                0x000000000200241f       0x30 build/postcar/lib/imd.o
 .text.imdr_create_empty
                0x000000000200244f       0xea build/postcar/lib/imd.o
 .text.imd_entry_to_imdr
                0x0000000002002539       0x3e build/postcar/lib/imd.o
 .text.imdr_entry_add
                0x0000000002002577       0x74 build/postcar/lib/imd.o
 .text.imd_handle_init
                0x00000000020025eb       0x26 build/postcar/lib/imd.o
                0x00000000020025eb                imd_handle_init
 .text.imd_create_tiered_empty
                0x0000000002002611       0xb0 build/postcar/lib/imd.o
                0x0000000002002611                imd_create_tiered_empty
 .text.imd_recover
                0x00000000020026c1       0x5e build/postcar/lib/imd.o
                0x00000000020026c1                imd_recover
 .text.imd_limit_size
                0x000000000200271f       0x28 build/postcar/lib/imd.o
                0x000000000200271f                imd_limit_size
 .text.imd_entry_add
                0x0000000002002747       0x5a build/postcar/lib/imd.o
                0x0000000002002747                imd_entry_add
 .text.imd_entry_find
                0x00000000020027a1       0x24 build/postcar/lib/imd.o
                0x00000000020027a1                imd_entry_find
 .text.imd_entry_find_or_add
                0x00000000020027c5       0x19 build/postcar/lib/imd.o
                0x00000000020027c5                imd_entry_find_or_add
 .text.imd_entry_size
                0x00000000020027de        0x8 build/postcar/lib/imd.o
                0x00000000020027de                imd_entry_size
 .text.imd_entry_at
                0x00000000020027e6       0x1e build/postcar/lib/imd.o
                0x00000000020027e6                imd_entry_at
 .text.cbmem_top
                0x0000000002002804        0x6 build/postcar/lib/imd_cbmem.o
                0x0000000002002804                cbmem_top
 .text.cbmem_add
                0x000000000200280a       0x36 build/postcar/lib/imd_cbmem.o
                0x000000000200280a                cbmem_add
 .text.cbmem_initialize_id_size
                0x0000000002002840       0x5f build/postcar/lib/imd_cbmem.o
                0x0000000002002840                cbmem_initialize_id_size
 .text.cbmem_initialize
                0x000000000200289f       0x12 build/postcar/lib/imd_cbmem.o
                0x000000000200289f                cbmem_initialize
 .text.cbmem_entry_find
                0x00000000020028b1       0x15 build/postcar/lib/imd_cbmem.o
                0x00000000020028b1                cbmem_entry_find
 .text.cbmem_find
                0x00000000020028c6       0x2c build/postcar/lib/imd_cbmem.o
                0x00000000020028c6                cbmem_find
 .text.cbmem_entry_size
                0x00000000020028f2       0x17 build/postcar/lib/imd_cbmem.o
                0x00000000020028f2                cbmem_entry_size
 .text.cbmem_entry_start
                0x0000000002002909       0x15 build/postcar/lib/imd_cbmem.o
                0x0000000002002909                cbmem_entry_start
 .text.ulzman   0x000000000200291e       0xba build/postcar/lib/lzma.o
                0x000000000200291e                ulzman
 .text.LzmaDecodeProperties
                0x00000000020029d8       0x50 build/postcar/lib/lzmadecode.o
                0x00000000020029d8                LzmaDecodeProperties
 .text.LzmaDecode
                0x0000000002002a28      0xcf2 build/postcar/lib/lzmadecode.o
                0x0000000002002a28                LzmaDecode
 .text.memcmp   0x000000000200371a       0x26 build/postcar/lib/memcmp.o
                0x000000000200371a                memcmp
 .text.prog_locate_hook
                0x0000000002003740        0x3 build/postcar/lib/prog_loaders.o
                0x0000000002003740                prog_locate_hook
 .text.prog_locate
                0x0000000002003743       0x61 build/postcar/lib/prog_loaders.o
                0x0000000002003743                prog_locate
 .text.run_ramstage
                0x00000000020037a4      0x10b build/postcar/lib/prog_loaders.o
                0x00000000020037a4                run_ramstage
 .text.platform_segment_loaded
                0x00000000020038af        0x1 build/postcar/lib/prog_ops.o
                0x00000000020038af                platform_segment_loaded
 .text.arch_segment_loaded
                0x00000000020038b0        0x1 build/postcar/lib/prog_ops.o
                0x00000000020038b0                arch_segment_loaded
 .text.prog_segment_loaded
                0x00000000020038b1       0x2f build/postcar/lib/prog_ops.o
                0x00000000020038b1                prog_segment_loaded
 .text.platform_prog_run
                0x00000000020038e0        0x1 build/postcar/lib/prog_ops.o
                0x00000000020038e0                platform_prog_run
 .text.prog_run
                0x00000000020038e1       0x1b build/postcar/lib/prog_ops.o
                0x00000000020038e1                prog_run
 .text.rmodule_parse
                0x00000000020038fc       0x41 build/postcar/lib/rmodule.o
                0x00000000020038fc                rmodule_parse
 .text.rmodule_parameters
                0x000000000200393d       0x1e build/postcar/lib/rmodule.o
                0x000000000200393d                rmodule_parameters
 .text.rmodule_entry
                0x000000000200395b       0x14 build/postcar/lib/rmodule.o
                0x000000000200395b                rmodule_entry
 .text.rmodule_load
                0x000000000200396f       0xde build/postcar/lib/rmodule.o
                0x000000000200396f                rmodule_load
 .text.rmodule_calc_region
                0x0000000002003a4d       0x5a build/postcar/lib/rmodule.o
                0x0000000002003a4d                rmodule_calc_region
 .text.rmodule_stage_load
                0x0000000002003aa7      0x129 build/postcar/lib/rmodule.o
                0x0000000002003aa7                rmodule_stage_load
 .text.romstage_handoff_is_resume
                0x0000000002003bd0       0x1f build/postcar/lib/romstage_handoff.o
                0x0000000002003bd0                romstage_handoff_is_resume
 .text.strnlen  0x0000000002003bef       0x16 build/postcar/lib/string.o
                0x0000000002003bef                strnlen
 .text.strcmp   0x0000000002003c05       0x20 build/postcar/lib/string.o
                0x0000000002003c05                strcmp
 .text.skip_atoi
                0x0000000002003c25       0x27 build/postcar/lib/string.o
                0x0000000002003c25                skip_atoi
 .text.timestamp_should_run
                0x0000000002003c4c       0x14 build/postcar/lib/timestamp.o
 .text.timestamp_reinit
                0x0000000002003c60       0x46 build/postcar/lib/timestamp.o
 .text.timestamp_add
                0x0000000002003ca6       0x7d build/postcar/lib/timestamp.o
                0x0000000002003ca6                timestamp_add
 .text.timestamp_add_now
                0x0000000002003d23       0x18 build/postcar/lib/timestamp.o
                0x0000000002003d23                timestamp_add_now
 .text.smm_region
                0x0000000002003d3b       0x21 build/postcar/northbridge/intel/sandybridge/memmap.o
                0x0000000002003d3b                smm_region
                0x0000000002003d60                . = ALIGN (0x8)
 *fill*         0x0000000002003d5c        0x4 
                0x0000000002003d60                _cbmem_init_hooks = .
 *(.rodata.cbmem_init_hooks)
 .rodata.cbmem_init_hooks
                0x0000000002003d60        0x4 build/postcar/lib/cbmem_console.o
 .rodata.cbmem_init_hooks
                0x0000000002003d64        0x4 build/postcar/lib/ext_stage_cache.o
 .rodata.cbmem_init_hooks
                0x0000000002003d68        0x4 build/postcar/lib/fmap.o
 .rodata.cbmem_init_hooks
                0x0000000002003d6c        0x4 build/postcar/lib/timestamp.o
                0x0000000002003d70                _ecbmem_init_hooks = .
                0x0000000002003d70                . = ALIGN (0x8)
                0x0000000002003d70                _rsbe_init_begin = .
 *(.rsbe_init)
                0x0000000002003d70                _ersbe_init_begin = .
                0x0000000002003d70                . = ALIGN (0x8)
 *(.rodata)
 *fill*         0x0000000002003d70       0x10 
 .rodata        0x0000000002003d80       0x40 build/postcar/commonlib/lz4_wrapper.o
 *(.rodata.*)
 .rodata.boot_dev
                0x0000000002003dc0       0x14 build/postcar/arch/x86/mmap_boot.o
 .rodata.cbfs_for_each_file.str1.1
                0x0000000002003dd4        0x9 build/postcar/commonlib/cbfs.o
 .rodata.cbfs_locate.str1.1
                0x0000000002003ddd       0x4f build/postcar/commonlib/cbfs.o
 .rodata.mem_rdev_ro_ops
                0x0000000002003e2c       0x14 build/postcar/commonlib/region.o
                0x0000000002003e2c                mem_rdev_ro_ops
 .rodata.console_init.str1.1
                0x0000000002003e40       0x38 build/postcar/console/init.o
 .rodata.console_time_report.str1.1
                0x0000000002003e78       0x2c build/postcar/console/printk.o
 .rodata.number.str1.1
                0x0000000002003ea4       0x22 build/postcar/console/vtxprintf.o
 .rodata.vtxprintf.str1.1
                0x0000000002003ec6        0x7 build/postcar/console/vtxprintf.o
 .rodata.resolve_timebase.str1.1
                0x0000000002003ecd       0x22 build/postcar/cpu/intel/common/fsb.o
 *fill*         0x0000000002003eef        0x1 
 .rodata.f2x_fsb.1302
                0x0000000002003ef0       0x10 build/postcar/cpu/intel/common/fsb.o
 .rodata.rangeley_fsb.1303
                0x0000000002003f00        0x8 build/postcar/cpu/intel/common/fsb.o
 .rodata.core2_fsb.1301
                0x0000000002003f08       0x10 build/postcar/cpu/intel/common/fsb.o
 .rodata.core_fsb.1300
                0x0000000002003f18       0x10 build/postcar/cpu/intel/common/fsb.o
 .rodata.smm_subregion.str1.1
                0x0000000002003f28       0x43 build/postcar/cpu/x86/smm/tseg_region.o
 .rodata.stage_cache_external_region.str1.1
                0x0000000002003f6b       0x20 build/postcar/cpu/x86/smm/tseg_region.o
 *fill*         0x0000000002003f8b        0x1 
 .rodata.pci_mmconf
                0x0000000002003f8c        0x4 build/postcar/device/pci_ops.o
                0x0000000002003f8c                pci_mmconf
 .rodata.bases  0x0000000002003f90       0x10 build/postcar/drivers/uart/uart8250io.o
 .rodata.cbfs_default_region_device.str1.1
                0x0000000002003fa0       0x1e build/postcar/lib/cbfs.o
 .rodata.cbfs_boot_region_device.str1.1
                0x0000000002003fbe       0x26 build/postcar/lib/cbfs.o
 .rodata.str1.1
                0x0000000002003fe4       0x11 build/postcar/lib/cbfs.o
 *fill*         0x0000000002003ff5        0x3 
 .rodata.cbfs_default_locator
                0x0000000002003ff8        0x8 build/postcar/lib/cbfs.o
                0x0000000002003ff8                cbfs_default_locator
 .rodata.cbmemc_reinit.str1.1
                0x0000000002004000       0x3f build/postcar/lib/cbmem_console.o
 .rodata.stage_cache_setup.str1.1
                0x000000000200403f       0x63 build/postcar/lib/ext_stage_cache.o
 .rodata.stage_cache_add.str1.1
                0x00000000020040a2       0x4d build/postcar/lib/ext_stage_cache.o
 .rodata.stage_cache_load_stage.str1.1
                0x00000000020040ef       0x4f build/postcar/lib/ext_stage_cache.o
 .rodata.find_fmap_directory.str1.1
                0x000000000200413e       0xae build/postcar/lib/fmap.o
 .rodata.fmap_locate_area.str1.1
                0x00000000020041ec       0x25 build/postcar/lib/fmap.o
 .rodata.imdr_create_empty.str1.1
                0x0000000002004211       0x2a build/postcar/lib/imd.o
                                         0x4f (size before relaxing)
 .rodata.ulzman.str1.1
                0x000000000200423b       0x64 build/postcar/lib/lzma.o
 .rodata.run_ramstage.str1.1
                0x000000000200429f       0x58 build/postcar/lib/prog_loaders.o
 *fill*         0x00000000020042f7        0x1 
 .rodata.addrspace_32bit
                0x00000000020042f8       0x14 build/postcar/lib/prog_loaders.o
                0x00000000020042f8                addrspace_32bit
 .rodata.rmodule_load.str1.1
                0x000000000200430c       0x94 build/postcar/lib/rmodule.o
 .rodata.rmodule_calc_region.str1.1
                0x00000000020043a0       0x40 build/postcar/lib/rmodule.o
 .rodata.rmodule_stage_load.str1.1
                0x00000000020043e0       0x28 build/postcar/lib/rmodule.o
 .rodata.timestamp_reinit.str1.1
                0x0000000002004408       0x25 build/postcar/lib/timestamp.o
 .rodata.timestamp_add.str1.1
                0x000000000200442d       0x3e build/postcar/lib/timestamp.o
 *fill*         0x000000000200446b        0x1 
 .rodata.coreboot_build
                0x000000000200446c       0x1d build/postcar/lib/version.o
                0x000000000200446c                coreboot_build
 .rodata.coreboot_extra_version
                0x0000000002004489        0x1 build/postcar/lib/version.o
                0x0000000002004489                coreboot_extra_version
 *fill*         0x000000000200448a        0x2 
 .rodata.coreboot_version
                0x000000000200448c       0x1b build/postcar/lib/version.o
                0x000000000200448c                coreboot_version
                0x00000000020044a8                . = ALIGN (0x8)
 *fill*         0x00000000020044a7        0x1 
                0x00000000020044a8                _etext = .

.iplt           0x00000000020044a8        0x0
 .iplt          0x00000000020044a8        0x0 build/postcar/mainboard/dell/dell_system_vostro_3360/static.o

.rel.dyn        0x00000000020044a8        0x0
 .rel.got       0x00000000020044a8        0x0 build/postcar/mainboard/dell/dell_system_vostro_3360/static.o
 .rel.iplt      0x00000000020044a8        0x0 build/postcar/mainboard/dell/dell_system_vostro_3360/static.o
 .rel.text.startup.main
                0x00000000020044a8        0x0 build/postcar/mainboard/dell/dell_system_vostro_3360/static.o
 .rel.text.die  0x00000000020044a8        0x0 build/postcar/mainboard/dell/dell_system_vostro_3360/static.o
 .rel.text.post_code
                0x00000000020044a8        0x0 build/postcar/mainboard/dell/dell_system_vostro_3360/static.o
 .rel.text.boot_device_ro_subregion
                0x00000000020044a8        0x0 build/postcar/mainboard/dell/dell_system_vostro_3360/static.o
 .rel.text.cbfs_boot_region_device
                0x00000000020044a8        0x0 build/postcar/mainboard/dell/dell_system_vostro_3360/static.o
 .rel.text.cbmem_run_init_hooks
                0x00000000020044a8        0x0 build/postcar/mainboard/dell/dell_system_vostro_3360/static.o
 .rel.text.find_fmap_directory
                0x00000000020044a8        0x0 build/postcar/mainboard/dell/dell_system_vostro_3360/static.o
 .rel.text.prog_locate
                0x00000000020044a8        0x0 build/postcar/mainboard/dell/dell_system_vostro_3360/static.o
 .rel.text.prog_segment_loaded
                0x00000000020044a8        0x0 build/postcar/mainboard/dell/dell_system_vostro_3360/static.o
 .rel.text.prog_run
                0x00000000020044a8        0x0 build/postcar/mainboard/dell/dell_system_vostro_3360/static.o

.data           0x00000000020044a8       0x28
                0x00000000020044c0                . = ALIGN (0x40)
 *fill*         0x00000000020044a8       0x18 
                0x00000000020044c0                _data = .
                0x00000000020044c0                _rmodule_params = .
 *(.module_parameters)
 .module_parameters
                0x00000000020044c0        0x8 build/postcar/arch/x86/exit_car.o
                0x00000000020044c0                post_car_stack_top
                0x00000000020044c8                _ermodule_params = .
 *(.data)
 *(.data.*)
 .data.console_loglevel
                0x00000000020044c8        0x4 build/postcar/console/init.o
 .data.console_lock
                0x00000000020044cc        0x4 build/postcar/console/printk.o
 *(.sdata)
 *(.sdata.*)
                0x00000000020044d0                . = ALIGN (0x8)
                0x00000000020044d0                _edata = .

.got            0x00000000020044d0        0x0
 .got           0x00000000020044d0        0x0 build/postcar/mainboard/dell/dell_system_vostro_3360/static.o

.got.plt        0x00000000020044d0        0x0
 .got.plt       0x00000000020044d0        0x0 build/postcar/mainboard/dell/dell_system_vostro_3360/static.o

.igot.plt       0x00000000020044d0        0x0
 .igot.plt      0x00000000020044d0        0x0 build/postcar/mainboard/dell/dell_system_vostro_3360/static.o

.bss            0x00000000020044d0     0x42e0
                0x00000000020044d0                . = ALIGN (0x8)
                0x00000000020044d0                _bss = .
 *(.bss)
 *(.bss.*)
 .bss.console_inited
                0x00000000020044d0        0x4 build/postcar/console/init.o
 .bss.console_usecs
                0x00000000020044d4        0x4 build/postcar/console/printk.o
 .bss.mt_stop   0x00000000020044d8        0x4 build/postcar/console/printk.o
 .bss.mt_start  0x00000000020044dc        0x4 build/postcar/console/printk.o
 .bss.timer_tsc
                0x00000000020044e0        0x4 build/postcar/cpu/intel/common/fsb.o
 .bss.timer_fsb
                0x00000000020044e4        0x4 build/postcar/cpu/intel/common/fsb.o
 .bss.mono_counter
                0x00000000020044e8       0x10 build/postcar/cpu/x86/tsc/delay_tsc.o
 *fill*         0x00000000020044f8        0x8 
 .bss.static_console
                0x0000000002004500      0x400 build/postcar/lib/cbmem_console.o
 .bss.current_console
                0x0000000002004900        0x4 build/postcar/lib/cbmem_console.o
 .bss.imd_stage_cache
                0x0000000002004904       0x10 build/postcar/lib/ext_stage_cache.o
 .bss.fmap_cache
                0x0000000002004914       0x14 build/postcar/lib/fmap.o
 .bss.fmap_print_once
                0x0000000002004928        0x4 build/postcar/lib/fmap.o
 .bss.imd       0x000000000200492c       0x10 build/postcar/lib/imd_cbmem.o
 .bss._cbmem_top_ptr
                0x000000000200493c        0x4 build/postcar/lib/imd_cbmem.o
                0x000000000200493c                _cbmem_top_ptr
 .bss.scratchpad.1319
                0x0000000002004940     0x3e6c build/postcar/lib/lzma.o
 .bss.glob_ts_table
                0x00000000020087ac        0x4 build/postcar/lib/timestamp.o
 *(.sbss)
 *(.sbss.*)
                0x00000000020087b0                . = ALIGN (0x8)
                0x00000000020087b0                _ebss = .
                0x00000000020087b0                _eprogram = .
                0x0000000000000000                zeroptr = 0x0

/DISCARD/
 *(.comment)
 *(.comment.*)
 *(.note)
 *(.note.*)
 *(.eh_frame)
OUTPUT(build/cbfs/fallback/postcar.debug elf32-i386)

.debug_info     0x0000000000000000    0x18ba5
 .debug_info    0x0000000000000000      0x6f1 build/postcar/arch/x86/boot.o
 .debug_info    0x00000000000006f1       0x26 build/postcar/arch/x86/exit_car.o
 .debug_info    0x0000000000000717       0x26 build/postcar/arch/x86/gdt_init.o
 .debug_info    0x000000000000073d       0xdc build/postcar/arch/x86/memcpy.o
 .debug_info    0x0000000000000819      0x117 build/postcar/arch/x86/memmove.o
 .debug_info    0x0000000000000930      0x126 build/postcar/arch/x86/memset.o
 .debug_info    0x0000000000000a56      0x2ab build/postcar/arch/x86/mmap_boot.o
 .debug_info    0x0000000000000d01      0x64f build/postcar/arch/x86/postcar.o
 .debug_info    0x0000000000001350      0x186 build/postcar/arch/x86/timestamp.o
 .debug_info    0x00000000000014d6     0x1eb8 build/postcar/commonlib/cbfs.o
 .debug_info    0x000000000000338e      0xce6 build/postcar/commonlib/lz4_wrapper.o
 .debug_info    0x0000000000004074     0x194d build/postcar/commonlib/region.o
 .debug_info    0x00000000000059c1      0x3ea build/postcar/console/console.o
 .debug_info    0x0000000000005dab      0x132 build/postcar/console/die.o
 .debug_info    0x0000000000005edd      0xde3 build/postcar/console/init.o
 .debug_info    0x0000000000006cc0      0x9da build/postcar/console/post.o
 .debug_info    0x000000000000769a      0x5d1 build/postcar/console/printk.o
 .debug_info    0x0000000000007c6b      0x459 build/postcar/console/vtxprintf.o
 .debug_info    0x00000000000080c4       0x26 build/postcar/cpu/intel/car/non-evict/exit_car.o
 .debug_info    0x00000000000080ea      0x6db build/postcar/cpu/intel/common/fsb.o
 .debug_info    0x00000000000087c5      0x166 build/postcar/cpu/x86/lapic/boot_cpu.o
 .debug_info    0x000000000000892b      0x144 build/postcar/cpu/x86/mtrr/debug.o
 .debug_info    0x0000000000008a6f      0x464 build/postcar/cpu/x86/smm/tseg_region.o
 .debug_info    0x0000000000008ed3      0x3e6 build/postcar/cpu/x86/tsc/delay_tsc.o
 .debug_info    0x00000000000092b9      0xf19 build/postcar/device/pci_ops.o
 .debug_info    0x000000000000a1d2      0x81c build/postcar/drivers/uart/uart8250io.o
 .debug_info    0x000000000000a9ee      0x583 build/postcar/drivers/uart/util.o
 .debug_info    0x000000000000af71      0x483 build/postcar/lib/boot_device.o
 .debug_info    0x000000000000b3f4     0x173d build/postcar/lib/cbfs.o
 .debug_info    0x000000000000cb31      0x3b5 build/postcar/lib/cbmem_common.o
 .debug_info    0x000000000000cee6      0x791 build/postcar/lib/cbmem_console.o
 .debug_info    0x000000000000d677      0xd01 build/postcar/lib/ext_stage_cache.o
 .debug_info    0x000000000000e378      0xed6 build/postcar/lib/fmap.o
 .debug_info    0x000000000000f24e      0x20d build/postcar/lib/gcc.o
 .debug_info    0x000000000000f45b       0x5b build/postcar/lib/halt.o
 .debug_info    0x000000000000f4b6     0x2131 build/postcar/lib/imd.o
 .debug_info    0x00000000000115e7      0xb4e build/postcar/lib/imd_cbmem.o
 .debug_info    0x0000000000012135      0x2c8 build/postcar/lib/lzma.o
 .debug_info    0x00000000000123fd      0x662 build/postcar/lib/lzmadecode.o
 .debug_info    0x0000000000012a5f      0x10c build/postcar/lib/memcmp.o
 .debug_info    0x0000000000012b6b      0xf33 build/postcar/lib/prog_loaders.o
 .debug_info    0x0000000000013a9e      0x4d1 build/postcar/lib/prog_ops.o
 .debug_info    0x0000000000013f6f      0xee9 build/postcar/lib/rmodule.o
 .debug_info    0x0000000000014e58      0x20d build/postcar/lib/romstage_handoff.o
 .debug_info    0x0000000000015065      0x603 build/postcar/lib/string.o
 .debug_info    0x0000000000015668      0xccb build/postcar/lib/timestamp.o
 .debug_info    0x0000000000016333      0x1e0 build/postcar/lib/version.o
 .debug_info    0x0000000000016513      0xfc7 build/postcar/northbridge/intel/sandybridge/memmap.o
 .debug_info    0x00000000000174da      0xbc3 /home/rhylx/Repos/coreboot/util/crossgcc/xgcc/lib/gcc/i386-elf/8.3.0/libgcc.a(_udivdi3.o)
 .debug_info    0x000000000001809d      0xb08 /home/rhylx/Repos/coreboot/util/crossgcc/xgcc/lib/gcc/i386-elf/8.3.0/libgcc.a(_udivmoddi4.o)

.debug_abbrev   0x0000000000000000     0x6065
 .debug_abbrev  0x0000000000000000      0x1a3 build/postcar/arch/x86/boot.o
 .debug_abbrev  0x00000000000001a3       0x14 build/postcar/arch/x86/exit_car.o
 .debug_abbrev  0x00000000000001b7       0x14 build/postcar/arch/x86/gdt_init.o
 .debug_abbrev  0x00000000000001cb       0xbe build/postcar/arch/x86/memcpy.o
 .debug_abbrev  0x0000000000000289       0xd2 build/postcar/arch/x86/memmove.o
 .debug_abbrev  0x000000000000035b       0xe9 build/postcar/arch/x86/memset.o
 .debug_abbrev  0x0000000000000444       0xe8 build/postcar/arch/x86/mmap_boot.o
 .debug_abbrev  0x000000000000052c      0x14e build/postcar/arch/x86/postcar.o
 .debug_abbrev  0x000000000000067a      0x13e build/postcar/arch/x86/timestamp.o
 .debug_abbrev  0x00000000000007b8      0x4bd build/postcar/commonlib/cbfs.o
 .debug_abbrev  0x0000000000000c75      0x3a0 build/postcar/commonlib/lz4_wrapper.o
 .debug_abbrev  0x0000000000001015      0x42b build/postcar/commonlib/region.o
 .debug_abbrev  0x0000000000001440      0x19b build/postcar/console/console.o
 .debug_abbrev  0x00000000000015db       0xf6 build/postcar/console/die.o
 .debug_abbrev  0x00000000000016d1      0x2d7 build/postcar/console/init.o
 .debug_abbrev  0x00000000000019a8      0x1e2 build/postcar/console/post.o
 .debug_abbrev  0x0000000000001b8a      0x2ad build/postcar/console/printk.o
 .debug_abbrev  0x0000000000001e37      0x1f7 build/postcar/console/vtxprintf.o
 .debug_abbrev  0x000000000000202e       0x14 build/postcar/cpu/intel/car/non-evict/exit_car.o
 .debug_abbrev  0x0000000000002042      0x26f build/postcar/cpu/intel/common/fsb.o
 .debug_abbrev  0x00000000000022b1      0x116 build/postcar/cpu/x86/lapic/boot_cpu.o
 .debug_abbrev  0x00000000000023c7       0xb1 build/postcar/cpu/x86/mtrr/debug.o
 .debug_abbrev  0x0000000000002478      0x187 build/postcar/cpu/x86/smm/tseg_region.o
 .debug_abbrev  0x00000000000025ff      0x23e build/postcar/cpu/x86/tsc/delay_tsc.o
 .debug_abbrev  0x000000000000283d      0x29c build/postcar/device/pci_ops.o
 .debug_abbrev  0x0000000000002ad9      0x288 build/postcar/drivers/uart/uart8250io.o
 .debug_abbrev  0x0000000000002d61      0x1fd build/postcar/drivers/uart/util.o
 .debug_abbrev  0x0000000000002f5e      0x1a6 build/postcar/lib/boot_device.o
 .debug_abbrev  0x0000000000003104      0x3fd build/postcar/lib/cbfs.o
 .debug_abbrev  0x0000000000003501       0xd9 build/postcar/lib/cbmem_common.o
 .debug_abbrev  0x00000000000035da      0x25b build/postcar/lib/cbmem_console.o
 .debug_abbrev  0x0000000000003835      0x2cf build/postcar/lib/ext_stage_cache.o
 .debug_abbrev  0x0000000000003b04      0x331 build/postcar/lib/fmap.o
 .debug_abbrev  0x0000000000003e35       0xa7 build/postcar/lib/gcc.o
 .debug_abbrev  0x0000000000003edc       0x5a build/postcar/lib/halt.o
 .debug_abbrev  0x0000000000003f36      0x478 build/postcar/lib/imd.o
 .debug_abbrev  0x00000000000043ae      0x3a8 build/postcar/lib/imd_cbmem.o
 .debug_abbrev  0x0000000000004756      0x163 build/postcar/lib/lzma.o
 .debug_abbrev  0x00000000000048b9      0x19d build/postcar/lib/lzmadecode.o
 .debug_abbrev  0x0000000000004a56       0xda build/postcar/lib/memcmp.o
 .debug_abbrev  0x0000000000004b30      0x28e build/postcar/lib/prog_loaders.o
 .debug_abbrev  0x0000000000004dbe      0x1a1 build/postcar/lib/prog_ops.o
 .debug_abbrev  0x0000000000004f5f      0x2f8 build/postcar/lib/rmodule.o
 .debug_abbrev  0x0000000000005257      0x13a build/postcar/lib/romstage_handoff.o
 .debug_abbrev  0x0000000000005391      0x1ba build/postcar/lib/string.o
 .debug_abbrev  0x000000000000554b      0x3de build/postcar/lib/timestamp.o
 .debug_abbrev  0x0000000000005929       0x85 build/postcar/lib/version.o
 .debug_abbrev  0x00000000000059ae      0x296 build/postcar/northbridge/intel/sandybridge/memmap.o
 .debug_abbrev  0x0000000000005c44      0x23a /home/rhylx/Repos/coreboot/util/crossgcc/xgcc/lib/gcc/i386-elf/8.3.0/libgcc.a(_udivdi3.o)
 .debug_abbrev  0x0000000000005e7e      0x1e7 /home/rhylx/Repos/coreboot/util/crossgcc/xgcc/lib/gcc/i386-elf/8.3.0/libgcc.a(_udivmoddi4.o)

.debug_loc      0x0000000000000000     0xa5cf
 .debug_loc     0x0000000000000000       0x3c build/postcar/arch/x86/boot.o
 .debug_loc     0x000000000000003c       0x16 build/postcar/arch/x86/memmove.o
 .debug_loc     0x0000000000000052       0x46 build/postcar/arch/x86/memset.o
 .debug_loc     0x0000000000000098       0x1a build/postcar/arch/x86/timestamp.o
 .debug_loc     0x00000000000000b2      0x8af build/postcar/commonlib/cbfs.o
 .debug_loc     0x0000000000000961      0xba2 build/postcar/commonlib/lz4_wrapper.o
 .debug_loc     0x0000000000001503      0xaaf build/postcar/commonlib/region.o
 .debug_loc     0x0000000000001fb2       0x8d build/postcar/console/console.o
 .debug_loc     0x000000000000203f       0x24 build/postcar/console/die.o
 .debug_loc     0x0000000000002063       0x41 build/postcar/console/init.o
 .debug_loc     0x00000000000020a4       0x42 build/postcar/console/post.o
 .debug_loc     0x00000000000020e6      0x173 build/postcar/console/printk.o
 .debug_loc     0x0000000000002259      0xbb7 build/postcar/console/vtxprintf.o
 .debug_loc     0x0000000000002e10      0x57f build/postcar/cpu/intel/common/fsb.o
 .debug_loc     0x000000000000338f       0x68 build/postcar/cpu/x86/lapic/boot_cpu.o
 .debug_loc     0x00000000000033f7       0x23 build/postcar/cpu/x86/smm/tseg_region.o
 .debug_loc     0x000000000000341a      0x165 build/postcar/cpu/x86/tsc/delay_tsc.o
 .debug_loc     0x000000000000357f      0x280 build/postcar/device/pci_ops.o
 .debug_loc     0x00000000000037ff      0x391 build/postcar/drivers/uart/uart8250io.o
 .debug_loc     0x0000000000003b90      0x49f build/postcar/drivers/uart/util.o
 .debug_loc     0x000000000000402f       0xb6 build/postcar/lib/boot_device.o
 .debug_loc     0x00000000000040e5      0x530 build/postcar/lib/cbfs.o
 .debug_loc     0x0000000000004615       0x15 build/postcar/lib/cbmem_common.o
 .debug_loc     0x000000000000462a      0x222 build/postcar/lib/cbmem_console.o
 .debug_loc     0x000000000000484c      0x452 build/postcar/lib/ext_stage_cache.o
 .debug_loc     0x0000000000004c9e      0x2df build/postcar/lib/fmap.o
 .debug_loc     0x0000000000004f7d     0x1b78 build/postcar/lib/imd.o
 .debug_loc     0x0000000000006af5      0x1fa build/postcar/lib/imd_cbmem.o
 .debug_loc     0x0000000000006cef       0xa6 build/postcar/lib/lzma.o
 .debug_loc     0x0000000000006d95     0x1923 build/postcar/lib/lzmadecode.o
 .debug_loc     0x00000000000086b8      0x123 build/postcar/lib/memcmp.o
 .debug_loc     0x00000000000087db       0xec build/postcar/lib/prog_loaders.o
 .debug_loc     0x00000000000088c7       0x58 build/postcar/lib/prog_ops.o
 .debug_loc     0x000000000000891f      0x47f build/postcar/lib/rmodule.o
 .debug_loc     0x0000000000008d9e       0x81 build/postcar/lib/romstage_handoff.o
 .debug_loc     0x0000000000008e1f      0x65c build/postcar/lib/string.o
 .debug_loc     0x000000000000947b      0x283 build/postcar/lib/timestamp.o
 .debug_loc     0x00000000000096fe      0x12c build/postcar/northbridge/intel/sandybridge/memmap.o
 .debug_loc     0x000000000000982a      0x79c /home/rhylx/Repos/coreboot/util/crossgcc/xgcc/lib/gcc/i386-elf/8.3.0/libgcc.a(_udivdi3.o)
 .debug_loc     0x0000000000009fc6      0x609 /home/rhylx/Repos/coreboot/util/crossgcc/xgcc/lib/gcc/i386-elf/8.3.0/libgcc.a(_udivmoddi4.o)

.debug_aranges  0x0000000000000000      0xc08
 .debug_aranges
                0x0000000000000000       0x28 build/postcar/arch/x86/boot.o
 .debug_aranges
                0x0000000000000028       0x20 build/postcar/arch/x86/exit_car.o
 .debug_aranges
                0x0000000000000048       0x20 build/postcar/arch/x86/gdt_init.o
 .debug_aranges
                0x0000000000000068       0x20 build/postcar/arch/x86/memcpy.o
 .debug_aranges
                0x0000000000000088       0x20 build/postcar/arch/x86/memmove.o
 .debug_aranges
                0x00000000000000a8       0x20 build/postcar/arch/x86/memset.o
 .debug_aranges
                0x00000000000000c8       0x20 build/postcar/arch/x86/mmap_boot.o
 .debug_aranges
                0x00000000000000e8       0x28 build/postcar/arch/x86/postcar.o
 .debug_aranges
                0x0000000000000110       0x28 build/postcar/arch/x86/timestamp.o
 .debug_aranges
                0x0000000000000138       0x60 build/postcar/commonlib/cbfs.o
 .debug_aranges
                0x0000000000000198       0x38 build/postcar/commonlib/lz4_wrapper.o
 .debug_aranges
                0x00000000000001d0      0x120 build/postcar/commonlib/region.o
 .debug_aranges
                0x00000000000002f0       0x38 build/postcar/console/console.o
 .debug_aranges
                0x0000000000000328       0x28 build/postcar/console/die.o
 .debug_aranges
                0x0000000000000350       0x28 build/postcar/console/init.o
 .debug_aranges
                0x0000000000000378       0x28 build/postcar/console/post.o
 .debug_aranges
                0x00000000000003a0       0x60 build/postcar/console/printk.o
 .debug_aranges
                0x0000000000000400       0x28 build/postcar/console/vtxprintf.o
 .debug_aranges
                0x0000000000000428       0x20 build/postcar/cpu/intel/car/non-evict/exit_car.o
 .debug_aranges
                0x0000000000000448       0x38 build/postcar/cpu/intel/common/fsb.o
 .debug_aranges
                0x0000000000000480       0x20 build/postcar/cpu/x86/lapic/boot_cpu.o
 .debug_aranges
                0x00000000000004a0       0x20 build/postcar/cpu/x86/mtrr/debug.o
 .debug_aranges
                0x00000000000004c0       0x30 build/postcar/cpu/x86/smm/tseg_region.o
 .debug_aranges
                0x00000000000004f0       0x30 build/postcar/cpu/x86/tsc/delay_tsc.o
 .debug_aranges
                0x0000000000000520       0x30 build/postcar/device/pci_ops.o
 .debug_aranges
                0x0000000000000550       0x48 build/postcar/drivers/uart/uart8250io.o
 .debug_aranges
                0x0000000000000598       0x38 build/postcar/drivers/uart/util.o
 .debug_aranges
                0x00000000000005d0       0x38 build/postcar/lib/boot_device.o
 .debug_aranges
                0x0000000000000608       0x78 build/postcar/lib/cbfs.o
 .debug_aranges
                0x0000000000000680       0x20 build/postcar/lib/cbmem_common.o
 .debug_aranges
                0x00000000000006a0       0x30 build/postcar/lib/cbmem_console.o
 .debug_aranges
                0x00000000000006d0       0x40 build/postcar/lib/ext_stage_cache.o
 .debug_aranges
                0x0000000000000710       0x60 build/postcar/lib/fmap.o
 .debug_aranges
                0x0000000000000770       0x38 build/postcar/lib/gcc.o
 .debug_aranges
                0x00000000000007a8       0x20 build/postcar/lib/halt.o
 .debug_aranges
                0x00000000000007c8       0xd8 build/postcar/lib/imd.o
 .debug_aranges
                0x00000000000008a0       0x98 build/postcar/lib/imd_cbmem.o
 .debug_aranges
                0x0000000000000938       0x20 build/postcar/lib/lzma.o
 .debug_aranges
                0x0000000000000958       0x28 build/postcar/lib/lzmadecode.o
 .debug_aranges
                0x0000000000000980       0x20 build/postcar/lib/memcmp.o
 .debug_aranges
                0x00000000000009a0       0x38 build/postcar/lib/prog_loaders.o
 .debug_aranges
                0x00000000000009d8       0x38 build/postcar/lib/prog_ops.o
 .debug_aranges
                0x0000000000000a10       0x60 build/postcar/lib/rmodule.o
 .debug_aranges
                0x0000000000000a70       0x28 build/postcar/lib/romstage_handoff.o
 .debug_aranges
                0x0000000000000a98       0x88 build/postcar/lib/string.o
 .debug_aranges
                0x0000000000000b20       0x60 build/postcar/lib/timestamp.o
 .debug_aranges
                0x0000000000000b80       0x18 build/postcar/lib/version.o
 .debug_aranges
                0x0000000000000b98       0x30 build/postcar/northbridge/intel/sandybridge/memmap.o
 .debug_aranges
                0x0000000000000bc8       0x20 /home/rhylx/Repos/coreboot/util/crossgcc/xgcc/lib/gcc/i386-elf/8.3.0/libgcc.a(_udivdi3.o)
 .debug_aranges
                0x0000000000000be8       0x20 /home/rhylx/Repos/coreboot/util/crossgcc/xgcc/lib/gcc/i386-elf/8.3.0/libgcc.a(_udivmoddi4.o)

.debug_ranges   0x0000000000000000     0x1b80
 .debug_ranges  0x0000000000000000       0x18 build/postcar/arch/x86/boot.o
 .debug_ranges  0x0000000000000018       0x10 build/postcar/arch/x86/memcpy.o
 .debug_ranges  0x0000000000000028       0x10 build/postcar/arch/x86/memmove.o
 .debug_ranges  0x0000000000000038       0x10 build/postcar/arch/x86/memset.o
 .debug_ranges  0x0000000000000048       0x10 build/postcar/arch/x86/mmap_boot.o
 .debug_ranges  0x0000000000000058       0x18 build/postcar/arch/x86/postcar.o
 .debug_ranges  0x0000000000000070       0x18 build/postcar/arch/x86/timestamp.o
 .debug_ranges  0x0000000000000088      0x1b0 build/postcar/commonlib/cbfs.o
 .debug_ranges  0x0000000000000238      0x1b0 build/postcar/commonlib/lz4_wrapper.o
 .debug_ranges  0x00000000000003e8      0x1c8 build/postcar/commonlib/region.o
 .debug_ranges  0x00000000000005b0       0x78 build/postcar/console/console.o
 .debug_ranges  0x0000000000000628       0x18 build/postcar/console/die.o
 .debug_ranges  0x0000000000000640       0x58 build/postcar/console/init.o
 .debug_ranges  0x0000000000000698       0x30 build/postcar/console/post.o
 .debug_ranges  0x00000000000006c8       0x98 build/postcar/console/printk.o
 .debug_ranges  0x0000000000000760       0x30 build/postcar/console/vtxprintf.o
 .debug_ranges  0x0000000000000790       0xa0 build/postcar/cpu/intel/common/fsb.o
 .debug_ranges  0x0000000000000830       0x10 build/postcar/cpu/x86/lapic/boot_cpu.o
 .debug_ranges  0x0000000000000840       0x10 build/postcar/cpu/x86/mtrr/debug.o
 .debug_ranges  0x0000000000000850       0x20 build/postcar/cpu/x86/smm/tseg_region.o
 .debug_ranges  0x0000000000000870       0x50 build/postcar/cpu/x86/tsc/delay_tsc.o
 .debug_ranges  0x00000000000008c0      0x108 build/postcar/device/pci_ops.o
 .debug_ranges  0x00000000000009c8      0x1b8 build/postcar/drivers/uart/uart8250io.o
 .debug_ranges  0x0000000000000b80       0x78 build/postcar/drivers/uart/util.o
 .debug_ranges  0x0000000000000bf8       0x58 build/postcar/lib/boot_device.o
 .debug_ranges  0x0000000000000c50      0x168 build/postcar/lib/cbfs.o
 .debug_ranges  0x0000000000000db8       0x10 build/postcar/lib/cbmem_common.o
 .debug_ranges  0x0000000000000dc8       0x38 build/postcar/lib/cbmem_console.o
 .debug_ranges  0x0000000000000e00      0x140 build/postcar/lib/ext_stage_cache.o
 .debug_ranges  0x0000000000000f40      0x118 build/postcar/lib/fmap.o
 .debug_ranges  0x0000000000001058       0x28 build/postcar/lib/gcc.o
 .debug_ranges  0x0000000000001080       0x10 build/postcar/lib/halt.o
 .debug_ranges  0x0000000000001090      0x490 build/postcar/lib/imd.o
 .debug_ranges  0x0000000000001520       0xa0 build/postcar/lib/imd_cbmem.o
 .debug_ranges  0x00000000000015c0       0x10 build/postcar/lib/lzma.o
 .debug_ranges  0x00000000000015d0      0x128 build/postcar/lib/lzmadecode.o
 .debug_ranges  0x00000000000016f8       0x10 build/postcar/lib/memcmp.o
 .debug_ranges  0x0000000000001708       0x90 build/postcar/lib/prog_loaders.o
 .debug_ranges  0x0000000000001798       0x28 build/postcar/lib/prog_ops.o
 .debug_ranges  0x00000000000017c0      0x148 build/postcar/lib/rmodule.o
 .debug_ranges  0x0000000000001908       0x38 build/postcar/lib/romstage_handoff.o
 .debug_ranges  0x0000000000001940       0xa8 build/postcar/lib/string.o
 .debug_ranges  0x00000000000019e8       0xc8 build/postcar/lib/timestamp.o
 .debug_ranges  0x0000000000001ab0       0x88 build/postcar/northbridge/intel/sandybridge/memmap.o
 .debug_ranges  0x0000000000001b38       0x28 /home/rhylx/Repos/coreboot/util/crossgcc/xgcc/lib/gcc/i386-elf/8.3.0/libgcc.a(_udivdi3.o)
 .debug_ranges  0x0000000000001b60       0x20 /home/rhylx/Repos/coreboot/util/crossgcc/xgcc/lib/gcc/i386-elf/8.3.0/libgcc.a(_udivmoddi4.o)

.debug_line     0x0000000000000000     0x94f2
 .debug_line    0x0000000000000000      0x150 build/postcar/arch/x86/boot.o
 .debug_line    0x0000000000000150       0x73 build/postcar/arch/x86/exit_car.o
 .debug_line    0x00000000000001c3       0x48 build/postcar/arch/x86/gdt_init.o
 .debug_line    0x000000000000020b       0x83 build/postcar/arch/x86/memcpy.o
 .debug_line    0x000000000000028e       0x78 build/postcar/arch/x86/memmove.o
 .debug_line    0x0000000000000306       0xc5 build/postcar/arch/x86/memset.o
 .debug_line    0x00000000000003cb       0xa1 build/postcar/arch/x86/mmap_boot.o
 .debug_line    0x000000000000046c      0x14c build/postcar/arch/x86/postcar.o
 .debug_line    0x00000000000005b8       0xf5 build/postcar/arch/x86/timestamp.o
 .debug_line    0x00000000000006ad      0x738 build/postcar/commonlib/cbfs.o
 .debug_line    0x0000000000000de5      0x58b build/postcar/commonlib/lz4_wrapper.o
 .debug_line    0x0000000000001370      0xa04 build/postcar/commonlib/region.o
 .debug_line    0x0000000000001d74      0x2bf build/postcar/console/console.o
 .debug_line    0x0000000000002033       0xb7 build/postcar/console/die.o
 .debug_line    0x00000000000020ea      0x1e7 build/postcar/console/init.o
 .debug_line    0x00000000000022d1      0x107 build/postcar/console/post.o
 .debug_line    0x00000000000023d8      0x2f7 build/postcar/console/printk.o
 .debug_line    0x00000000000026cf      0x66c build/postcar/console/vtxprintf.o
 .debug_line    0x0000000000002d3b       0x67 build/postcar/cpu/intel/car/non-evict/exit_car.o
 .debug_line    0x0000000000002da2      0x3fa build/postcar/cpu/intel/common/fsb.o
 .debug_line    0x000000000000319c       0xa7 build/postcar/cpu/x86/lapic/boot_cpu.o
 .debug_line    0x0000000000003243       0xa6 build/postcar/cpu/x86/mtrr/debug.o
 .debug_line    0x00000000000032e9      0x225 build/postcar/cpu/x86/smm/tseg_region.o
 .debug_line    0x000000000000350e      0x223 build/postcar/cpu/x86/tsc/delay_tsc.o
 .debug_line    0x0000000000003731      0x285 build/postcar/device/pci_ops.o
 .debug_line    0x00000000000039b6      0x454 build/postcar/drivers/uart/uart8250io.o
 .debug_line    0x0000000000003e0a      0x29e build/postcar/drivers/uart/util.o
 .debug_line    0x00000000000040a8      0x151 build/postcar/lib/boot_device.o
 .debug_line    0x00000000000041f9      0x737 build/postcar/lib/cbfs.o
 .debug_line    0x0000000000004930       0xb2 build/postcar/lib/cbmem_common.o
 .debug_line    0x00000000000049e2      0x23c build/postcar/lib/cbmem_console.o
 .debug_line    0x0000000000004c1e      0x459 build/postcar/lib/ext_stage_cache.o
 .debug_line    0x0000000000005077      0x4b8 build/postcar/lib/fmap.o
 .debug_line    0x000000000000552f       0x8e build/postcar/lib/gcc.o
 .debug_line    0x00000000000055bd       0x81 build/postcar/lib/halt.o
 .debug_line    0x000000000000563e      0xf47 build/postcar/lib/imd.o
 .debug_line    0x0000000000006585      0x46b build/postcar/lib/imd_cbmem.o
 .debug_line    0x00000000000069f0      0x115 build/postcar/lib/lzma.o
 .debug_line    0x0000000000006b05      0xe54 build/postcar/lib/lzmadecode.o
 .debug_line    0x0000000000007959       0x92 build/postcar/lib/memcmp.o
 .debug_line    0x00000000000079eb      0x367 build/postcar/lib/prog_loaders.o
 .debug_line    0x0000000000007d52      0x108 build/postcar/lib/prog_ops.o
 .debug_line    0x0000000000007e5a      0x5c7 build/postcar/lib/rmodule.o
 .debug_line    0x0000000000008421      0x13e build/postcar/lib/romstage_handoff.o
 .debug_line    0x000000000000855f      0x412 build/postcar/lib/string.o
 .debug_line    0x0000000000008971      0x427 build/postcar/lib/timestamp.o
 .debug_line    0x0000000000008d98       0x4b build/postcar/lib/version.o
 .debug_line    0x0000000000008de3      0x277 build/postcar/northbridge/intel/sandybridge/memmap.o
 .debug_line    0x000000000000905a      0x214 /home/rhylx/Repos/coreboot/util/crossgcc/xgcc/lib/gcc/i386-elf/8.3.0/libgcc.a(_udivdi3.o)
 .debug_line    0x000000000000926e      0x284 /home/rhylx/Repos/coreboot/util/crossgcc/xgcc/lib/gcc/i386-elf/8.3.0/libgcc.a(_udivmoddi4.o)

.debug_str      0x0000000000000000     0x77a6
 .debug_str     0x0000000000000000      0x55d build/postcar/arch/x86/boot.o
                                        0x63a (size before relaxing)
 .debug_str     0x000000000000055d       0x26 build/postcar/arch/x86/exit_car.o
                                         0x41 (size before relaxing)
 .debug_str     0x0000000000000583       0x18 build/postcar/arch/x86/gdt_init.o
                                         0x41 (size before relaxing)
 .debug_str     0x000000000000059b       0x22 build/postcar/arch/x86/memcpy.o
                                        0x167 (size before relaxing)
 .debug_str     0x00000000000005bd       0x1f build/postcar/arch/x86/memmove.o
                                        0x169 (size before relaxing)
 .debug_str     0x00000000000005dc       0x2d build/postcar/arch/x86/memset.o
                                        0x1d7 (size before relaxing)
 .debug_str     0x0000000000000609       0x3b build/postcar/arch/x86/mmap_boot.o
                                        0x2a5 (size before relaxing)
 .debug_str     0x0000000000000644      0x88e build/postcar/arch/x86/postcar.o
                                        0xb32 (size before relaxing)
 .debug_str     0x0000000000000ed2       0x66 build/postcar/arch/x86/timestamp.o
                                        0x232 (size before relaxing)
 .debug_str     0x0000000000000f38     0x274f build/postcar/commonlib/cbfs.o
                                       0x2a32 (size before relaxing)
 .debug_str     0x0000000000003687      0x2dd build/postcar/commonlib/lz4_wrapper.o
                                        0x4eb (size before relaxing)
 .debug_str     0x0000000000003964      0x387 build/postcar/commonlib/region.o
                                        0x6a2 (size before relaxing)
 .debug_str     0x0000000000003ceb      0x1a5 build/postcar/console/console.o
                                        0x3c6 (size before relaxing)
 .debug_str     0x0000000000003e90       0x44 build/postcar/console/die.o
                                        0x1ec (size before relaxing)
 .debug_str     0x0000000000003ed4      0x8eb build/postcar/console/init.o
                                        0xbbc (size before relaxing)
 .debug_str     0x00000000000047bf       0x31 build/postcar/console/post.o
                                        0x7c4 (size before relaxing)
 .debug_str     0x00000000000047f0      0x150 build/postcar/console/printk.o
                                        0x3df (size before relaxing)
 .debug_str     0x0000000000004940       0x6a build/postcar/console/vtxprintf.o
                                        0x268 (size before relaxing)
 .debug_str     0x00000000000049aa       0x27 build/postcar/cpu/intel/car/non-evict/exit_car.o
                                         0x50 (size before relaxing)
 .debug_str     0x00000000000049d1       0xe7 build/postcar/cpu/intel/common/fsb.o
                                        0x2df (size before relaxing)
 .debug_str     0x0000000000004ab8       0x1d build/postcar/cpu/x86/lapic/boot_cpu.o
                                        0x1ea (size before relaxing)
 .debug_str     0x0000000000004ad5       0x6a build/postcar/cpu/x86/mtrr/debug.o
                                        0x238 (size before relaxing)
 .debug_str     0x0000000000004b3f       0xea build/postcar/cpu/x86/smm/tseg_region.o
                                        0x392 (size before relaxing)
 .debug_str     0x0000000000004c29       0xe1 build/postcar/cpu/x86/tsc/delay_tsc.o
                                        0x2e1 (size before relaxing)
 .debug_str     0x0000000000004d0a       0xec build/postcar/device/pci_ops.o
                                        0x964 (size before relaxing)
 .debug_str     0x0000000000004df6      0x175 build/postcar/drivers/uart/uart8250io.o
                                        0x386 (size before relaxing)
 .debug_str     0x0000000000004f6b       0xa0 build/postcar/drivers/uart/util.o
                                        0x300 (size before relaxing)
 .debug_str     0x000000000000500b       0xd1 build/postcar/lib/boot_device.o
                                        0x35d (size before relaxing)
 .debug_str     0x00000000000050dc      0x265 build/postcar/lib/cbfs.o
                                       0x11e4 (size before relaxing)
 .debug_str     0x0000000000005341       0x59 build/postcar/lib/cbmem_common.o
                                        0x4a8 (size before relaxing)
 .debug_str     0x000000000000539a      0x11e build/postcar/lib/cbmem_console.o
                                        0x5cd (size before relaxing)
 .debug_str     0x00000000000054b8      0x1b8 build/postcar/lib/ext_stage_cache.o
                                        0x628 (size before relaxing)
 .debug_str     0x0000000000005670      0x1dc build/postcar/lib/fmap.o
                                        0x8ae (size before relaxing)
 .debug_str     0x000000000000584c       0x92 build/postcar/lib/gcc.o
                                        0x232 (size before relaxing)
 .debug_str     0x00000000000058de        0xf build/postcar/lib/halt.o
                                        0x11d (size before relaxing)
 .debug_str     0x00000000000058ed      0x39a build/postcar/lib/imd.o
                                        0x6b4 (size before relaxing)
 .debug_str     0x0000000000005c87      0x60f build/postcar/lib/imd_cbmem.o
                                        0x9a0 (size before relaxing)
 .debug_str     0x0000000000006296       0xb6 build/postcar/lib/lzma.o
                                        0x2b8 (size before relaxing)
 .debug_str     0x000000000000634c      0x14e build/postcar/lib/lzmadecode.o
                                        0x3a2 (size before relaxing)
 .debug_str     0x000000000000649a       0x1b build/postcar/lib/memcmp.o
                                        0x182 (size before relaxing)
 .debug_str     0x00000000000064b5      0x12d build/postcar/lib/prog_loaders.o
                                       0x108a (size before relaxing)
 .debug_str     0x00000000000065e2       0x51 build/postcar/lib/prog_ops.o
                                        0x3cc (size before relaxing)
 .debug_str     0x0000000000006633      0x2ae build/postcar/lib/rmodule.o
                                        0x771 (size before relaxing)
 .debug_str     0x00000000000068e1       0x7c build/postcar/lib/romstage_handoff.o
                                        0x299 (size before relaxing)
 .debug_str     0x000000000000695d       0xc5 build/postcar/lib/string.o
                                        0x29d (size before relaxing)
 .debug_str     0x0000000000006a22      0x1ad build/postcar/lib/timestamp.o
                                        0xf26 (size before relaxing)
 .debug_str     0x0000000000006bcf       0x12 build/postcar/lib/version.o
                                        0x263 (size before relaxing)
 .debug_str     0x0000000000006be1      0x199 build/postcar/northbridge/intel/sandybridge/memmap.o
                                        0xabe (size before relaxing)
 .debug_str     0x0000000000006d7a      0xa2c /home/rhylx/Repos/coreboot/util/crossgcc/xgcc/lib/gcc/i386-elf/8.3.0/libgcc.a(_udivdi3.o)
                                        0xb42 (size before relaxing)
 .debug_str     0x00000000000077a6      0xb38 /home/rhylx/Repos/coreboot/util/crossgcc/xgcc/lib/gcc/i386-elf/8.3.0/libgcc.a(_udivmoddi4.o)
