Archive member included to satisfy reference by file (symbol)

/home/rhylx/Repos/coreboot/util/crossgcc/xgcc/lib/gcc/i386-elf/8.3.0/libgcc.a(_divdi3.o)
                              build/postcar/lib/gcc.o (__divdi3)
/home/rhylx/Repos/coreboot/util/crossgcc/xgcc/lib/gcc/i386-elf/8.3.0/libgcc.a(_moddi3.o)
                              build/postcar/lib/gcc.o (__moddi3)
/home/rhylx/Repos/coreboot/util/crossgcc/xgcc/lib/gcc/i386-elf/8.3.0/libgcc.a(_udivdi3.o)
                              build/postcar/lib/gcc.o (__udivdi3)
/home/rhylx/Repos/coreboot/util/crossgcc/xgcc/lib/gcc/i386-elf/8.3.0/libgcc.a(_umoddi3.o)
                              build/postcar/lib/gcc.o (__umoddi3)
/home/rhylx/Repos/coreboot/util/crossgcc/xgcc/lib/gcc/i386-elf/8.3.0/libgcc.a(_udivmoddi4.o)
                              build/postcar/console/vtxprintf.o (__udivmoddi4)

Discarded input sections

 .text          0x0000000000000000        0x0 build/postcar/mainboard/emulation/qemu-i440fx/static.o
 .data          0x0000000000000000        0x0 build/postcar/mainboard/emulation/qemu-i440fx/static.o
 .bss           0x0000000000000000        0x0 build/postcar/mainboard/emulation/qemu-i440fx/static.o
 .rodata.dev_root
                0x0000000000000000       0x90 build/postcar/mainboard/emulation/qemu-i440fx/static.o
 .rodata.last_dev
                0x0000000000000000        0x4 build/postcar/mainboard/emulation/qemu-i440fx/static.o
 .rodata._dev10
                0x0000000000000000       0x90 build/postcar/mainboard/emulation/qemu-i440fx/static.o
 .rodata._dev9  0x0000000000000000       0x90 build/postcar/mainboard/emulation/qemu-i440fx/static.o
 .rodata._dev8  0x0000000000000000       0x90 build/postcar/mainboard/emulation/qemu-i440fx/static.o
 .rodata._dev6  0x0000000000000000       0x90 build/postcar/mainboard/emulation/qemu-i440fx/static.o
 .rodata._dev4  0x0000000000000000       0x90 build/postcar/mainboard/emulation/qemu-i440fx/static.o
 .rodata._dev5_links
                0x0000000000000000       0x24 build/postcar/mainboard/emulation/qemu-i440fx/static.o
 .rodata._dev5  0x0000000000000000       0x90 build/postcar/mainboard/emulation/qemu-i440fx/static.o
 .rodata._dev2_links
                0x0000000000000000       0x24 build/postcar/mainboard/emulation/qemu-i440fx/static.o
 .rodata._dev2  0x0000000000000000       0x90 build/postcar/mainboard/emulation/qemu-i440fx/static.o
 .rodata.dev_root_links
                0x0000000000000000       0x24 build/postcar/mainboard/emulation/qemu-i440fx/static.o
 .rodata.southbridge_intel_i82371eb_info_7
                0x0000000000000000        0xc build/postcar/mainboard/emulation/qemu-i440fx/static.o
 .debug_info    0x0000000000000000      0xcd2 build/postcar/mainboard/emulation/qemu-i440fx/static.o
 .debug_abbrev  0x0000000000000000      0x189 build/postcar/mainboard/emulation/qemu-i440fx/static.o
 .debug_aranges
                0x0000000000000000       0x18 build/postcar/mainboard/emulation/qemu-i440fx/static.o
 .debug_line    0x0000000000000000      0x127 build/postcar/mainboard/emulation/qemu-i440fx/static.o
 .debug_str     0x0000000000000000      0xa35 build/postcar/mainboard/emulation/qemu-i440fx/static.o
 .comment       0x0000000000000000       0x38 build/postcar/mainboard/emulation/qemu-i440fx/static.o
 .text          0x0000000000000000        0x0 build/postcar/arch/x86/boot.o
 .data          0x0000000000000000        0x0 build/postcar/arch/x86/boot.o
 .bss           0x0000000000000000        0x0 build/postcar/arch/x86/boot.o
 .rodata.payload_arch_usable_ram_quirk.str1.1
                0x0000000000000000       0x4f build/postcar/arch/x86/boot.o
 .text.payload_arch_usable_ram_quirk
                0x0000000000000000       0x53 build/postcar/arch/x86/boot.o
 .comment       0x0000000000000000       0x38 build/postcar/arch/x86/boot.o
 .eh_frame      0x0000000000000000       0x70 build/postcar/arch/x86/boot.o
 .text          0x0000000000000000        0x0 build/postcar/arch/x86/cbfs_and_run.o
 .data          0x0000000000000000        0x0 build/postcar/arch/x86/cbfs_and_run.o
 .bss           0x0000000000000000        0x0 build/postcar/arch/x86/cbfs_and_run.o
 .text.copy_and_run
                0x0000000000000000        0x5 build/postcar/arch/x86/cbfs_and_run.o
 .debug_info    0x0000000000000000      0x2a8 build/postcar/arch/x86/cbfs_and_run.o
 .debug_abbrev  0x0000000000000000       0xf8 build/postcar/arch/x86/cbfs_and_run.o
 .debug_aranges
                0x0000000000000000       0x20 build/postcar/arch/x86/cbfs_and_run.o
 .debug_ranges  0x0000000000000000       0x10 build/postcar/arch/x86/cbfs_and_run.o
 .debug_line    0x0000000000000000       0xa9 build/postcar/arch/x86/cbfs_and_run.o
 .debug_str     0x0000000000000000      0x2b3 build/postcar/arch/x86/cbfs_and_run.o
 .comment       0x0000000000000000       0x38 build/postcar/arch/x86/cbfs_and_run.o
 .eh_frame      0x0000000000000000       0x2c build/postcar/arch/x86/cbfs_and_run.o
[...]
Memory Configuration

Name             Origin             Length             Attributes
*default*        0x0000000000000000 0xffffffffffffffff

Linker script and memory map

START GROUP
LOAD build/postcar/mainboard/emulation/qemu-i440fx/static.o
LOAD build/postcar/arch/x86/boot.o
LOAD build/postcar/arch/x86/cbfs_and_run.o
LOAD build/postcar/arch/x86/cbmem.o
LOAD build/postcar/arch/x86/cf9_reset.o
LOAD build/postcar/arch/x86/cpu_common.o
LOAD build/postcar/arch/x86/exit_car.o
LOAD build/postcar/arch/x86/gdt_init.o
LOAD build/postcar/arch/x86/memcpy.o
LOAD build/postcar/arch/x86/memmove.o
LOAD build/postcar/arch/x86/memset.o
LOAD build/postcar/arch/x86/mmap_boot.o
LOAD build/postcar/arch/x86/postcar.o
LOAD build/postcar/arch/x86/timestamp.o
LOAD build/postcar/commonlib/cbfs.o
LOAD build/postcar/commonlib/iobuf.o
LOAD build/postcar/commonlib/lz4_wrapper.o
LOAD build/postcar/commonlib/mem_pool.o
LOAD build/postcar/commonlib/region.o
LOAD build/postcar/console/console.o
LOAD build/postcar/console/die.o
LOAD build/postcar/console/init.o
LOAD build/postcar/console/post.o
LOAD build/postcar/console/printk.o
LOAD build/postcar/console/vsprintf.o
LOAD build/postcar/console/vtxprintf.o
LOAD build/postcar/cpu/x86/lapic/boot_cpu.o
LOAD build/postcar/cpu/x86/mtrr/debug.o
LOAD build/postcar/cpu/x86/pae/pgtbl.o
LOAD build/postcar/device/device_const.o
LOAD build/postcar/device/pci_early.o
LOAD build/postcar/device/pci_ops.o
LOAD build/postcar/drivers/emulation/qemu/qemu_debugcon.o
LOAD build/postcar/drivers/pc80/rtc/mc146818rtc.o
LOAD build/postcar/drivers/spi/bitbang.o
LOAD build/postcar/drivers/spi/spi-generic.o
LOAD build/postcar/drivers/uart/uart8250io.o
LOAD build/postcar/drivers/uart/util.o
LOAD build/postcar/lib/boot_device.o
LOAD build/postcar/lib/bootmode.o
LOAD build/postcar/lib/cbfs.o
LOAD build/postcar/lib/cbmem_common.o
LOAD build/postcar/lib/cbmem_console.o
LOAD build/postcar/lib/cbmem_stage_cache.o
LOAD build/postcar/lib/delay.o
LOAD build/postcar/lib/fmap.o
LOAD build/postcar/lib/gcc.o
LOAD build/postcar/lib/halt.o
LOAD build/postcar/lib/hexdump.o
LOAD build/postcar/lib/imd.o
LOAD build/postcar/lib/imd_cbmem.o
LOAD build/postcar/lib/libgcc.o
LOAD build/postcar/lib/lzma.o
LOAD build/postcar/lib/lzmadecode.o
LOAD build/postcar/lib/memchr.o
LOAD build/postcar/lib/memcmp.o
LOAD build/postcar/lib/prog_loaders.o
LOAD build/postcar/lib/prog_ops.o
LOAD build/postcar/lib/reset.o
LOAD build/postcar/lib/rmodule.o
LOAD build/postcar/lib/romstage_handoff.o
LOAD build/postcar/lib/string.o
LOAD build/postcar/lib/timestamp.o
LOAD build/postcar/lib/version.o
LOAD build/postcar/mainboard/emulation/qemu-i440fx/exit_car.o
LOAD build/postcar/mainboard/emulation/qemu-i440fx/fw_cfg.o
LOAD build/postcar/mainboard/emulation/qemu-i440fx/memory.o
LOAD build/postcar/southbridge/intel/common/pmbase.o
LOAD build/postcar/southbridge/intel/common/reset.o
LOAD build/postcar/southbridge/intel/common/rtc.o
LOAD /home/rhylx/Repos/coreboot/util/crossgcc/xgcc/lib/gcc/i386-elf/8.3.0/libgcc.a
END GROUP
                0x0000000000000001                _ = ASSERT ((. <= 0x2000000), postcar overlaps the previous region!)
                0x0000000002000000                . = 0x2000000
                0x0000000002000000                _postcar = .
                0x0000000002100000                _epostcar = (_postcar + 0x100000)
                0x0000000000000001                _ = ASSERT (((_eprogram - _program) <= 0x100000), Aftercar exceeded its allotted size! (1M))

.text           0x0000000002000000     0x39f0
                0x0000000002000000                _program = .
                0x0000000002000000                _text = .
 *(.rom.text)
 *(.rom.data)
 *(.text._start)
 *(.text.stage_entry)
 *(.text)
 .text          0x0000000002000000       0x68 build/postcar/arch/x86/exit_car.o
                0x0000000002000000                _start
 .text          0x0000000002000068       0x28 build/postcar/arch/x86/gdt_init.o
                0x0000000002000068                gdtptr
 .text          0x0000000002000090        0x1 build/postcar/mainboard/emulation/qemu-i440fx/exit_car.o
                0x0000000002000090                chipset_teardown_car
 *fill*         0x0000000002000091        0x3 
 .text          0x0000000002000094      0x1d9 /home/rhylx/Repos/coreboot/util/crossgcc/xgcc/lib/gcc/i386-elf/8.3.0/libgcc.a(_udivmoddi4.o)
                0x0000000002000094                __udivmoddi4
 *(.text.*)
 .text.arch_prog_run
                0x000000000200026d        0xc build/postcar/arch/x86/boot.o
                0x000000000200026d                arch_prog_run
 .text._gdt_    0x0000000002000279        0x9 build/postcar/arch/x86/gdt_init.o
                0x0000000002000279                gdt_init
 .text.memcpy   0x0000000002000282       0x21 build/postcar/arch/x86/memcpy.o
                0x0000000002000282                memcpy
 *fill*         0x00000000020002a3        0xd 
 .text.memmove  0x00000000020002b0      0x185 build/postcar/arch/x86/memmove.o
                0x00000000020002b0                memmove
 .text.memset   0x0000000002000435       0x43 build/postcar/arch/x86/memset.o
                0x0000000002000435                memset
 .text.boot_device_ro
                0x0000000002000478        0x6 build/postcar/arch/x86/mmap_boot.o
                0x0000000002000478                boot_device_ro
 .text.late_car_teardown
                0x000000000200047e        0x1 build/postcar/arch/x86/postcar.o
                0x000000000200047e                late_car_teardown
 .text.startup.main
                0x000000000200047f       0x3d build/postcar/arch/x86/postcar.o
                0x000000000200047f                main
 .text.timestamp_get
                0x00000000020004bc        0x3 build/postcar/arch/x86/timestamp.o
                0x00000000020004bc                timestamp_get
 .text.read_be32
                0x00000000020004bf        0x5 build/postcar/commonlib/cbfs.o
 .text.cbfs_for_each_file
                0x00000000020004c4       0xbf build/postcar/commonlib/cbfs.o
                0x00000000020004c4                cbfs_for_each_file
 .text.cbfsf_file_type
                0x0000000002000583       0x33 build/postcar/commonlib/cbfs.o
                0x0000000002000583                cbfsf_file_type
 .text.cbfs_locate
                0x00000000020005b6       0xe4 build/postcar/commonlib/cbfs.o
                0x00000000020005b6                cbfs_locate
 .text.LZ4_wildCopy
                0x000000000200069a       0x1a build/postcar/commonlib/lz4_wrapper.o
 .text.ulz4fn.part.0
                0x00000000020006b4      0x36e build/postcar/commonlib/lz4_wrapper.o
 .text.ulz4fn   0x0000000002000a22       0x24 build/postcar/commonlib/lz4_wrapper.o
                0x0000000002000a22                ulz4fn
 .text.mdev_mmap
                0x0000000002000a46        0xc build/postcar/commonlib/region.o
 .text.mdev_munmap
                0x0000000002000a52        0x3 build/postcar/commonlib/region.o
 .text.mdev_readat
                0x0000000002000a55       0x25 build/postcar/commonlib/region.o
 .text.region_is_subregion
                0x0000000002000a7a       0x2c build/postcar/commonlib/region.o
                0x0000000002000a7a                region_is_subregion
 .text.normalize_and_ok
                0x0000000002000aa6        0xe build/postcar/commonlib/region.o
 .text.rdev_relative_offset
                0x0000000002000ab4       0x40 build/postcar/commonlib/region.o
                0x0000000002000ab4                rdev_relative_offset
 .text.rdev_mmap
                0x0000000002000af4       0x52 build/postcar/commonlib/region.o
                0x0000000002000af4                rdev_mmap
 .text.rdev_munmap
                0x0000000002000b46       0x1f build/postcar/commonlib/region.o
                0x0000000002000b46                rdev_munmap
 .text.rdev_readat
                0x0000000002000b65       0x4f build/postcar/commonlib/region.o
                0x0000000002000b65                rdev_readat
 .text.rdev_chain
                0x0000000002000bb4       0x58 build/postcar/commonlib/region.o
                0x0000000002000bb4                rdev_chain
 .text.console_hw_init
                0x0000000002000c0c       0x1b build/postcar/console/console.o
                0x0000000002000c0c                console_hw_init
 .text.console_tx_byte
                0x0000000002000c27       0x43 build/postcar/console/console.o
                0x0000000002000c27                console_tx_byte
 .text.console_tx_flush
                0x0000000002000c6a        0xe build/postcar/console/console.o
                0x0000000002000c6a                console_tx_flush
 .text.die_notify
                0x0000000002000c78        0x1 build/postcar/console/die.o
                0x0000000002000c78                die_notify
 .text.die      0x0000000002000c79       0x1e build/postcar/console/die.o
                0x0000000002000c79                die
 .text.console_log_level
                0x0000000002000c97       0x2b build/postcar/console/init.o
                0x0000000002000c97                console_log_level
 .text.console_init
                0x0000000002000cc2       0x43 build/postcar/console/init.o
                0x0000000002000cc2                console_init
 .text.mainboard_post
                0x0000000002000d05        0x1 build/postcar/console/post.o
                0x0000000002000d05                mainboard_post
 .text.post_code
                0x0000000002000d06       0x12 build/postcar/console/post.o
                0x0000000002000d06                post_code
 .text.wrap_putchar
                0x0000000002000d18        0xe build/postcar/console/printk.o
 .text.wrap_putchar_cbmemc
                0x0000000002000d26        0xe build/postcar/console/printk.o
 .text.do_vprintk
                0x0000000002000d34       0x6f build/postcar/console/printk.o
                0x0000000002000d34                do_vprintk
 .text.lock     0x0000000002000da3       0x10 build/postcar/console/printk.o
 .text.do_printk
                0x0000000002000db3       0x1a build/postcar/console/printk.o
                0x0000000002000db3                do_printk
 .text.number   0x0000000002000dcd      0x2a7 build/postcar/console/vtxprintf.o
 .text.vtxprintf
                0x0000000002001074      0x454 build/postcar/console/vtxprintf.o
                0x0000000002001074                vtxprintf
 .text.boot_cpu
                0x00000000020014c8        0xe build/postcar/cpu/x86/lapic/boot_cpu.o
                0x00000000020014c8                boot_cpu
 .text.display_mtrrs
                0x00000000020014d6        0x1 build/postcar/cpu/x86/mtrr/debug.o
                0x00000000020014d6                display_mtrrs
 .text.qemu_debugcon_init
                0x00000000020014d7       0x39 build/postcar/drivers/emulation/qemu/qemu_debugcon.o
                0x00000000020014d7                qemu_debugcon_init
 .text.qemu_debugcon_tx_byte
                0x0000000002001510       0x14 build/postcar/drivers/emulation/qemu/qemu_debugcon.o
                0x0000000002001510                qemu_debugcon_tx_byte
 .text.uart_init
                0x0000000002001524       0x6e build/postcar/drivers/uart/uart8250io.o
                0x0000000002001524                uart_init
 .text.uart_tx_byte
                0x0000000002001592       0x33 build/postcar/drivers/uart/uart8250io.o
                0x0000000002001592                uart_tx_byte
 .text.uart_tx_flush
                0x00000000020015c5       0x23 build/postcar/drivers/uart/uart8250io.o
                0x00000000020015c5                uart_tx_flush
 .text.uart_baudrate_divisor
                0x00000000020015e8       0x17 build/postcar/drivers/uart/util.o
                0x00000000020015e8                uart_baudrate_divisor
 .text.uart_input_clock_divider
                0x00000000020015ff        0x6 build/postcar/drivers/uart/util.o
                0x00000000020015ff                uart_input_clock_divider
 .text.uart_platform_refclk
                0x0000000002001605        0x6 build/postcar/drivers/uart/util.o
                0x0000000002001605                uart_platform_refclk
 .text.boot_device_init
                0x000000000200160b        0x1 build/postcar/lib/boot_device.o
                0x000000000200160b                boot_device_init
 .text.cbfs_master_header_props
                0x000000000200160c       0x96 build/postcar/lib/cbfs.o
 .text.cbfs_load_and_decompress
                0x00000000020016a2       0xcf build/postcar/lib/cbfs.o
                0x00000000020016a2                cbfs_load_and_decompress
 .text.cbfs_boot_region_properties
                0x0000000002001771       0x50 build/postcar/lib/cbfs.o
                0x0000000002001771                cbfs_boot_region_properties
 .text.cbfs_boot_locate
                0x00000000020017c1       0x7a build/postcar/lib/cbfs.o
                0x00000000020017c1                cbfs_boot_locate
 .text.cbfs_prepare_program_locate
                0x000000000200183b       0x1a build/postcar/lib/cbfs.o
                0x000000000200183b                cbfs_prepare_program_locate
 .text.cbmem_run_init_hooks
                0x0000000002001855       0x30 build/postcar/lib/cbmem_common.o
                0x0000000002001855                cbmem_run_init_hooks
 .text.cbmemc_init
                0x0000000002001885       0x3b build/postcar/lib/cbmem_console.o
                0x0000000002001885                cbmemc_init
 .text.cbmemc_tx_byte
                0x00000000020018c0       0x43 build/postcar/lib/cbmem_console.o
                0x00000000020018c0                cbmemc_tx_byte
 .text.cbmemc_reinit
                0x0000000002001903       0xdc build/postcar/lib/cbmem_console.o
 .text.stage_cache_add
                0x00000000020019df       0xb6 build/postcar/lib/cbmem_stage_cache.o
                0x00000000020019df                stage_cache_add
 .text.halt     0x0000000002001a95        0x3 build/postcar/lib/halt.o
                0x0000000002001a95                halt
 .text.imdr_recover
                0x0000000002001a98       0xb4 build/postcar/lib/imd.o
 .text.imdr_entry_find
                0x0000000002001b4c       0x30 build/postcar/lib/imd.o
 .text.imd_entry_to_imdr
                0x0000000002001b7c       0x3e build/postcar/lib/imd.o
 .text.imdr_entry_add
                0x0000000002001bba       0x74 build/postcar/lib/imd.o
 .text.imd_handle_init
                0x0000000002001c2e       0x26 build/postcar/lib/imd.o
                0x0000000002001c2e                imd_handle_init
 .text.imd_recover
                0x0000000002001c54       0x5e build/postcar/lib/imd.o
                0x0000000002001c54                imd_recover
 .text.imd_entry_add
                0x0000000002001cb2       0x5a build/postcar/lib/imd.o
                0x0000000002001cb2                imd_entry_add
 .text.imd_entry_find
                0x0000000002001d0c       0x24 build/postcar/lib/imd.o
                0x0000000002001d0c                imd_entry_find
 .text.imd_entry_find_or_add
                0x0000000002001d30       0x19 build/postcar/lib/imd.o
                0x0000000002001d30                imd_entry_find_or_add
 .text.imd_entry_at
                0x0000000002001d49       0x1e build/postcar/lib/imd.o
                0x0000000002001d49                imd_entry_at
 .text.cbmem_add
                0x0000000002001d67       0x36 build/postcar/lib/imd_cbmem.o
                0x0000000002001d67                cbmem_add
 .text.cbmem_initialize_id_size
                0x0000000002001d9d       0x5f build/postcar/lib/imd_cbmem.o
                0x0000000002001d9d                cbmem_initialize_id_size
 .text.cbmem_initialize
                0x0000000002001dfc       0x12 build/postcar/lib/imd_cbmem.o
                0x0000000002001dfc                cbmem_initialize
 .text.cbmem_find
                0x0000000002001e0e       0x2c build/postcar/lib/imd_cbmem.o
                0x0000000002001e0e                cbmem_find
 .text.ulzman   0x0000000002001e3a       0xba build/postcar/lib/lzma.o
                0x0000000002001e3a                ulzman
 .text.LzmaDecodeProperties
                0x0000000002001ef4       0x50 build/postcar/lib/lzmadecode.o
                0x0000000002001ef4                LzmaDecodeProperties
 .text.LzmaDecode
                0x0000000002001f44      0xcf2 build/postcar/lib/lzmadecode.o
                0x0000000002001f44                LzmaDecode
 .text.memcmp   0x0000000002002c36       0x26 build/postcar/lib/memcmp.o
                0x0000000002002c36                memcmp
 .text.prog_locate
                0x0000000002002c5c       0x57 build/postcar/lib/prog_loaders.o
                0x0000000002002c5c                prog_locate
 .text.run_ramstage
                0x0000000002002cb3       0xa8 build/postcar/lib/prog_loaders.o
                0x0000000002002cb3                run_ramstage
 .text.platform_segment_loaded
                0x0000000002002d5b        0x1 build/postcar/lib/prog_ops.o
                0x0000000002002d5b                platform_segment_loaded
 .text.arch_segment_loaded
                0x0000000002002d5c        0x1 build/postcar/lib/prog_ops.o
                0x0000000002002d5c                arch_segment_loaded
 .text.prog_segment_loaded
                0x0000000002002d5d       0x2f build/postcar/lib/prog_ops.o
                0x0000000002002d5d                prog_segment_loaded
 .text.platform_prog_run
                0x0000000002002d8c        0x1 build/postcar/lib/prog_ops.o
                0x0000000002002d8c                platform_prog_run
 .text.prog_run
                0x0000000002002d8d       0x1b build/postcar/lib/prog_ops.o
                0x0000000002002d8d                prog_run
 .text.rmodule_parse
                0x0000000002002da8       0x41 build/postcar/lib/rmodule.o
                0x0000000002002da8                rmodule_parse
 .text.rmodule_parameters
                0x0000000002002de9       0x1e build/postcar/lib/rmodule.o
                0x0000000002002de9                rmodule_parameters
 .text.rmodule_entry
                0x0000000002002e07       0x14 build/postcar/lib/rmodule.o
                0x0000000002002e07                rmodule_entry
 .text.rmodule_load
                0x0000000002002e1b       0xde build/postcar/lib/rmodule.o
                0x0000000002002e1b                rmodule_load
 .text.rmodule_calc_region
                0x0000000002002ef9       0x5a build/postcar/lib/rmodule.o
                0x0000000002002ef9                rmodule_calc_region
 .text.rmodule_stage_load
                0x0000000002002f53      0x129 build/postcar/lib/rmodule.o
                0x0000000002002f53                rmodule_stage_load
 .text.strnlen  0x000000000200307c       0x16 build/postcar/lib/string.o
                0x000000000200307c                strnlen
 .text.strcmp   0x0000000002003092       0x20 build/postcar/lib/string.o
                0x0000000002003092                strcmp
 .text.skip_atoi
                0x00000000020030b2       0x27 build/postcar/lib/string.o
                0x00000000020030b2                skip_atoi
 .text.timestamp_should_run
                0x00000000020030d9       0x14 build/postcar/lib/timestamp.o
 .text.timestamp_alloc_cbmem_table
                0x00000000020030ed       0x39 build/postcar/lib/timestamp.o
 .text.timestamp_table_get
                0x0000000002003126       0x2e build/postcar/lib/timestamp.o
 .text.timestamp_sync_cache_to_cbmem
                0x0000000002003154      0x10a build/postcar/lib/timestamp.o
 .text.timestamp_add
                0x000000000200325e       0x7b build/postcar/lib/timestamp.o
                0x000000000200325e                timestamp_add
 .text.timestamp_add_now
                0x00000000020032d9       0x18 build/postcar/lib/timestamp.o
                0x00000000020032d9                timestamp_add_now
 .text.fw_cfg_present
                0x00000000020032f1       0x76 build/postcar/mainboard/emulation/qemu-i440fx/fw_cfg.o
 .text.fw_cfg_find_file
                0x0000000002003367       0x8c build/postcar/mainboard/emulation/qemu-i440fx/fw_cfg.o
 .text.fw_cfg_tolud
                0x00000000020033f3       0x2d build/postcar/mainboard/emulation/qemu-i440fx/fw_cfg.o
                0x00000000020033f3                fw_cfg_tolud
 .text.qemu_get_memory_size
                0x0000000002003420       0x22 build/postcar/mainboard/emulation/qemu-i440fx/memory.o
                0x0000000002003420                qemu_get_memory_size
 .text.cbmem_top
                0x0000000002003442       0x18 build/postcar/mainboard/emulation/qemu-i440fx/memory.o
                0x0000000002003442                cbmem_top
                0x0000000002003460                . = ALIGN (0x8)
 *fill*         0x000000000200345a        0x6 
                0x0000000002003460                _cbmem_init_hooks = .
 *(.rodata.cbmem_init_hooks)
 .rodata.cbmem_init_hooks
                0x0000000002003460        0x4 build/postcar/lib/cbmem_console.o
 .rodata.cbmem_init_hooks
                0x0000000002003464        0x4 build/postcar/lib/timestamp.o
                0x0000000002003468                _ecbmem_init_hooks = .
                0x0000000002003468                . = ALIGN (0x8)
                0x0000000002003468                _rsbe_init_begin = .
 *(.rsbe_init)
                0x0000000002003468                _ersbe_init_begin = .
                0x0000000002003468                . = ALIGN (0x8)
 *(.rodata)
 *fill*         0x0000000002003468       0x18 
 .rodata        0x0000000002003480       0x40 build/postcar/commonlib/lz4_wrapper.o
 *(.rodata.*)
 .rodata.boot_dev
                0x00000000020034c0       0x14 build/postcar/arch/x86/mmap_boot.o
 .rodata.cbfs_for_each_file.str1.1
                0x00000000020034d4        0x9 build/postcar/commonlib/cbfs.o
 .rodata.cbfs_locate.str1.1
                0x00000000020034dd       0x4f build/postcar/commonlib/cbfs.o
 .rodata.mem_rdev_ro_ops
                0x000000000200352c       0x14 build/postcar/commonlib/region.o
                0x000000000200352c                mem_rdev_ro_ops
 .rodata.console_init.str1.1
                0x0000000002003540       0x38 build/postcar/console/init.o
 .rodata.number.str1.1
                0x0000000002003578       0x4a build/postcar/console/vtxprintf.o
 .rodata.vtxprintf.str1.1
                0x00000000020035c2        0x7 build/postcar/console/vtxprintf.o
 .rodata.qemu_debugcon_init.str1.1
                0x00000000020035c9       0x31 build/postcar/drivers/emulation/qemu/qemu_debugcon.o
 *fill*         0x00000000020035fa        0x2 
 .rodata.bases  0x00000000020035fc       0x10 build/postcar/drivers/uart/uart8250io.o
 .rodata.cbfs_master_header_props.str1.1
                0x000000000200360c       0x15 build/postcar/lib/cbfs.o
 .rodata.cbfs_boot_region_properties.str1.1
                0x0000000002003621       0x26 build/postcar/lib/cbfs.o
 .rodata.cbfs_boot_locate.str1.1
                0x0000000002003647       0x80 build/postcar/lib/cbfs.o
 .rodata.str1.1
                0x00000000020036c7       0x16 build/postcar/lib/cbfs.o
 *fill*         0x00000000020036dd        0x3 
 .rodata.cbfs_master_header_locator
                0x00000000020036e0        0xc build/postcar/lib/cbfs.o
                0x00000000020036e0                cbfs_master_header_locator
 .rodata.cbmemc_reinit.str1.1
                0x00000000020036ec       0x3f build/postcar/lib/cbmem_console.o
 .rodata.stage_cache_add.str1.1
                0x000000000200372b       0x51 build/postcar/lib/cbmem_stage_cache.o
 .rodata.ulzman.str1.1
                0x000000000200377c       0x64 build/postcar/lib/lzma.o
 .rodata.run_ramstage.str1.1
                0x00000000020037e0       0x2c build/postcar/lib/prog_loaders.o
 .rodata.addrspace_32bit
                0x000000000200380c       0x14 build/postcar/lib/prog_loaders.o
                0x000000000200380c                addrspace_32bit
 .rodata.rmodule_load.str1.1
                0x0000000002003820       0x94 build/postcar/lib/rmodule.o
 .rodata.rmodule_calc_region.str1.1
                0x00000000020038b4       0x40 build/postcar/lib/rmodule.o
 .rodata.rmodule_stage_load.str1.1
                0x00000000020038f4       0x2a build/postcar/lib/rmodule.o
 .rodata.timestamp_sync_cache_to_cbmem.str1.1
                0x000000000200391e       0x42 build/postcar/lib/timestamp.o
 .rodata.timestamp_add.str1.1
                0x0000000002003960       0x21 build/postcar/lib/timestamp.o
 *fill*         0x0000000002003981        0x3 
 .rodata.coreboot_build
                0x0000000002003984       0x1d build/postcar/lib/version.o
                0x0000000002003984                coreboot_build
 .rodata.coreboot_extra_version
                0x00000000020039a1        0x1 build/postcar/lib/version.o
                0x00000000020039a1                coreboot_extra_version
 *fill*         0x00000000020039a2        0x2 
 .rodata.coreboot_version
                0x00000000020039a4       0x15 build/postcar/lib/version.o
                0x00000000020039a4                coreboot_version
 .rodata.fw_cfg_present.str1.1
                0x00000000020039b9       0x24 build/postcar/mainboard/emulation/qemu-i440fx/fw_cfg.o
                                         0x37 (size before relaxing)
 .rodata.fw_cfg_tolud.str1.1
                0x00000000020039dd        0x9 build/postcar/mainboard/emulation/qemu-i440fx/fw_cfg.o
 *fill*         0x00000000020039e6        0x2 
 .rodata.qsig.3581
                0x00000000020039e8        0x5 build/postcar/mainboard/emulation/qemu-i440fx/fw_cfg.o
                0x00000000020039f0                . = ALIGN (0x8)
 *fill*         0x00000000020039ed        0x3 
                0x00000000020039f0                _etext = .

.iplt           0x00000000020039f0        0x0
 .iplt          0x00000000020039f0        0x0 build/postcar/mainboard/emulation/qemu-i440fx/static.o

.rel.dyn        0x00000000020039f0        0x0
 .rel.got       0x00000000020039f0        0x0 build/postcar/mainboard/emulation/qemu-i440fx/static.o
 .rel.iplt      0x00000000020039f0        0x0 build/postcar/mainboard/emulation/qemu-i440fx/static.o
 .rel.text.startup.main
                0x00000000020039f0        0x0 build/postcar/mainboard/emulation/qemu-i440fx/static.o
 .rel.text.die  0x00000000020039f0        0x0 build/postcar/mainboard/emulation/qemu-i440fx/static.o
 .rel.text.post_code
                0x00000000020039f0        0x0 build/postcar/mainboard/emulation/qemu-i440fx/static.o
 .rel.text.cbfs_boot_region_properties
                0x00000000020039f0        0x0 build/postcar/mainboard/emulation/qemu-i440fx/static.o
 .rel.text.cbfs_prepare_program_locate
                0x00000000020039f0        0x0 build/postcar/mainboard/emulation/qemu-i440fx/static.o
 .rel.text.cbmem_run_init_hooks
                0x00000000020039f0        0x0 build/postcar/mainboard/emulation/qemu-i440fx/static.o
 .rel.text.prog_segment_loaded
                0x00000000020039f0        0x0 build/postcar/mainboard/emulation/qemu-i440fx/static.o
 .rel.text.prog_run
                0x00000000020039f0        0x0 build/postcar/mainboard/emulation/qemu-i440fx/static.o

.data           0x00000000020039f0       0x20
                0x0000000002003a00                . = ALIGN (0x40)
 *fill*         0x00000000020039f0       0x10 
                0x0000000002003a00                _data = .
                0x0000000002003a00                _rmodule_params = .
 *(.module_parameters)
 .module_parameters
                0x0000000002003a00        0x8 build/postcar/arch/x86/exit_car.o
                0x0000000002003a00                post_car_stack_top
                0x0000000002003a08                _ermodule_params = .
 *(.data)
 *(.data.*)
 .data.console_loglevel
                0x0000000002003a08        0x4 build/postcar/console/init.o
 .data.console_lock
                0x0000000002003a0c        0x4 build/postcar/console/printk.o
 *(.sdata)
 *(.sdata.*)
                0x0000000002003a10                . = ALIGN (0x8)
                0x0000000002003a10                _edata = .

.got            0x0000000002003a10        0x0
 .got           0x0000000002003a10        0x0 build/postcar/mainboard/emulation/qemu-i440fx/static.o

.got.plt        0x0000000002003a10        0x0
 .got.plt       0x0000000002003a10        0x0 build/postcar/mainboard/emulation/qemu-i440fx/static.o

.igot.plt       0x0000000002003a10        0x0
 .igot.plt      0x0000000002003a10        0x0 build/postcar/mainboard/emulation/qemu-i440fx/static.o

.bss            0x0000000002003a10     0x4388
                0x0000000002003a10                . = ALIGN (0x8)
                0x0000000002003a10                _bss = .
 *(.bss)
 *(.bss.*)
 .bss.console_inited
                0x0000000002003a10        0x4 build/postcar/console/init.o
 .bss.qemu_debugcon_detected
                0x0000000002003a14        0x4 build/postcar/drivers/emulation/qemu/qemu_debugcon.o
 *fill*         0x0000000002003a18        0x8 
 .bss.static_console
                0x0000000002003a20      0x400 build/postcar/lib/cbmem_console.o
 .bss.cbmem_console_p
                0x0000000002003e20        0x4 build/postcar/lib/cbmem_console.o
 .bss.imd_cbmem.1915
                0x0000000002003e24       0x10 build/postcar/lib/imd_cbmem.o
 *fill*         0x0000000002003e34        0xc 
 .bss.scratchpad.1331
                0x0000000002003e40     0x3e6c build/postcar/lib/lzma.o
 .bss.ts_table.1809
                0x0000000002007cac        0x4 build/postcar/lib/timestamp.o
 *fill*         0x0000000002007cb0       0x10 
 .bss.timestamp_cache
                0x0000000002007cc0       0xd4 build/postcar/lib/timestamp.o
 .bss.fw_cfg_detected
                0x0000000002007d94        0x4 build/postcar/mainboard/emulation/qemu-i440fx/fw_cfg.o
 *(.sbss)
 *(.sbss.*)
                0x0000000002007d98                . = ALIGN (0x8)
                0x0000000002007d98                _ebss = .
                0x0000000002007d98                _eprogram = .
                0x0000000000000000                zeroptr = 0x0

/DISCARD/
 *(.comment)
 *(.comment.*)
 *(.note)
 *(.note.*)
 *(.eh_frame)
OUTPUT(build/cbfs/fallback/postcar.debug elf32-i386)

.debug_info     0x0000000000000000    0x16739
 .debug_info    0x0000000000000000      0x66c build/postcar/arch/x86/boot.o
 .debug_info    0x000000000000066c       0x26 build/postcar/arch/x86/exit_car.o
 .debug_info    0x0000000000000692       0x26 build/postcar/arch/x86/gdt_init.o
 .debug_info    0x00000000000006b8       0xdc build/postcar/arch/x86/memcpy.o
 .debug_info    0x0000000000000794      0x117 build/postcar/arch/x86/memmove.o
 .debug_info    0x00000000000008ab      0x126 build/postcar/arch/x86/memset.o
 .debug_info    0x00000000000009d1      0x2a4 build/postcar/arch/x86/mmap_boot.o
 .debug_info    0x0000000000000c75      0x614 build/postcar/arch/x86/postcar.o
 .debug_info    0x0000000000001289      0x15b build/postcar/arch/x86/timestamp.o
 .debug_info    0x00000000000013e4     0x1d28 build/postcar/commonlib/cbfs.o
 .debug_info    0x000000000000310c      0xce6 build/postcar/commonlib/lz4_wrapper.o
 .debug_info    0x0000000000003df2     0x193e build/postcar/commonlib/region.o
 .debug_info    0x0000000000005730      0x44e build/postcar/console/console.o
 .debug_info    0x0000000000005b7e      0x12b build/postcar/console/die.o
 .debug_info    0x0000000000005ca9      0xea9 build/postcar/console/init.o
 .debug_info    0x0000000000006b52      0xa28 build/postcar/console/post.o
 .debug_info    0x000000000000757a      0x3d1 build/postcar/console/printk.o
 .debug_info    0x000000000000794b      0x44c build/postcar/console/vtxprintf.o
 .debug_info    0x0000000000007d97      0x15f build/postcar/cpu/x86/lapic/boot_cpu.o
 .debug_info    0x0000000000007ef6       0x9c build/postcar/cpu/x86/mtrr/debug.o
 .debug_info    0x0000000000007f92      0x1d0 build/postcar/drivers/emulation/qemu/qemu_debugcon.o
 .debug_info    0x0000000000008162      0x81c build/postcar/drivers/uart/uart8250io.o
 .debug_info    0x000000000000897e      0x283 build/postcar/drivers/uart/util.o
 .debug_info    0x0000000000008c01      0x47c build/postcar/lib/boot_device.o
 .debug_info    0x000000000000907d     0x17e4 build/postcar/lib/cbfs.o
 .debug_info    0x000000000000a861      0x378 build/postcar/lib/cbmem_common.o
 .debug_info    0x000000000000abd9      0x88b build/postcar/lib/cbmem_console.o
 .debug_info    0x000000000000b464      0xaee build/postcar/lib/cbmem_stage_cache.o
 .debug_info    0x000000000000bf52       0x5b build/postcar/lib/halt.o
 .debug_info    0x000000000000bfad     0x212a build/postcar/lib/imd.o
 .debug_info    0x000000000000e0d7     0x1158 build/postcar/lib/imd_cbmem.o
 .debug_info    0x000000000000f22f      0x2c1 build/postcar/lib/lzma.o
 .debug_info    0x000000000000f4f0      0x65b build/postcar/lib/lzmadecode.o
 .debug_info    0x000000000000fb4b      0x10c build/postcar/lib/memcmp.o
 .debug_info    0x000000000000fc57      0xcb8 build/postcar/lib/prog_loaders.o
 .debug_info    0x000000000001090f      0x4c4 build/postcar/lib/prog_ops.o
 .debug_info    0x0000000000010dd3      0xed0 build/postcar/lib/rmodule.o
 .debug_info    0x0000000000011ca3      0x499 build/postcar/lib/string.o
 .debug_info    0x000000000001213c      0xe7a build/postcar/lib/timestamp.o
 .debug_info    0x0000000000012fb6      0x1e0 build/postcar/lib/version.o
 .debug_info    0x0000000000013196       0x26 build/postcar/mainboard/emulation/qemu-i440fx/exit_car.o
 .debug_info    0x00000000000131bc     0x269c build/postcar/mainboard/emulation/qemu-i440fx/fw_cfg.o
 .debug_info    0x0000000000015858      0x3d9 build/postcar/mainboard/emulation/qemu-i440fx/memory.o
 .debug_info    0x0000000000015c31      0xb08 /home/rhylx/Repos/coreboot/util/crossgcc/xgcc/lib/gcc/i386-elf/8.3.0/libgcc.a(_udivmoddi4.o)

.debug_abbrev   0x0000000000000000     0x5511
 .debug_abbrev  0x0000000000000000      0x17e build/postcar/arch/x86/boot.o
 .debug_abbrev  0x000000000000017e       0x14 build/postcar/arch/x86/exit_car.o
 .debug_abbrev  0x0000000000000192       0x14 build/postcar/arch/x86/gdt_init.o
 .debug_abbrev  0x00000000000001a6       0xbe build/postcar/arch/x86/memcpy.o
 .debug_abbrev  0x0000000000000264       0xd2 build/postcar/arch/x86/memmove.o
 .debug_abbrev  0x0000000000000336       0xe9 build/postcar/arch/x86/memset.o
 .debug_abbrev  0x000000000000041f       0xe8 build/postcar/arch/x86/mmap_boot.o
 .debug_abbrev  0x0000000000000507      0x14e build/postcar/arch/x86/postcar.o
 .debug_abbrev  0x0000000000000655      0x124 build/postcar/arch/x86/timestamp.o
 .debug_abbrev  0x0000000000000779      0x4bd build/postcar/commonlib/cbfs.o
 .debug_abbrev  0x0000000000000c36      0x3a0 build/postcar/commonlib/lz4_wrapper.o
 .debug_abbrev  0x0000000000000fd6      0x41a build/postcar/commonlib/region.o
 .debug_abbrev  0x00000000000013f0      0x19b build/postcar/console/console.o
 .debug_abbrev  0x000000000000158b       0xf6 build/postcar/console/die.o
 .debug_abbrev  0x0000000000001681      0x2d7 build/postcar/console/init.o
 .debug_abbrev  0x0000000000001958      0x1eb build/postcar/console/post.o
 .debug_abbrev  0x0000000000001b43      0x21c build/postcar/console/printk.o
 .debug_abbrev  0x0000000000001d5f      0x206 build/postcar/console/vtxprintf.o
 .debug_abbrev  0x0000000000001f65      0x116 build/postcar/cpu/x86/lapic/boot_cpu.o
 .debug_abbrev  0x000000000000207b       0x65 build/postcar/cpu/x86/mtrr/debug.o
 .debug_abbrev  0x00000000000020e0      0x15b build/postcar/drivers/emulation/qemu/qemu_debugcon.o
 .debug_abbrev  0x000000000000223b      0x288 build/postcar/drivers/uart/uart8250io.o
 .debug_abbrev  0x00000000000024c3      0x172 build/postcar/drivers/uart/util.o
 .debug_abbrev  0x0000000000002635      0x1a6 build/postcar/lib/boot_device.o
 .debug_abbrev  0x00000000000027db      0x490 build/postcar/lib/cbfs.o
 .debug_abbrev  0x0000000000002c6b       0xf3 build/postcar/lib/cbmem_common.o
 .debug_abbrev  0x0000000000002d5e      0x282 build/postcar/lib/cbmem_console.o
 .debug_abbrev  0x0000000000002fe0      0x246 build/postcar/lib/cbmem_stage_cache.o
 .debug_abbrev  0x0000000000003226       0x5a build/postcar/lib/halt.o
 .debug_abbrev  0x0000000000003280      0x478 build/postcar/lib/imd.o
 .debug_abbrev  0x00000000000036f8      0x45f build/postcar/lib/imd_cbmem.o
 .debug_abbrev  0x0000000000003b57      0x163 build/postcar/lib/lzma.o
 .debug_abbrev  0x0000000000003cba      0x19d build/postcar/lib/lzmadecode.o
 .debug_abbrev  0x0000000000003e57       0xda build/postcar/lib/memcmp.o
 .debug_abbrev  0x0000000000003f31      0x269 build/postcar/lib/prog_loaders.o
 .debug_abbrev  0x000000000000419a      0x1a1 build/postcar/lib/prog_ops.o
 .debug_abbrev  0x000000000000433b      0x2f8 build/postcar/lib/rmodule.o
 .debug_abbrev  0x0000000000004633      0x199 build/postcar/lib/string.o
 .debug_abbrev  0x00000000000047cc      0x3fe build/postcar/lib/timestamp.o
 .debug_abbrev  0x0000000000004bca       0x85 build/postcar/lib/version.o
 .debug_abbrev  0x0000000000004c4f       0x14 build/postcar/mainboard/emulation/qemu-i440fx/exit_car.o
 .debug_abbrev  0x0000000000004c63      0x557 build/postcar/mainboard/emulation/qemu-i440fx/fw_cfg.o
 .debug_abbrev  0x00000000000051ba      0x170 build/postcar/mainboard/emulation/qemu-i440fx/memory.o
 .debug_abbrev  0x000000000000532a      0x1e7 /home/rhylx/Repos/coreboot/util/crossgcc/xgcc/lib/gcc/i386-elf/8.3.0/libgcc.a(_udivmoddi4.o)

.debug_aranges  0x0000000000000000      0xaf8
 .debug_aranges
                0x0000000000000000       0x28 build/postcar/arch/x86/boot.o
 .debug_aranges
                0x0000000000000028       0x20 build/postcar/arch/x86/exit_car.o
 .debug_aranges
                0x0000000000000048       0x20 build/postcar/arch/x86/gdt_init.o
 .debug_aranges
                0x0000000000000068       0x20 build/postcar/arch/x86/memcpy.o
 .debug_aranges
                0x0000000000000088       0x20 build/postcar/arch/x86/memmove.o
 .debug_aranges
                0x00000000000000a8       0x20 build/postcar/arch/x86/memset.o
 .debug_aranges
                0x00000000000000c8       0x20 build/postcar/arch/x86/mmap_boot.o
 .debug_aranges
                0x00000000000000e8       0x28 build/postcar/arch/x86/postcar.o
 .debug_aranges
                0x0000000000000110       0x28 build/postcar/arch/x86/timestamp.o
 .debug_aranges
                0x0000000000000138       0x60 build/postcar/commonlib/cbfs.o
 .debug_aranges
                0x0000000000000198       0x38 build/postcar/commonlib/lz4_wrapper.o
 .debug_aranges
                0x00000000000001d0      0x120 build/postcar/commonlib/region.o
 .debug_aranges
                0x00000000000002f0       0x38 build/postcar/console/console.o
 .debug_aranges
                0x0000000000000328       0x28 build/postcar/console/die.o
 .debug_aranges
                0x0000000000000350       0x28 build/postcar/console/init.o
 .debug_aranges
                0x0000000000000378       0x28 build/postcar/console/post.o
 .debug_aranges
                0x00000000000003a0       0x40 build/postcar/console/printk.o
 .debug_aranges
                0x00000000000003e0       0x28 build/postcar/console/vtxprintf.o
 .debug_aranges
                0x0000000000000408       0x20 build/postcar/cpu/x86/lapic/boot_cpu.o
 .debug_aranges
                0x0000000000000428       0x20 build/postcar/cpu/x86/mtrr/debug.o
 .debug_aranges
                0x0000000000000448       0x28 build/postcar/drivers/emulation/qemu/qemu_debugcon.o
 .debug_aranges
                0x0000000000000470       0x48 build/postcar/drivers/uart/uart8250io.o
 .debug_aranges
                0x00000000000004b8       0x38 build/postcar/drivers/uart/util.o
 .debug_aranges
                0x00000000000004f0       0x38 build/postcar/lib/boot_device.o
 .debug_aranges
                0x0000000000000528       0x80 build/postcar/lib/cbfs.o
 .debug_aranges
                0x00000000000005a8       0x28 build/postcar/lib/cbmem_common.o
 .debug_aranges
                0x00000000000005d0       0x30 build/postcar/lib/cbmem_console.o
 .debug_aranges
                0x0000000000000600       0x38 build/postcar/lib/cbmem_stage_cache.o
 .debug_aranges
                0x0000000000000638       0x20 build/postcar/lib/halt.o
 .debug_aranges
                0x0000000000000658       0xd8 build/postcar/lib/imd.o
 .debug_aranges
                0x0000000000000730       0x98 build/postcar/lib/imd_cbmem.o
 .debug_aranges
                0x00000000000007c8       0x20 build/postcar/lib/lzma.o
 .debug_aranges
                0x00000000000007e8       0x28 build/postcar/lib/lzmadecode.o
 .debug_aranges
                0x0000000000000810       0x20 build/postcar/lib/memcmp.o
 .debug_aranges
                0x0000000000000830       0x30 build/postcar/lib/prog_loaders.o
 .debug_aranges
                0x0000000000000860       0x38 build/postcar/lib/prog_ops.o
 .debug_aranges
                0x0000000000000898       0x60 build/postcar/lib/rmodule.o
 .debug_aranges
                0x00000000000008f8       0x70 build/postcar/lib/string.o
 .debug_aranges
                0x0000000000000968       0x70 build/postcar/lib/timestamp.o
 .debug_aranges
                0x00000000000009d8       0x18 build/postcar/lib/version.o
 .debug_aranges
                0x00000000000009f0       0x20 build/postcar/mainboard/emulation/qemu-i440fx/exit_car.o
 .debug_aranges
                0x0000000000000a10       0x98 build/postcar/mainboard/emulation/qemu-i440fx/fw_cfg.o
 .debug_aranges
                0x0000000000000aa8       0x30 build/postcar/mainboard/emulation/qemu-i440fx/memory.o
 .debug_aranges
                0x0000000000000ad8       0x20 /home/rhylx/Repos/coreboot/util/crossgcc/xgcc/lib/gcc/i386-elf/8.3.0/libgcc.a(_udivmoddi4.o)

.debug_ranges   0x0000000000000000     0x1cb0
 .debug_ranges  0x0000000000000000       0x18 build/postcar/arch/x86/boot.o
 .debug_ranges  0x0000000000000018       0x10 build/postcar/arch/x86/memcpy.o
 .debug_ranges  0x0000000000000028       0x10 build/postcar/arch/x86/memmove.o
 .debug_ranges  0x0000000000000038       0x10 build/postcar/arch/x86/memset.o
 .debug_ranges  0x0000000000000048       0x10 build/postcar/arch/x86/mmap_boot.o
 .debug_ranges  0x0000000000000058       0x18 build/postcar/arch/x86/postcar.o
 .debug_ranges  0x0000000000000070       0x18 build/postcar/arch/x86/timestamp.o
 .debug_ranges  0x0000000000000088      0x1b0 build/postcar/commonlib/cbfs.o
 .debug_ranges  0x0000000000000238      0x1b0 build/postcar/commonlib/lz4_wrapper.o
 .debug_ranges  0x00000000000003e8      0x1e0 build/postcar/commonlib/region.o
 .debug_ranges  0x00000000000005c8       0x78 build/postcar/console/console.o
 .debug_ranges  0x0000000000000640       0x18 build/postcar/console/die.o
 .debug_ranges  0x0000000000000658       0x58 build/postcar/console/init.o
 .debug_ranges  0x00000000000006b0       0x30 build/postcar/console/post.o
 .debug_ranges  0x00000000000006e0       0x48 build/postcar/console/printk.o
 .debug_ranges  0x0000000000000728       0x30 build/postcar/console/vtxprintf.o
 .debug_ranges  0x0000000000000758       0x10 build/postcar/cpu/x86/lapic/boot_cpu.o
 .debug_ranges  0x0000000000000768       0x10 build/postcar/cpu/x86/mtrr/debug.o
 .debug_ranges  0x0000000000000778       0x30 build/postcar/drivers/emulation/qemu/qemu_debugcon.o
 .debug_ranges  0x00000000000007a8      0x1b8 build/postcar/drivers/uart/uart8250io.o
 .debug_ranges  0x0000000000000960       0x28 build/postcar/drivers/uart/util.o
 .debug_ranges  0x0000000000000988       0x58 build/postcar/lib/boot_device.o
 .debug_ranges  0x00000000000009e0      0x118 build/postcar/lib/cbfs.o
 .debug_ranges  0x0000000000000af8       0x18 build/postcar/lib/cbmem_common.o
 .debug_ranges  0x0000000000000b10       0x68 build/postcar/lib/cbmem_console.o
 .debug_ranges  0x0000000000000b78      0x120 build/postcar/lib/cbmem_stage_cache.o
 .debug_ranges  0x0000000000000c98       0x10 build/postcar/lib/halt.o
 .debug_ranges  0x0000000000000ca8      0x490 build/postcar/lib/imd.o
 .debug_ranges  0x0000000000001138      0x178 build/postcar/lib/imd_cbmem.o
 .debug_ranges  0x00000000000012b0       0x10 build/postcar/lib/lzma.o
 .debug_ranges  0x00000000000012c0      0x128 build/postcar/lib/lzmadecode.o
 .debug_ranges  0x00000000000013e8       0x10 build/postcar/lib/memcmp.o
 .debug_ranges  0x00000000000013f8       0x50 build/postcar/lib/prog_loaders.o
 .debug_ranges  0x0000000000001448       0x28 build/postcar/lib/prog_ops.o
 .debug_ranges  0x0000000000001470      0x148 build/postcar/lib/rmodule.o
 .debug_ranges  0x00000000000015b8       0x90 build/postcar/lib/string.o
 .debug_ranges  0x0000000000001648      0x100 build/postcar/lib/timestamp.o
 .debug_ranges  0x0000000000001748      0x510 build/postcar/mainboard/emulation/qemu-i440fx/fw_cfg.o
 .debug_ranges  0x0000000000001c58       0x38 build/postcar/mainboard/emulation/qemu-i440fx/memory.o
 .debug_ranges  0x0000000000001c90       0x20 /home/rhylx/Repos/coreboot/util/crossgcc/xgcc/lib/gcc/i386-elf/8.3.0/libgcc.a(_udivmoddi4.o)

.debug_line     0x0000000000000000     0x8f9f
 .debug_line    0x0000000000000000      0x15b build/postcar/arch/x86/boot.o
 .debug_line    0x000000000000015b       0x71 build/postcar/arch/x86/exit_car.o
 .debug_line    0x00000000000001cc       0x48 build/postcar/arch/x86/gdt_init.o
 .debug_line    0x0000000000000214       0x83 build/postcar/arch/x86/memcpy.o
 .debug_line    0x0000000000000297       0x78 build/postcar/arch/x86/memmove.o
 .debug_line    0x000000000000030f       0xda build/postcar/arch/x86/memset.o
 .debug_line    0x00000000000003e9       0xb6 build/postcar/arch/x86/mmap_boot.o
 .debug_line    0x000000000000049f      0x161 build/postcar/arch/x86/postcar.o
 .debug_line    0x0000000000000600       0xf3 build/postcar/arch/x86/timestamp.o
 .debug_line    0x00000000000006f3      0x74b build/postcar/commonlib/cbfs.o
 .debug_line    0x0000000000000e3e      0x5a0 build/postcar/commonlib/lz4_wrapper.o
 .debug_line    0x00000000000013de      0xa40 build/postcar/commonlib/region.o
 .debug_line    0x0000000000001e1e      0x2d9 build/postcar/console/console.o
 .debug_line    0x00000000000020f7       0xb7 build/postcar/console/die.o
 .debug_line    0x00000000000021ae      0x203 build/postcar/console/init.o
 .debug_line    0x00000000000023b1      0x11c build/postcar/console/post.o
 .debug_line    0x00000000000024cd      0x1f2 build/postcar/console/printk.o
 .debug_line    0x00000000000026bf      0x632 build/postcar/console/vtxprintf.o
 .debug_line    0x0000000000002cf1       0xa7 build/postcar/cpu/x86/lapic/boot_cpu.o
 .debug_line    0x0000000000002d98       0x6a build/postcar/cpu/x86/mtrr/debug.o
 .debug_line    0x0000000000002e02      0x14b build/postcar/drivers/emulation/qemu/qemu_debugcon.o
 .debug_line    0x0000000000002f4d      0x467 build/postcar/drivers/uart/uart8250io.o
 .debug_line    0x00000000000033b4      0x153 build/postcar/drivers/uart/util.o
 .debug_line    0x0000000000003507      0x151 build/postcar/lib/boot_device.o
 .debug_line    0x0000000000003658      0x79a build/postcar/lib/cbfs.o
 .debug_line    0x0000000000003df2       0xd9 build/postcar/lib/cbmem_common.o
 .debug_line    0x0000000000003ecb      0x2a4 build/postcar/lib/cbmem_console.o
 .debug_line    0x000000000000416f      0x426 build/postcar/lib/cbmem_stage_cache.o
 .debug_line    0x0000000000004595       0x81 build/postcar/lib/halt.o
 .debug_line    0x0000000000004616      0xf44 build/postcar/lib/imd.o
 .debug_line    0x000000000000555a      0x69a build/postcar/lib/imd_cbmem.o
 .debug_line    0x0000000000005bf4      0x115 build/postcar/lib/lzma.o
 .debug_line    0x0000000000005d09      0xe69 build/postcar/lib/lzmadecode.o
 .debug_line    0x0000000000006b72       0x92 build/postcar/lib/memcmp.o
 .debug_line    0x0000000000006c04      0x27d build/postcar/lib/prog_loaders.o
 .debug_line    0x0000000000006e81      0x11d build/postcar/lib/prog_ops.o
 .debug_line    0x0000000000006f9e      0x5dc build/postcar/lib/rmodule.o
 .debug_line    0x000000000000757a      0x2c4 build/postcar/lib/string.o
 .debug_line    0x000000000000783e      0x57c build/postcar/lib/timestamp.o
 .debug_line    0x0000000000007dba       0x4b build/postcar/lib/version.o
 .debug_line    0x0000000000007e05       0x5e build/postcar/mainboard/emulation/qemu-i440fx/exit_car.o
 .debug_line    0x0000000000007e63      0xc9e build/postcar/mainboard/emulation/qemu-i440fx/fw_cfg.o
 .debug_line    0x0000000000008b01      0x21a build/postcar/mainboard/emulation/qemu-i440fx/memory.o
 .debug_line    0x0000000000008d1b      0x284 /home/rhylx/Repos/coreboot/util/crossgcc/xgcc/lib/gcc/i386-elf/8.3.0/libgcc.a(_udivmoddi4.o)

.debug_str      0x0000000000000000     0x710a
 .debug_str     0x0000000000000000      0x513 build/postcar/arch/x86/boot.o
                                        0x5f0 (size before relaxing)
 .debug_str     0x0000000000000513       0x24 build/postcar/arch/x86/exit_car.o
                                         0x3f (size before relaxing)
 .debug_str     0x0000000000000537       0x18 build/postcar/arch/x86/gdt_init.o
                                         0x3f (size before relaxing)
 .debug_str     0x000000000000054f       0x22 build/postcar/arch/x86/memcpy.o
                                        0x170 (size before relaxing)
 .debug_str     0x0000000000000571       0x1f build/postcar/arch/x86/memmove.o
                                        0x172 (size before relaxing)
 .debug_str     0x0000000000000590       0x2d build/postcar/arch/x86/memset.o
                                        0x1e0 (size before relaxing)
 .debug_str     0x00000000000005bd       0x3b build/postcar/arch/x86/mmap_boot.o
                                        0x2a8 (size before relaxing)
 .debug_str     0x00000000000005f8      0x837 build/postcar/arch/x86/postcar.o
                                        0xad4 (size before relaxing)
 .debug_str     0x0000000000000e2f       0x47 build/postcar/arch/x86/timestamp.o
                                        0x21c (size before relaxing)
 .debug_str     0x0000000000000e76     0x21e4 build/postcar/commonlib/cbfs.o
                                       0x24ca (size before relaxing)
 .debug_str     0x000000000000305a      0x2bf build/postcar/commonlib/lz4_wrapper.o
                                        0x4f4 (size before relaxing)
 .debug_str     0x0000000000003319      0x377 build/postcar/commonlib/region.o
                                        0x6a5 (size before relaxing)
 .debug_str     0x0000000000003690      0x1a5 build/postcar/console/console.o
                                        0x3f2 (size before relaxing)
 .debug_str     0x0000000000003835       0x44 build/postcar/console/die.o
                                        0x1ef (size before relaxing)
 .debug_str     0x0000000000003879      0x9f3 build/postcar/console/init.o
                                        0xcbd (size before relaxing)
 .debug_str     0x000000000000426c       0x37 build/postcar/console/post.o
                                        0x7fb (size before relaxing)
 .debug_str     0x00000000000042a3       0x82 build/postcar/console/printk.o
                                        0x2ff (size before relaxing)
 .debug_str     0x0000000000004325       0x6a build/postcar/console/vtxprintf.o
                                        0x25b (size before relaxing)
 .debug_str     0x000000000000438f       0x44 build/postcar/cpu/x86/lapic/boot_cpu.o
                                        0x1ed (size before relaxing)
 .debug_str     0x00000000000043d3       0x19 build/postcar/cpu/x86/mtrr/debug.o
                                        0x1ca (size before relaxing)
 .debug_str     0x00000000000043ec       0x42 build/postcar/drivers/emulation/qemu/qemu_debugcon.o
                                        0x247 (size before relaxing)
 .debug_str     0x000000000000442e      0x175 build/postcar/drivers/uart/uart8250io.o
                                        0x38f (size before relaxing)
 .debug_str     0x00000000000045a3       0xce build/postcar/drivers/uart/util.o
                                        0x2ef (size before relaxing)
 .debug_str     0x0000000000004671       0xd1 build/postcar/lib/boot_device.o
                                        0x360 (size before relaxing)
 .debug_str     0x0000000000004742      0x2ce build/postcar/lib/cbfs.o
                                       0x11c9 (size before relaxing)
 .debug_str     0x0000000000004a10       0x6b build/postcar/lib/cbmem_common.o
                                        0x478 (size before relaxing)
 .debug_str     0x0000000000004a7b      0x150 build/postcar/lib/cbmem_console.o
                                        0x687 (size before relaxing)
 .debug_str     0x0000000000004bcb       0xf3 build/postcar/lib/cbmem_stage_cache.o
                                        0x5ca (size before relaxing)
 .debug_str     0x0000000000004cbe        0xf build/postcar/lib/halt.o
                                        0x126 (size before relaxing)
 .debug_str     0x0000000000004ccd      0x420 build/postcar/lib/imd.o
                                        0x6b0 (size before relaxing)
 .debug_str     0x00000000000050ed      0x625 build/postcar/lib/imd_cbmem.o
                                        0xa87 (size before relaxing)
 .debug_str     0x0000000000005712       0xab build/postcar/lib/lzma.o
                                        0x2bb (size before relaxing)
 .debug_str     0x00000000000057bd      0x14e build/postcar/lib/lzmadecode.o
                                        0x3a5 (size before relaxing)
 .debug_str     0x000000000000590b       0x1b build/postcar/lib/memcmp.o
                                        0x18b (size before relaxing)
 .debug_str     0x0000000000005926       0xbb build/postcar/lib/prog_loaders.o
                                        0xf2f (size before relaxing)
 .debug_str     0x00000000000059e1       0x51 build/postcar/lib/prog_ops.o
                                        0x3c2 (size before relaxing)
 .debug_str     0x0000000000005a32      0x2ae build/postcar/lib/rmodule.o
                                        0x758 (size before relaxing)
 .debug_str     0x0000000000005ce0       0xb1 build/postcar/lib/string.o
                                        0x287 (size before relaxing)
 .debug_str     0x0000000000005d91      0x250 build/postcar/lib/timestamp.o
                                        0xfe7 (size before relaxing)
 .debug_str     0x0000000000005fe1       0x12 build/postcar/lib/version.o
                                        0x26c (size before relaxing)
 .debug_str     0x0000000000005ff3       0x2f build/postcar/mainboard/emulation/qemu-i440fx/exit_car.o
                                         0x56 (size before relaxing)
 .debug_str     0x0000000000006022      0x65b build/postcar/mainboard/emulation/qemu-i440fx/fw_cfg.o
                                        0xf8a (size before relaxing)
 .debug_str     0x000000000000667d       0x66 build/postcar/mainboard/emulation/qemu-i440fx/memory.o
                                        0x24b (size before relaxing)
 .debug_str     0x00000000000066e3      0xa27 /home/rhylx/Repos/coreboot/util/crossgcc/xgcc/lib/gcc/i386-elf/8.3.0/libgcc.a(_udivmoddi4.o)
                                        0xb38 (size before relaxing)

.debug_loc      0x0000000000000000     0xa091
 .debug_loc     0x0000000000000000       0x16 build/postcar/arch/x86/memmove.o
 .debug_loc     0x0000000000000016       0x46 build/postcar/arch/x86/memset.o
 .debug_loc     0x000000000000005c       0x1a build/postcar/arch/x86/timestamp.o
 .debug_loc     0x0000000000000076      0x8af build/postcar/commonlib/cbfs.o
 .debug_loc     0x0000000000000925      0xba2 build/postcar/commonlib/lz4_wrapper.o
 .debug_loc     0x00000000000014c7      0xa7e build/postcar/commonlib/region.o
 .debug_loc     0x0000000000001f45       0xa3 build/postcar/console/console.o
 .debug_loc     0x0000000000001fe8       0x24 build/postcar/console/die.o
 .debug_loc     0x000000000000200c       0x41 build/postcar/console/init.o
 .debug_loc     0x000000000000204d       0x42 build/postcar/console/post.o
 .debug_loc     0x000000000000208f      0x14b build/postcar/console/printk.o
 .debug_loc     0x00000000000021da      0xc0b build/postcar/console/vtxprintf.o
 .debug_loc     0x0000000000002de5       0x68 build/postcar/cpu/x86/lapic/boot_cpu.o
 .debug_loc     0x0000000000002e4d       0x7a build/postcar/drivers/emulation/qemu/qemu_debugcon.o
 .debug_loc     0x0000000000002ec7      0x391 build/postcar/drivers/uart/uart8250io.o
 .debug_loc     0x0000000000003258       0x32 build/postcar/drivers/uart/util.o
 .debug_loc     0x000000000000328a       0xb6 build/postcar/lib/boot_device.o
 .debug_loc     0x0000000000003340      0x54b build/postcar/lib/cbfs.o
 .debug_loc     0x000000000000388b       0x15 build/postcar/lib/cbmem_common.o
 .debug_loc     0x00000000000038a0      0x262 build/postcar/lib/cbmem_console.o
 .debug_loc     0x0000000000003b02      0x40a build/postcar/lib/cbmem_stage_cache.o
 .debug_loc     0x0000000000003f0c     0x1b78 build/postcar/lib/imd.o
 .debug_loc     0x0000000000005a84      0x39a build/postcar/lib/imd_cbmem.o
 .debug_loc     0x0000000000005e1e       0xa6 build/postcar/lib/lzma.o
 .debug_loc     0x0000000000005ec4     0x1923 build/postcar/lib/lzmadecode.o
 .debug_loc     0x00000000000077e7      0x123 build/postcar/lib/memcmp.o
 .debug_loc     0x000000000000790a       0x41 build/postcar/lib/prog_loaders.o
 .debug_loc     0x000000000000794b       0x58 build/postcar/lib/prog_ops.o
 .debug_loc     0x00000000000079a3      0x47f build/postcar/lib/rmodule.o
 .debug_loc     0x0000000000007e22      0x4a3 build/postcar/lib/string.o
 .debug_loc     0x00000000000082c5      0x3ed build/postcar/lib/timestamp.o
 .debug_loc     0x00000000000086b2     0x115e build/postcar/mainboard/emulation/qemu-i440fx/fw_cfg.o
 .debug_loc     0x0000000000009810      0x278 build/postcar/mainboard/emulation/qemu-i440fx/memory.o
 .debug_loc     0x0000000000009a88      0x609 /home/rhylx/Repos/coreboot/util/crossgcc/xgcc/lib/gcc/i386-elf/8.3.0/libgcc.a(_udivmoddi4.o)
