Archive member included to satisfy reference by file (symbol)

/home/rhylx/Repos/coreboot/util/crossgcc/xgcc/lib/gcc/i386-elf/8.3.0/libgcc.a(_divdi3.o)
                              build/postcar/lib/gcc.o (__divdi3)
/home/rhylx/Repos/coreboot/util/crossgcc/xgcc/lib/gcc/i386-elf/8.3.0/libgcc.a(_moddi3.o)
                              build/postcar/lib/gcc.o (__moddi3)
/home/rhylx/Repos/coreboot/util/crossgcc/xgcc/lib/gcc/i386-elf/8.3.0/libgcc.a(_udivdi3.o)
                              build/postcar/lib/gcc.o (__udivdi3)
/home/rhylx/Repos/coreboot/util/crossgcc/xgcc/lib/gcc/i386-elf/8.3.0/libgcc.a(_umoddi3.o)
                              build/postcar/lib/gcc.o (__umoddi3)
/home/rhylx/Repos/coreboot/util/crossgcc/xgcc/lib/gcc/i386-elf/8.3.0/libgcc.a(_udivmoddi4.o)
                              build/postcar/console/vtxprintf.o (__udivmoddi4)

Discarded input sections

 .text          0x0000000000000000        0x0 build/postcar/mainboard/dell/dell_system_vostro_3360/static.o
 .data          0x0000000000000000        0x0 build/postcar/mainboard/dell/dell_system_vostro_3360/static.o
 .bss           0x0000000000000000        0x0 build/postcar/mainboard/dell/dell_system_vostro_3360/static.o
 .rodata.__pci_0_02_0
                0x0000000000000000        0x4 build/postcar/mainboard/dell/dell_system_vostro_3360/static.o
 .rodata.__pci_0_01_0
                0x0000000000000000        0x4 build/postcar/mainboard/dell/dell_system_vostro_3360/static.o
 .rodata.__pci_0_00_0
                0x0000000000000000        0x4 build/postcar/mainboard/dell/dell_system_vostro_3360/static.o
 .rodata.__pci_0_1f_6
                0x0000000000000000        0x4 build/postcar/mainboard/dell/dell_system_vostro_3360/static.o
 .rodata.__pci_0_1f_5
                0x0000000000000000        0x4 build/postcar/mainboard/dell/dell_system_vostro_3360/static.o
 .rodata.__pci_0_1f_3
                0x0000000000000000        0x4 build/postcar/mainboard/dell/dell_system_vostro_3360/static.o
 .rodata.__pci_0_1f_2
                0x0000000000000000        0x4 build/postcar/mainboard/dell/dell_system_vostro_3360/static.o
 .rodata.__pci_0_1f_0
                0x0000000000000000        0x4 build/postcar/mainboard/dell/dell_system_vostro_3360/static.o
 .rodata.__pci_0_1e_0
                0x0000000000000000        0x4 build/postcar/mainboard/dell/dell_system_vostro_3360/static.o
 .rodata.__pci_0_1d_0
                0x0000000000000000        0x4 build/postcar/mainboard/dell/dell_system_vostro_3360/static.o
 .rodata.__pci_0_1c_7
                0x0000000000000000        0x4 build/postcar/mainboard/dell/dell_system_vostro_3360/static.o
 .rodata.__pci_0_1c_6
                0x0000000000000000        0x4 build/postcar/mainboard/dell/dell_system_vostro_3360/static.o
 .rodata.__pci_0_1c_5
                0x0000000000000000        0x4 build/postcar/mainboard/dell/dell_system_vostro_3360/static.o
 .rodata.__pci_0_1c_4
                0x0000000000000000        0x4 build/postcar/mainboard/dell/dell_system_vostro_3360/static.o
 .rodata.__pci_0_1c_3
                0x0000000000000000        0x4 build/postcar/mainboard/dell/dell_system_vostro_3360/static.o
 .rodata.__pci_0_1c_2
                0x0000000000000000        0x4 build/postcar/mainboard/dell/dell_system_vostro_3360/static.o
 .rodata.__pci_0_1c_1
                0x0000000000000000        0x4 build/postcar/mainboard/dell/dell_system_vostro_3360/static.o
 .rodata.__pci_0_1c_0
                0x0000000000000000        0x4 build/postcar/mainboard/dell/dell_system_vostro_3360/static.o
 .rodata.__pci_0_1b_0
                0x0000000000000000        0x4 build/postcar/mainboard/dell/dell_system_vostro_3360/static.o
 .rodata.__pci_0_1a_0
                0x0000000000000000        0x4 build/postcar/mainboard/dell/dell_system_vostro_3360/static.o
 .rodata.__pci_0_19_0
                0x0000000000000000        0x4 build/postcar/mainboard/dell/dell_system_vostro_3360/static.o
 .rodata.__pci_0_16_3
                0x0000000000000000        0x4 build/postcar/mainboard/dell/dell_system_vostro_3360/static.o
 .rodata.__pci_0_16_2
                0x0000000000000000        0x4 build/postcar/mainboard/dell/dell_system_vostro_3360/static.o
 .rodata.__pci_0_16_1
                0x0000000000000000        0x4 build/postcar/mainboard/dell/dell_system_vostro_3360/static.o
 .rodata.__pci_0_16_0
                0x0000000000000000        0x4 build/postcar/mainboard/dell/dell_system_vostro_3360/static.o
 .rodata.__pci_0_14_0
                0x0000000000000000        0x4 build/postcar/mainboard/dell/dell_system_vostro_3360/static.o
 .rodata._dev6_links
                0x0000000000000000       0x24 build/postcar/mainboard/dell/dell_system_vostro_3360/static.o
 .rodata._dev2_links
                0x0000000000000000       0x24 build/postcar/mainboard/dell/dell_system_vostro_3360/static.o
 .rodata.dev_root_links
                0x0000000000000000       0x24 build/postcar/mainboard/dell/dell_system_vostro_3360/static.o
 .rodata.dev_root
[...]
Memory Configuration

Name             Origin             Length             Attributes
*default*        0x0000000000000000 0xffffffffffffffff

Linker script and memory map

START GROUP
LOAD build/postcar/mainboard/dell/dell_system_vostro_3360/static.o
LOAD build/postcar/arch/x86/acpi_s3.o
LOAD build/postcar/arch/x86/boot.o
LOAD build/postcar/arch/x86/cf9_reset.o
LOAD build/postcar/arch/x86/cpu_common.o
LOAD build/postcar/arch/x86/exit_car.o
LOAD build/postcar/arch/x86/gdt_init.o
LOAD build/postcar/arch/x86/memcpy.o
LOAD build/postcar/arch/x86/memmove.o
LOAD build/postcar/arch/x86/memset.o
LOAD build/postcar/arch/x86/mmap_boot.o
LOAD build/postcar/arch/x86/post.o
LOAD build/postcar/arch/x86/postcar.o
LOAD build/postcar/arch/x86/timestamp.o
LOAD build/postcar/commonlib/bsd/lz4_wrapper.o
LOAD build/postcar/commonlib/cbfs.o
LOAD build/postcar/commonlib/iobuf.o
LOAD build/postcar/commonlib/mem_pool.o
LOAD build/postcar/commonlib/region.o
LOAD build/postcar/console/console.o
LOAD build/postcar/console/die.o
LOAD build/postcar/console/init.o
LOAD build/postcar/console/post.o
LOAD build/postcar/console/printk.o
LOAD build/postcar/console/vsprintf.o
LOAD build/postcar/console/vtxprintf.o
LOAD build/postcar/cpu/intel/car/non-evict/exit_car.o
LOAD build/postcar/cpu/intel/common/fsb.o
LOAD build/postcar/cpu/x86/lapic/boot_cpu.o
LOAD build/postcar/cpu/x86/mtrr/debug.o
LOAD build/postcar/cpu/x86/pae/pgtbl.o
LOAD build/postcar/cpu/x86/smm/tseg_region.o
LOAD build/postcar/cpu/x86/tsc/delay_tsc.o
LOAD build/postcar/device/device_const.o
LOAD build/postcar/device/pci_early.o
LOAD build/postcar/device/pci_ops.o
LOAD build/postcar/drivers/pc80/pc/i8254.o
LOAD build/postcar/drivers/pc80/rtc/mc146818rtc.o
LOAD build/postcar/drivers/pc80/rtc/mc146818rtc_boot.o
LOAD build/postcar/drivers/spi/adesto.o
LOAD build/postcar/drivers/spi/amic.o
LOAD build/postcar/drivers/spi/atmel.o
LOAD build/postcar/drivers/spi/bitbang.o
LOAD build/postcar/drivers/spi/eon.o
LOAD build/postcar/drivers/spi/gigadevice.o
LOAD build/postcar/drivers/spi/macronix.o
LOAD build/postcar/drivers/spi/spansion.o
LOAD build/postcar/drivers/spi/spi-generic.o
LOAD build/postcar/drivers/spi/spi_flash.o
LOAD build/postcar/drivers/spi/sst.o
LOAD build/postcar/drivers/spi/stmicro.o
LOAD build/postcar/drivers/spi/winbond.o
LOAD build/postcar/drivers/uart/uart8250io.o
LOAD build/postcar/drivers/uart/util.o
LOAD build/postcar/lib/boot_device.o
LOAD build/postcar/lib/bootmode.o
LOAD build/postcar/lib/cbfs.o
LOAD build/postcar/lib/cbmem_common.o
LOAD build/postcar/lib/cbmem_console.o
LOAD build/postcar/lib/crc_byte.o
LOAD build/postcar/lib/delay.o
LOAD build/postcar/lib/ext_stage_cache.o
LOAD build/postcar/lib/fmap.o
LOAD build/postcar/lib/gcc.o
LOAD build/postcar/lib/halt.o
LOAD build/postcar/lib/hexdump.o
LOAD build/postcar/lib/imd.o
LOAD build/postcar/lib/imd_cbmem.o
LOAD build/postcar/lib/libgcc.o
LOAD build/postcar/lib/lzma.o
LOAD build/postcar/lib/lzmadecode.o
LOAD build/postcar/lib/memchr.o
LOAD build/postcar/lib/memcmp.o
LOAD build/postcar/lib/prog_loaders.o
LOAD build/postcar/lib/prog_ops.o
LOAD build/postcar/lib/reset.o
LOAD build/postcar/lib/rmodule.o
LOAD build/postcar/lib/romstage_handoff.o
LOAD build/postcar/lib/string.o
LOAD build/postcar/lib/timestamp.o
LOAD build/postcar/lib/version.o
LOAD build/postcar/northbridge/intel/sandybridge/memmap.o
LOAD build/postcar/security/memory/memory.o
LOAD build/postcar/southbridge/intel/common/pmbase.o
LOAD build/postcar/southbridge/intel/common/reset.o
LOAD build/postcar/southbridge/intel/common/rtc.o
LOAD build/postcar/southbridge/intel/common/spi.o
LOAD /home/rhylx/Repos/coreboot/util/crossgcc/xgcc/lib/gcc/i386-elf/8.3.0/libgcc.a
END GROUP
                0x0000000000000001                _ = ASSERT ((. <= 0x2000000), postcar overlaps the previous region!)
                0x0000000002000000                . = 0x2000000
                0x0000000002000000                _postcar = .
                0x0000000002100000                _epostcar = (_postcar + 0x100000)
                0x0000000000000001                _ = ASSERT (((_eprogram - _program) <= 0x100000), Aftercar exceeded its allotted size! (1M))

.text           0x0000000002000000     0x44e8
                0x0000000002000000                _program = .
                0x0000000002000000                _text = .
 *(.rom.text)
 *(.rom.data)
 *(.text._start)
 *(.text.stage_entry)
 *(.text)
 .text          0x0000000002000000       0x71 build/postcar/arch/x86/exit_car.o
                0x0000000002000000                _start
 *fill*         0x0000000002000071        0x3 
 .text          0x0000000002000074       0x28 build/postcar/arch/x86/gdt_init.o
                0x0000000002000074                gdtptr
 .text          0x000000000200009c       0x39 build/postcar/cpu/intel/car/non-evict/exit_car.o
                0x000000000200009c                chipset_teardown_car
 *fill*         0x00000000020000d5        0x3 
 .text          0x00000000020000d8       0xff /home/rhylx/Repos/coreboot/util/crossgcc/xgcc/lib/gcc/i386-elf/8.3.0/libgcc.a(_udivdi3.o)
                0x00000000020000d8                __udivdi3
 *fill*         0x00000000020001d7        0x1 
 .text          0x00000000020001d8      0x1d9 /home/rhylx/Repos/coreboot/util/crossgcc/xgcc/lib/gcc/i386-elf/8.3.0/libgcc.a(_udivmoddi4.o)
                0x00000000020001d8                __udivmoddi4
 *(.text.*)
 .text.arch_prog_run
                0x00000000020003b1        0xe build/postcar/arch/x86/boot.o
                0x00000000020003b1                arch_prog_run
 .text.do_system_reset
                0x00000000020003bf        0xe build/postcar/arch/x86/cf9_reset.o
                0x00000000020003bf                do_system_reset
 .text.system_reset
                0x00000000020003cd       0x1e build/postcar/arch/x86/cf9_reset.o
                0x00000000020003cd                system_reset
 .text._gdt_    0x00000000020003eb        0x9 build/postcar/arch/x86/gdt_init.o
                0x00000000020003eb                gdt_init
 .text.memcpy   0x00000000020003f4       0x21 build/postcar/arch/x86/memcpy.o
                0x00000000020003f4                memcpy
 *fill*         0x0000000002000415        0xb 
 .text.memmove  0x0000000002000420      0x185 build/postcar/arch/x86/memmove.o
                0x0000000002000420                memmove
 .text.memset   0x00000000020005a5       0x43 build/postcar/arch/x86/memset.o
                0x00000000020005a5                memset
 .text.boot_device_ro
                0x00000000020005e8        0x6 build/postcar/arch/x86/mmap_boot.o
                0x00000000020005e8                boot_device_ro
 .text.arch_post_code
                0x00000000020005ee        0x7 build/postcar/arch/x86/post.o
                0x00000000020005ee                arch_post_code
 .text.late_car_teardown
                0x00000000020005f5        0x1 build/postcar/arch/x86/postcar.o
                0x00000000020005f5                late_car_teardown
 .text.startup.main
                0x00000000020005f6       0x3d build/postcar/arch/x86/postcar.o
                0x00000000020005f6                main
 .text.timestamp_get
                0x0000000002000633        0x6 build/postcar/arch/x86/timestamp.o
                0x0000000002000633                timestamp_get
 .text.LZ4_wildCopy
                0x0000000002000639       0x1a build/postcar/commonlib/bsd/lz4_wrapper.o
 .text.ulz4fn.part.0
                0x0000000002000653      0x374 build/postcar/commonlib/bsd/lz4_wrapper.o
 .text.ulz4fn   0x00000000020009c7       0x24 build/postcar/commonlib/bsd/lz4_wrapper.o
                0x00000000020009c7                ulz4fn
 .text.read_be32
                0x00000000020009eb        0x5 build/postcar/commonlib/cbfs.o
 .text.cbfs_for_each_file
                0x00000000020009f0       0xbf build/postcar/commonlib/cbfs.o
                0x00000000020009f0                cbfs_for_each_file
 .text.cbfsf_file_type
                0x0000000002000aaf       0x33 build/postcar/commonlib/cbfs.o
                0x0000000002000aaf                cbfsf_file_type
 .text.cbfs_locate
                0x0000000002000ae2       0xe4 build/postcar/commonlib/cbfs.o
                0x0000000002000ae2                cbfs_locate
 .text.mdev_mmap
                0x0000000002000bc6        0xc build/postcar/commonlib/region.o
 .text.mdev_munmap
                0x0000000002000bd2        0x3 build/postcar/commonlib/region.o
 .text.mdev_readat
                0x0000000002000bd5       0x25 build/postcar/commonlib/region.o
 .text.region_is_subregion
                0x0000000002000bfa       0x39 build/postcar/commonlib/region.o
                0x0000000002000bfa                region_is_subregion
 .text.normalize_and_ok
                0x0000000002000c33        0xe build/postcar/commonlib/region.o
 .text.rdev_relative_offset
                0x0000000002000c41       0x40 build/postcar/commonlib/region.o
                0x0000000002000c41                rdev_relative_offset
 .text.rdev_mmap
                0x0000000002000c81       0x52 build/postcar/commonlib/region.o
                0x0000000002000c81                rdev_mmap
 .text.rdev_munmap
                0x0000000002000cd3       0x1f build/postcar/commonlib/region.o
                0x0000000002000cd3                rdev_munmap
 .text.rdev_readat
                0x0000000002000cf2       0x4f build/postcar/commonlib/region.o
                0x0000000002000cf2                rdev_readat
 .text.rdev_chain
                0x0000000002000d41       0x58 build/postcar/commonlib/region.o
                0x0000000002000d41                rdev_chain
 .text.mem_region_device_ro_init
                0x0000000002000d99       0x2b build/postcar/commonlib/region.o
                0x0000000002000d99                mem_region_device_ro_init
 .text.console_hw_init
                0x0000000002000dc4       0x16 build/postcar/console/console.o
                0x0000000002000dc4                console_hw_init
 .text.console_tx_byte
                0x0000000002000dda       0x3b build/postcar/console/console.o
                0x0000000002000dda                console_tx_byte
 .text.console_tx_flush
                0x0000000002000e15        0xe build/postcar/console/console.o
                0x0000000002000e15                console_tx_flush
 .text.die_notify
                0x0000000002000e23        0x1 build/postcar/console/die.o
                0x0000000002000e23                die_notify
 .text.die      0x0000000002000e24       0x1e build/postcar/console/die.o
                0x0000000002000e24                die
 .text.console_log_level
                0x0000000002000e42       0x2b build/postcar/console/init.o
                0x0000000002000e42                console_log_level
 .text.console_init
                0x0000000002000e6d       0x43 build/postcar/console/init.o
                0x0000000002000e6d                console_init
 .text.mainboard_post
                0x0000000002000eb0        0x1 build/postcar/console/post.o
                0x0000000002000eb0                mainboard_post
 .text.post_code
                0x0000000002000eb1       0x1c build/postcar/console/post.o
                0x0000000002000eb1                post_code
 .text.wrap_putchar
                0x0000000002000ecd        0xe build/postcar/console/printk.o
 .text.console_time_run
                0x0000000002000edb       0x20 build/postcar/console/printk.o
 .text.wrap_putchar_cbmemc
                0x0000000002000efb        0xe build/postcar/console/printk.o
 .text.console_time_stop.part.1
                0x0000000002000f09       0x22 build/postcar/console/printk.o
 .text.do_vprintk
                0x0000000002000f2b       0x81 build/postcar/console/printk.o
                0x0000000002000f2b                do_vprintk
 .text.lock     0x0000000002000fac       0x10 build/postcar/console/printk.o
 .text.do_printk
                0x0000000002000fbc       0x1a build/postcar/console/printk.o
                0x0000000002000fbc                do_printk
 .text.console_time_report
                0x0000000002000fd6       0x32 build/postcar/console/printk.o
                0x0000000002000fd6                console_time_report
 .text.number   0x0000000002001008      0x2e8 build/postcar/console/vtxprintf.o
 .text.vtxprintf
                0x00000000020012f0      0x46d build/postcar/console/vtxprintf.o
                0x00000000020012f0                vtxprintf
 .text.resolve_timebase
                0x000000000200175d      0x1b0 build/postcar/cpu/intel/common/fsb.o
 .text.tsc_freq_mhz
                0x000000000200190d       0x1b build/postcar/cpu/intel/common/fsb.o
                0x000000000200190d                tsc_freq_mhz
 .text.boot_cpu
                0x0000000002001928        0xe build/postcar/cpu/x86/lapic/boot_cpu.o
                0x0000000002001928                boot_cpu
 .text.display_mtrrs
                0x0000000002001936        0x1 build/postcar/cpu/x86/mtrr/debug.o
                0x0000000002001936                display_mtrrs
 .text.smm_subregion
                0x0000000002001937       0xd9 build/postcar/cpu/x86/smm/tseg_region.o
                0x0000000002001937                smm_subregion
 .text.stage_cache_external_region
                0x0000000002001a10       0x3e build/postcar/cpu/x86/smm/tseg_region.o
                0x0000000002001a10                stage_cache_external_region
 .text.timer_monotonic_get
                0x0000000002001a4e       0x99 build/postcar/cpu/x86/tsc/delay_tsc.o
                0x0000000002001a4e                timer_monotonic_get
 .text.uart_init
                0x0000000002001ae7       0x6e build/postcar/drivers/uart/uart8250io.o
                0x0000000002001ae7                uart_init
 .text.uart_tx_byte
                0x0000000002001b55       0x33 build/postcar/drivers/uart/uart8250io.o
                0x0000000002001b55                uart_tx_byte
 .text.uart_tx_flush
                0x0000000002001b88       0x23 build/postcar/drivers/uart/uart8250io.o
                0x0000000002001b88                uart_tx_flush
 .text.uart_baudrate_divisor
                0x0000000002001bab       0x17 build/postcar/drivers/uart/util.o
                0x0000000002001bab                uart_baudrate_divisor
 .text.uart_input_clock_divider
                0x0000000002001bc2        0x6 build/postcar/drivers/uart/util.o
                0x0000000002001bc2                uart_input_clock_divider
 .text.uart_platform_refclk
                0x0000000002001bc8        0x6 build/postcar/drivers/uart/util.o
                0x0000000002001bc8                uart_platform_refclk
 .text.boot_device_init
                0x0000000002001bce        0x1 build/postcar/lib/boot_device.o
                0x0000000002001bce                boot_device_init
 .text.boot_device_ro_subregion
                0x0000000002001bcf       0x32 build/postcar/lib/boot_device.o
                0x0000000002001bcf                boot_device_ro_subregion
 .text.cbfs_load_and_decompress
                0x0000000002001c01       0xcf build/postcar/lib/cbfs.o
                0x0000000002001c01                cbfs_load_and_decompress
 .text.cbfs_boot_region_device
                0x0000000002001cd0       0x24 build/postcar/lib/cbfs.o
                0x0000000002001cd0                cbfs_boot_region_device
 .text.cbfs_boot_locate
                0x0000000002001cf4       0x34 build/postcar/lib/cbfs.o
                0x0000000002001cf4                cbfs_boot_locate
 .text.cbmem_run_init_hooks
                0x0000000002001d28       0x30 build/postcar/lib/cbmem_common.o
                0x0000000002001d28                cbmem_run_init_hooks
 .text.cbmemc_init
                0x0000000002001d58       0x3b build/postcar/lib/cbmem_console.o
                0x0000000002001d58                cbmemc_init
 .text.cbmemc_tx_byte
                0x0000000002001d93       0x43 build/postcar/lib/cbmem_console.o
                0x0000000002001d93                cbmemc_tx_byte
 .text.cbmemc_reinit
                0x0000000002001dd6       0xdc build/postcar/lib/cbmem_console.o
 .text.stage_cache_setup
                0x0000000002001eb2       0xc5 build/postcar/lib/ext_stage_cache.o
 .text.stage_cache_add
                0x0000000002001f77       0xd8 build/postcar/lib/ext_stage_cache.o
                0x0000000002001f77                stage_cache_add
 .text.stage_cache_load_stage
                0x000000000200204f       0xc6 build/postcar/lib/ext_stage_cache.o
                0x000000000200204f                stage_cache_load_stage
 .text.fmap_register_cbmem_cache
                0x0000000002002115       0x41 build/postcar/lib/fmap.o
 .text.find_fmap_directory
                0x0000000002002156      0x121 build/postcar/lib/fmap.o
 .text.fmap_locate_area
                0x0000000002002277       0x99 build/postcar/lib/fmap.o
                0x0000000002002277                fmap_locate_area
 .text.fmap_locate_area_as_rdev
                0x0000000002002310       0x32 build/postcar/lib/fmap.o
                0x0000000002002310                fmap_locate_area_as_rdev
 .text.__wrap___udivdi3
                0x0000000002002342        0x5 build/postcar/lib/gcc.o
                0x0000000002002342                __wrap___udivdi3
 .text.halt     0x0000000002002347        0x3 build/postcar/lib/halt.o
                0x0000000002002347                halt
 .text.imdr_recover
                0x000000000200234a       0xb4 build/postcar/lib/imd.o
 .text.imdr_entry_find
                0x00000000020023fe       0x30 build/postcar/lib/imd.o
 .text.imdr_create_empty
                0x000000000200242e       0xea build/postcar/lib/imd.o
 .text.imd_entry_to_imdr
                0x0000000002002518       0x3e build/postcar/lib/imd.o
 .text.imdr_entry_add
                0x0000000002002556       0x74 build/postcar/lib/imd.o
 .text.imd_handle_init
                0x00000000020025ca       0x26 build/postcar/lib/imd.o
                0x00000000020025ca                imd_handle_init
 .text.imd_create_tiered_empty
                0x00000000020025f0       0xb0 build/postcar/lib/imd.o
                0x00000000020025f0                imd_create_tiered_empty
 .text.imd_recover
                0x00000000020026a0       0x5e build/postcar/lib/imd.o
                0x00000000020026a0                imd_recover
 .text.imd_limit_size
                0x00000000020026fe       0x28 build/postcar/lib/imd.o
                0x00000000020026fe                imd_limit_size
 .text.imd_entry_add
                0x0000000002002726       0x5a build/postcar/lib/imd.o
                0x0000000002002726                imd_entry_add
 .text.imd_entry_find
                0x0000000002002780       0x24 build/postcar/lib/imd.o
                0x0000000002002780                imd_entry_find
 .text.imd_entry_find_or_add
                0x00000000020027a4       0x19 build/postcar/lib/imd.o
                0x00000000020027a4                imd_entry_find_or_add
 .text.imd_entry_size
                0x00000000020027bd        0x8 build/postcar/lib/imd.o
                0x00000000020027bd                imd_entry_size
 .text.imd_entry_at
                0x00000000020027c5       0x1e build/postcar/lib/imd.o
                0x00000000020027c5                imd_entry_at
 .text.cbmem_top
                0x00000000020027e3        0x6 build/postcar/lib/imd_cbmem.o
                0x00000000020027e3                cbmem_top
 .text.cbmem_add
                0x00000000020027e9       0x36 build/postcar/lib/imd_cbmem.o
                0x00000000020027e9                cbmem_add
 .text.cbmem_initialize_id_size
                0x000000000200281f       0x5f build/postcar/lib/imd_cbmem.o
                0x000000000200281f                cbmem_initialize_id_size
 .text.cbmem_initialize
                0x000000000200287e       0x12 build/postcar/lib/imd_cbmem.o
                0x000000000200287e                cbmem_initialize
 .text.cbmem_entry_find
                0x0000000002002890       0x15 build/postcar/lib/imd_cbmem.o
                0x0000000002002890                cbmem_entry_find
 .text.cbmem_find
                0x00000000020028a5       0x2c build/postcar/lib/imd_cbmem.o
                0x00000000020028a5                cbmem_find
 .text.cbmem_entry_size
                0x00000000020028d1       0x17 build/postcar/lib/imd_cbmem.o
                0x00000000020028d1                cbmem_entry_size
 .text.cbmem_entry_start
                0x00000000020028e8       0x15 build/postcar/lib/imd_cbmem.o
                0x00000000020028e8                cbmem_entry_start
 .text.ulzman   0x00000000020028fd       0xce build/postcar/lib/lzma.o
                0x00000000020028fd                ulzman
 .text.LzmaDecodeProperties
                0x00000000020029cb       0x50 build/postcar/lib/lzmadecode.o
                0x00000000020029cb                LzmaDecodeProperties
 .text.LzmaDecode
                0x0000000002002a1b      0xcf2 build/postcar/lib/lzmadecode.o
                0x0000000002002a1b                LzmaDecode
 .text.memcmp   0x000000000200370d       0x26 build/postcar/lib/memcmp.o
                0x000000000200370d                memcmp
 .text.prog_locate_hook
                0x0000000002003733        0x3 build/postcar/lib/prog_loaders.o
                0x0000000002003733                prog_locate_hook
 .text.prog_locate
                0x0000000002003736       0x61 build/postcar/lib/prog_loaders.o
                0x0000000002003736                prog_locate
 .text.run_ramstage
                0x0000000002003797      0x10d build/postcar/lib/prog_loaders.o
                0x0000000002003797                run_ramstage
 .text.platform_segment_loaded
                0x00000000020038a4        0x1 build/postcar/lib/prog_ops.o
                0x00000000020038a4                platform_segment_loaded
 .text.arch_segment_loaded
                0x00000000020038a5        0x1 build/postcar/lib/prog_ops.o
                0x00000000020038a5                arch_segment_loaded
 .text.prog_segment_loaded
                0x00000000020038a6       0x2f build/postcar/lib/prog_ops.o
                0x00000000020038a6                prog_segment_loaded
 .text.platform_prog_run
                0x00000000020038d5        0x1 build/postcar/lib/prog_ops.o
                0x00000000020038d5                platform_prog_run
 .text.prog_run
                0x00000000020038d6       0x1b build/postcar/lib/prog_ops.o
                0x00000000020038d6                prog_run
 .text.board_reset
                0x00000000020038f1       0x20 build/postcar/lib/reset.o
                0x00000000020038f1                board_reset
 .text.rmodule_parse
                0x0000000002003911       0x41 build/postcar/lib/rmodule.o
                0x0000000002003911                rmodule_parse
 .text.rmodule_parameters
                0x0000000002003952       0x1e build/postcar/lib/rmodule.o
                0x0000000002003952                rmodule_parameters
 .text.rmodule_entry
                0x0000000002003970       0x14 build/postcar/lib/rmodule.o
                0x0000000002003970                rmodule_entry
 .text.rmodule_load
                0x0000000002003984       0xde build/postcar/lib/rmodule.o
                0x0000000002003984                rmodule_load
 .text.rmodule_calc_region
                0x0000000002003a62       0x5a build/postcar/lib/rmodule.o
                0x0000000002003a62                rmodule_calc_region
 .text.rmodule_stage_load
                0x0000000002003abc      0x129 build/postcar/lib/rmodule.o
                0x0000000002003abc                rmodule_stage_load
 .text.romstage_handoff_is_resume
                0x0000000002003be5       0x1f build/postcar/lib/romstage_handoff.o
                0x0000000002003be5                romstage_handoff_is_resume
 .text.strnlen  0x0000000002003c04       0x16 build/postcar/lib/string.o
                0x0000000002003c04                strnlen
 .text.strcmp   0x0000000002003c1a       0x20 build/postcar/lib/string.o
                0x0000000002003c1a                strcmp
 .text.skip_atoi
                0x0000000002003c3a       0x27 build/postcar/lib/string.o
                0x0000000002003c3a                skip_atoi
 .text.timestamp_should_run
                0x0000000002003c61       0x14 build/postcar/lib/timestamp.o
 .text.timestamp_reinit
                0x0000000002003c75       0x46 build/postcar/lib/timestamp.o
 .text.timestamp_add
                0x0000000002003cbb       0x95 build/postcar/lib/timestamp.o
                0x0000000002003cbb                timestamp_add
 .text.timestamp_add_now
                0x0000000002003d50       0x18 build/postcar/lib/timestamp.o
                0x0000000002003d50                timestamp_add_now
 .text.smm_region
                0x0000000002003d68       0x21 build/postcar/northbridge/intel/sandybridge/memmap.o
                0x0000000002003d68                smm_region
 .text.do_board_reset
                0x0000000002003d89        0x8 build/postcar/southbridge/intel/common/reset.o
                0x0000000002003d89                do_board_reset
                0x0000000002003d98                . = ALIGN (0x8)
 *fill*         0x0000000002003d91        0x7 
                0x0000000002003d98                _cbmem_init_hooks = .
 *(.rodata.cbmem_init_hooks)
 .rodata.cbmem_init_hooks
                0x0000000002003d98        0x4 build/postcar/lib/cbmem_console.o
 .rodata.cbmem_init_hooks
                0x0000000002003d9c        0x4 build/postcar/lib/ext_stage_cache.o
 .rodata.cbmem_init_hooks
                0x0000000002003da0        0x4 build/postcar/lib/fmap.o
 .rodata.cbmem_init_hooks
                0x0000000002003da4        0x4 build/postcar/lib/timestamp.o
                0x0000000002003da8                _ecbmem_init_hooks = .
                0x0000000002003da8                . = ALIGN (0x8)
                0x0000000002003da8                _rsbe_init_begin = .
 *(.rsbe_init)
                0x0000000002003da8                _ersbe_init_begin = .
                0x0000000002003da8                . = ALIGN (0x8)
 *(.rodata)
 *fill*         0x0000000002003da8       0x18 
 .rodata        0x0000000002003dc0       0x40 build/postcar/commonlib/bsd/lz4_wrapper.o
 *(.rodata.*)
 .rodata.system_reset.str1.1
                0x0000000002003e00        0xe build/postcar/arch/x86/cf9_reset.o
 *fill*         0x0000000002003e0e        0x2 
 .rodata.__func__.1294
                0x0000000002003e10        0xd build/postcar/arch/x86/cf9_reset.o
 *fill*         0x0000000002003e1d        0x3 
 .rodata.boot_dev
                0x0000000002003e20       0x14 build/postcar/arch/x86/mmap_boot.o
 .rodata.cbfs_for_each_file.str1.1
                0x0000000002003e34        0x9 build/postcar/commonlib/cbfs.o
 .rodata.cbfs_locate.str1.1
                0x0000000002003e3d       0x4f build/postcar/commonlib/cbfs.o
 .rodata.mem_rdev_ro_ops
                0x0000000002003e8c       0x14 build/postcar/commonlib/region.o
                0x0000000002003e8c                mem_rdev_ro_ops
 .rodata.console_init.str1.1
                0x0000000002003ea0       0x38 build/postcar/console/init.o
 .rodata.console_time_report.str1.1
                0x0000000002003ed8       0x3e build/postcar/console/printk.o
 .rodata.number.str1.1
                0x0000000002003f16       0x22 build/postcar/console/vtxprintf.o
 .rodata.vtxprintf.str1.1
                0x0000000002003f38        0x7 build/postcar/console/vtxprintf.o
 .rodata.resolve_timebase.str1.1
                0x0000000002003f3f       0x22 build/postcar/cpu/intel/common/fsb.o
 *fill*         0x0000000002003f61        0x3 
 .rodata.f2x_fsb.1307
                0x0000000002003f64       0x10 build/postcar/cpu/intel/common/fsb.o
 .rodata.rangeley_fsb.1308
                0x0000000002003f74        0x8 build/postcar/cpu/intel/common/fsb.o
 .rodata.core2_fsb.1306
                0x0000000002003f7c       0x10 build/postcar/cpu/intel/common/fsb.o
 .rodata.core_fsb.1305
                0x0000000002003f8c       0x10 build/postcar/cpu/intel/common/fsb.o
 .rodata.smm_subregion.str1.1
                0x0000000002003f9c       0x43 build/postcar/cpu/x86/smm/tseg_region.o
 .rodata.stage_cache_external_region.str1.1
                0x0000000002003fdf       0x20 build/postcar/cpu/x86/smm/tseg_region.o
 *fill*         0x0000000002003fff        0x1 
 .rodata.pci_mmconf
                0x0000000002004000        0x4 build/postcar/device/pci_ops.o
                0x0000000002004000                pci_mmconf
 .rodata.bases  0x0000000002004004       0x10 build/postcar/drivers/uart/uart8250io.o
 .rodata.cbfs_boot_region_device.str1.1
                0x0000000002004014        0x9 build/postcar/lib/cbfs.o
 .rodata.cbmemc_reinit.str1.1
                0x000000000200401d       0x3f build/postcar/lib/cbmem_console.o
 .rodata.stage_cache_setup.str1.1
                0x000000000200405c       0x63 build/postcar/lib/ext_stage_cache.o
 .rodata.stage_cache_add.str1.1
                0x00000000020040bf       0x4d build/postcar/lib/ext_stage_cache.o
 .rodata.stage_cache_load_stage.str1.1
                0x000000000200410c       0x4f build/postcar/lib/ext_stage_cache.o
 .rodata.find_fmap_directory.str1.1
                0x000000000200415b       0xae build/postcar/lib/fmap.o
 .rodata.fmap_locate_area.str1.1
                0x0000000002004209       0x25 build/postcar/lib/fmap.o
 .rodata.imdr_create_empty.str1.1
                0x000000000200422e       0x2a build/postcar/lib/imd.o
                                         0x4f (size before relaxing)
 .rodata.ulzman.str1.1
                0x0000000002004258       0x7c build/postcar/lib/lzma.o
 .rodata.run_ramstage.str1.1
                0x00000000020042d4       0x58 build/postcar/lib/prog_loaders.o
 .rodata.addrspace_32bit
                0x000000000200432c       0x14 build/postcar/lib/prog_loaders.o
                0x000000000200432c                addrspace_32bit
 .rodata.board_reset.str1.1
                0x0000000002004340        0xe build/postcar/lib/reset.o
 .rodata.__func__.1227
                0x0000000002004340        0xc build/postcar/lib/reset.o
 .rodata.rmodule_load.str1.1
                0x000000000200434c       0x94 build/postcar/lib/rmodule.o
 .rodata.rmodule_calc_region.str1.1
                0x00000000020043e0       0x40 build/postcar/lib/rmodule.o
 .rodata.rmodule_stage_load.str1.1
                0x0000000002004420       0x28 build/postcar/lib/rmodule.o
 .rodata.timestamp_reinit.str1.1
                0x0000000002004448       0x25 build/postcar/lib/timestamp.o
 .rodata.timestamp_add.str1.1
                0x000000000200446d       0x3e build/postcar/lib/timestamp.o
 *fill*         0x00000000020044ab        0x1 
 .rodata.coreboot_build
                0x00000000020044ac       0x1d build/postcar/lib/version.o
                0x00000000020044ac                coreboot_build
 .rodata.coreboot_extra_version
                0x00000000020044c9        0x1 build/postcar/lib/version.o
                0x00000000020044c9                coreboot_extra_version
 *fill*         0x00000000020044ca        0x2 
 .rodata.coreboot_version
                0x00000000020044cc       0x1c build/postcar/lib/version.o
                0x00000000020044cc                coreboot_version
                0x00000000020044e8                . = ALIGN (0x8)
                0x00000000020044e8                _etext = .

.iplt           0x00000000020044e8        0x0
 .iplt          0x00000000020044e8        0x0 build/postcar/mainboard/dell/dell_system_vostro_3360/static.o

.rel.dyn        0x00000000020044e8        0x0
 .rel.got       0x00000000020044e8        0x0 build/postcar/mainboard/dell/dell_system_vostro_3360/static.o
 .rel.iplt      0x00000000020044e8        0x0 build/postcar/mainboard/dell/dell_system_vostro_3360/static.o
 .rel.text.startup.main
                0x00000000020044e8        0x0 build/postcar/mainboard/dell/dell_system_vostro_3360/static.o
 .rel.text.die  0x00000000020044e8        0x0 build/postcar/mainboard/dell/dell_system_vostro_3360/static.o
 .rel.text.post_code
                0x00000000020044e8        0x0 build/postcar/mainboard/dell/dell_system_vostro_3360/static.o
 .rel.text.boot_device_ro_subregion
                0x00000000020044e8        0x0 build/postcar/mainboard/dell/dell_system_vostro_3360/static.o
 .rel.text.cbfs_boot_region_device
                0x00000000020044e8        0x0 build/postcar/mainboard/dell/dell_system_vostro_3360/static.o
 .rel.text.cbmem_run_init_hooks
                0x00000000020044e8        0x0 build/postcar/mainboard/dell/dell_system_vostro_3360/static.o
 .rel.text.find_fmap_directory
                0x00000000020044e8        0x0 build/postcar/mainboard/dell/dell_system_vostro_3360/static.o
 .rel.text.prog_locate
                0x00000000020044e8        0x0 build/postcar/mainboard/dell/dell_system_vostro_3360/static.o
 .rel.text.prog_segment_loaded
                0x00000000020044e8        0x0 build/postcar/mainboard/dell/dell_system_vostro_3360/static.o
 .rel.text.prog_run
                0x00000000020044e8        0x0 build/postcar/mainboard/dell/dell_system_vostro_3360/static.o

.data           0x00000000020044e8       0x28
                0x0000000002004500                . = ALIGN (0x40)
 *fill*         0x00000000020044e8       0x18 
                0x0000000002004500                _data = .
                0x0000000002004500                _rmodule_params = .
 *(.module_parameters)
 .module_parameters
                0x0000000002004500        0x8 build/postcar/arch/x86/exit_car.o
                0x0000000002004500                post_car_stack_top
                0x0000000002004508                _ermodule_params = .
 *(.data)
 *(.data.*)
 .data.console_loglevel
                0x0000000002004508        0x4 build/postcar/console/init.o
 .data.console_lock
                0x000000000200450c        0x4 build/postcar/console/printk.o
 *(.sdata)
 *(.sdata.*)
                0x0000000002004510                . = ALIGN (0x8)
                0x0000000002004510                _edata = .

.got            0x0000000002004510        0x0
 .got           0x0000000002004510        0x0 build/postcar/mainboard/dell/dell_system_vostro_3360/static.o

.got.plt        0x0000000002004510        0x0
 .got.plt       0x0000000002004510        0x0 build/postcar/mainboard/dell/dell_system_vostro_3360/static.o

.igot.plt       0x0000000002004510        0x0
 .igot.plt      0x0000000002004510        0x0 build/postcar/mainboard/dell/dell_system_vostro_3360/static.o

.bss            0x0000000002004510     0x42e0
                0x0000000002004510                . = ALIGN (0x8)
                0x0000000002004510                _bss = .
 *(.bss)
 *(.bss.*)
 .bss.console_inited
                0x0000000002004510        0x4 build/postcar/console/init.o
 .bss.console_usecs
                0x0000000002004514        0x4 build/postcar/console/printk.o
 .bss.mt_stop   0x0000000002004518        0x4 build/postcar/console/printk.o
 .bss.mt_start  0x000000000200451c        0x4 build/postcar/console/printk.o
 .bss.timer_tsc
                0x0000000002004520        0x4 build/postcar/cpu/intel/common/fsb.o
 .bss.timer_fsb
                0x0000000002004524        0x4 build/postcar/cpu/intel/common/fsb.o
 .bss.mono_counter
                0x0000000002004528       0x10 build/postcar/cpu/x86/tsc/delay_tsc.o
 *fill*         0x0000000002004538        0x8 
 .bss.static_console
                0x0000000002004540      0x400 build/postcar/lib/cbmem_console.o
 .bss.current_console
                0x0000000002004940        0x4 build/postcar/lib/cbmem_console.o
 .bss.imd_stage_cache
                0x0000000002004944       0x10 build/postcar/lib/ext_stage_cache.o
 .bss.fmap_cache
                0x0000000002004954       0x14 build/postcar/lib/fmap.o
 .bss.fmap_print_once
                0x0000000002004968        0x4 build/postcar/lib/fmap.o
 .bss.imd       0x000000000200496c       0x10 build/postcar/lib/imd_cbmem.o
 .bss._cbmem_top_ptr
                0x000000000200497c        0x4 build/postcar/lib/imd_cbmem.o
                0x000000000200497c                _cbmem_top_ptr
 .bss.scratchpad.1316
                0x0000000002004980     0x3e6c build/postcar/lib/lzma.o
 .bss.glob_ts_table
                0x00000000020087ec        0x4 build/postcar/lib/timestamp.o
 *(.sbss)
 *(.sbss.*)
                0x00000000020087f0                . = ALIGN (0x8)
                0x00000000020087f0                _ebss = .
                0x00000000020087f0                _eprogram = .
                0x0000000000000000                zeroptr = 0x0

/DISCARD/
 *(.comment)
 *(.comment.*)
 *(.note)
 *(.note.*)
 *(.eh_frame)
OUTPUT(build/cbfs/fallback/postcar.debug elf32-i386)

.debug_info     0x0000000000000000    0x18650
 .debug_info    0x0000000000000000      0x6f1 build/postcar/arch/x86/boot.o
 .debug_info    0x00000000000006f1      0x32c build/postcar/arch/x86/cf9_reset.o
 .debug_info    0x0000000000000a1d       0x26 build/postcar/arch/x86/exit_car.o
 .debug_info    0x0000000000000a43       0x26 build/postcar/arch/x86/gdt_init.o
 .debug_info    0x0000000000000a69       0xdc build/postcar/arch/x86/memcpy.o
 .debug_info    0x0000000000000b45      0x117 build/postcar/arch/x86/memmove.o
 .debug_info    0x0000000000000c5c      0x126 build/postcar/arch/x86/memset.o
 .debug_info    0x0000000000000d82      0x2ab build/postcar/arch/x86/mmap_boot.o
 .debug_info    0x000000000000102d      0x121 build/postcar/arch/x86/post.o
 .debug_info    0x000000000000114e      0x64f build/postcar/arch/x86/postcar.o
 .debug_info    0x000000000000179d      0x186 build/postcar/arch/x86/timestamp.o
 .debug_info    0x0000000000001923      0xc32 build/postcar/commonlib/bsd/lz4_wrapper.o
 .debug_info    0x0000000000002555     0x1eee build/postcar/commonlib/cbfs.o
 .debug_info    0x0000000000004443     0x194d build/postcar/commonlib/region.o
 .debug_info    0x0000000000005d90      0x3ea build/postcar/console/console.o
 .debug_info    0x000000000000617a      0x132 build/postcar/console/die.o
 .debug_info    0x00000000000062ac      0xdf3 build/postcar/console/init.o
 .debug_info    0x000000000000709f      0x125 build/postcar/console/post.o
 .debug_info    0x00000000000071c4      0x5d1 build/postcar/console/printk.o
 .debug_info    0x0000000000007795      0x459 build/postcar/console/vtxprintf.o
 .debug_info    0x0000000000007bee       0x26 build/postcar/cpu/intel/car/non-evict/exit_car.o
 .debug_info    0x0000000000007c14      0x6d9 build/postcar/cpu/intel/common/fsb.o
 .debug_info    0x00000000000082ed      0x166 build/postcar/cpu/x86/lapic/boot_cpu.o
 .debug_info    0x0000000000008453      0x144 build/postcar/cpu/x86/mtrr/debug.o
 .debug_info    0x0000000000008597      0x464 build/postcar/cpu/x86/smm/tseg_region.o
 .debug_info    0x00000000000089fb      0x3e6 build/postcar/cpu/x86/tsc/delay_tsc.o
 .debug_info    0x0000000000008de1      0xf29 build/postcar/device/pci_ops.o
 .debug_info    0x0000000000009d0a      0x81c build/postcar/drivers/uart/uart8250io.o
 .debug_info    0x000000000000a526      0x583 build/postcar/drivers/uart/util.o
 .debug_info    0x000000000000aaa9      0x483 build/postcar/lib/boot_device.o
 .debug_info    0x000000000000af2c     0x1513 build/postcar/lib/cbfs.o
 .debug_info    0x000000000000c43f      0x3b5 build/postcar/lib/cbmem_common.o
 .debug_info    0x000000000000c7f4      0x791 build/postcar/lib/cbmem_console.o
 .debug_info    0x000000000000cf85      0xd01 build/postcar/lib/ext_stage_cache.o
 .debug_info    0x000000000000dc86      0xed6 build/postcar/lib/fmap.o
 .debug_info    0x000000000000eb5c      0x20d build/postcar/lib/gcc.o
 .debug_info    0x000000000000ed69       0x5b build/postcar/lib/halt.o
 .debug_info    0x000000000000edc4     0x2131 build/postcar/lib/imd.o
 .debug_info    0x0000000000010ef5      0xb4e build/postcar/lib/imd_cbmem.o
 .debug_info    0x0000000000011a43      0x2c8 build/postcar/lib/lzma.o
 .debug_info    0x0000000000011d0b      0x662 build/postcar/lib/lzmadecode.o
 .debug_info    0x000000000001236d      0x10c build/postcar/lib/memcmp.o
 .debug_info    0x0000000000012479      0xf25 build/postcar/lib/prog_loaders.o
 .debug_info    0x000000000001339e      0x4d1 build/postcar/lib/prog_ops.o
 .debug_info    0x000000000001386f      0x168 build/postcar/lib/reset.o
 .debug_info    0x00000000000139d7      0xee9 build/postcar/lib/rmodule.o
 .debug_info    0x00000000000148c0      0x20d build/postcar/lib/romstage_handoff.o
 .debug_info    0x0000000000014acd      0x603 build/postcar/lib/string.o
 .debug_info    0x00000000000150d0      0xcc2 build/postcar/lib/timestamp.o
 .debug_info    0x0000000000015d92      0x1e0 build/postcar/lib/version.o
 .debug_info    0x0000000000015f72      0xfc1 build/postcar/northbridge/intel/sandybridge/memmap.o
 .debug_info    0x0000000000016f33       0x52 build/postcar/southbridge/intel/common/reset.o
 .debug_info    0x0000000000016f85      0xbc3 /home/rhylx/Repos/coreboot/util/crossgcc/xgcc/lib/gcc/i386-elf/8.3.0/libgcc.a(_udivdi3.o)
 .debug_info    0x0000000000017b48      0xb08 /home/rhylx/Repos/coreboot/util/crossgcc/xgcc/lib/gcc/i386-elf/8.3.0/libgcc.a(_udivmoddi4.o)

.debug_abbrev   0x0000000000000000     0x61ef
 .debug_abbrev  0x0000000000000000      0x1a3 build/postcar/arch/x86/boot.o
 .debug_abbrev  0x00000000000001a3      0x17d build/postcar/arch/x86/cf9_reset.o
 .debug_abbrev  0x0000000000000320       0x14 build/postcar/arch/x86/exit_car.o
 .debug_abbrev  0x0000000000000334       0x14 build/postcar/arch/x86/gdt_init.o
 .debug_abbrev  0x0000000000000348       0xbe build/postcar/arch/x86/memcpy.o
 .debug_abbrev  0x0000000000000406       0xd2 build/postcar/arch/x86/memmove.o
 .debug_abbrev  0x00000000000004d8       0xe9 build/postcar/arch/x86/memset.o
 .debug_abbrev  0x00000000000005c1       0xe8 build/postcar/arch/x86/mmap_boot.o
 .debug_abbrev  0x00000000000006a9       0xc9 build/postcar/arch/x86/post.o
 .debug_abbrev  0x0000000000000772      0x14e build/postcar/arch/x86/postcar.o
 .debug_abbrev  0x00000000000008c0      0x13e build/postcar/arch/x86/timestamp.o
 .debug_abbrev  0x00000000000009fe      0x381 build/postcar/commonlib/bsd/lz4_wrapper.o
 .debug_abbrev  0x0000000000000d7f      0x4bd build/postcar/commonlib/cbfs.o
 .debug_abbrev  0x000000000000123c      0x42b build/postcar/commonlib/region.o
 .debug_abbrev  0x0000000000001667      0x19b build/postcar/console/console.o
 .debug_abbrev  0x0000000000001802       0xf6 build/postcar/console/die.o
 .debug_abbrev  0x00000000000018f8      0x2d7 build/postcar/console/init.o
 .debug_abbrev  0x0000000000001bcf       0xf3 build/postcar/console/post.o
 .debug_abbrev  0x0000000000001cc2      0x2ad build/postcar/console/printk.o
 .debug_abbrev  0x0000000000001f6f      0x1f7 build/postcar/console/vtxprintf.o
 .debug_abbrev  0x0000000000002166       0x14 build/postcar/cpu/intel/car/non-evict/exit_car.o
 .debug_abbrev  0x000000000000217a      0x24d build/postcar/cpu/intel/common/fsb.o
 .debug_abbrev  0x00000000000023c7      0x116 build/postcar/cpu/x86/lapic/boot_cpu.o
 .debug_abbrev  0x00000000000024dd       0xb1 build/postcar/cpu/x86/mtrr/debug.o
 .debug_abbrev  0x000000000000258e      0x187 build/postcar/cpu/x86/smm/tseg_region.o
 .debug_abbrev  0x0000000000002715      0x23e build/postcar/cpu/x86/tsc/delay_tsc.o
 .debug_abbrev  0x0000000000002953      0x29c build/postcar/device/pci_ops.o
 .debug_abbrev  0x0000000000002bef      0x288 build/postcar/drivers/uart/uart8250io.o
 .debug_abbrev  0x0000000000002e77      0x1fd build/postcar/drivers/uart/util.o
 .debug_abbrev  0x0000000000003074      0x1a6 build/postcar/lib/boot_device.o
 .debug_abbrev  0x000000000000321a      0x345 build/postcar/lib/cbfs.o
 .debug_abbrev  0x000000000000355f       0xd9 build/postcar/lib/cbmem_common.o
 .debug_abbrev  0x0000000000003638      0x25b build/postcar/lib/cbmem_console.o
 .debug_abbrev  0x0000000000003893      0x2cf build/postcar/lib/ext_stage_cache.o
 .debug_abbrev  0x0000000000003b62      0x331 build/postcar/lib/fmap.o
 .debug_abbrev  0x0000000000003e93       0xa7 build/postcar/lib/gcc.o
 .debug_abbrev  0x0000000000003f3a       0x5a build/postcar/lib/halt.o
 .debug_abbrev  0x0000000000003f94      0x478 build/postcar/lib/imd.o
 .debug_abbrev  0x000000000000440c      0x3a8 build/postcar/lib/imd_cbmem.o
 .debug_abbrev  0x00000000000047b4      0x163 build/postcar/lib/lzma.o
 .debug_abbrev  0x0000000000004917      0x19d build/postcar/lib/lzmadecode.o
 .debug_abbrev  0x0000000000004ab4       0xda build/postcar/lib/memcmp.o
 .debug_abbrev  0x0000000000004b8e      0x28e build/postcar/lib/prog_loaders.o
 .debug_abbrev  0x0000000000004e1c      0x1a1 build/postcar/lib/prog_ops.o
 .debug_abbrev  0x0000000000004fbd       0xf6 build/postcar/lib/reset.o
 .debug_abbrev  0x00000000000050b3      0x2f8 build/postcar/lib/rmodule.o
 .debug_abbrev  0x00000000000053ab      0x13a build/postcar/lib/romstage_handoff.o
 .debug_abbrev  0x00000000000054e5      0x1ba build/postcar/lib/string.o
 .debug_abbrev  0x000000000000569f      0x3c6 build/postcar/lib/timestamp.o
 .debug_abbrev  0x0000000000005a65       0x85 build/postcar/lib/version.o
 .debug_abbrev  0x0000000000005aea      0x296 build/postcar/northbridge/intel/sandybridge/memmap.o
 .debug_abbrev  0x0000000000005d80       0x4e build/postcar/southbridge/intel/common/reset.o
 .debug_abbrev  0x0000000000005dce      0x23a /home/rhylx/Repos/coreboot/util/crossgcc/xgcc/lib/gcc/i386-elf/8.3.0/libgcc.a(_udivdi3.o)
 .debug_abbrev  0x0000000000006008      0x1e7 /home/rhylx/Repos/coreboot/util/crossgcc/xgcc/lib/gcc/i386-elf/8.3.0/libgcc.a(_udivmoddi4.o)

.debug_loc      0x0000000000000000     0xa5dd
 .debug_loc     0x0000000000000000       0x3c build/postcar/arch/x86/boot.o
 .debug_loc     0x000000000000003c       0xb8 build/postcar/arch/x86/cf9_reset.o
 .debug_loc     0x00000000000000f4       0x16 build/postcar/arch/x86/memmove.o
 .debug_loc     0x000000000000010a       0x46 build/postcar/arch/x86/memset.o
 .debug_loc     0x0000000000000150       0x2d build/postcar/arch/x86/post.o
 .debug_loc     0x000000000000017d       0x1a build/postcar/arch/x86/timestamp.o
 .debug_loc     0x0000000000000197      0xb38 build/postcar/commonlib/bsd/lz4_wrapper.o
 .debug_loc     0x0000000000000ccf      0x8af build/postcar/commonlib/cbfs.o
 .debug_loc     0x000000000000157e      0xaaf build/postcar/commonlib/region.o
 .debug_loc     0x000000000000202d       0x8d build/postcar/console/console.o
 .debug_loc     0x00000000000020ba       0x24 build/postcar/console/die.o
 .debug_loc     0x00000000000020de       0x41 build/postcar/console/init.o
 .debug_loc     0x000000000000211f       0x16 build/postcar/console/post.o
 .debug_loc     0x0000000000002135      0x173 build/postcar/console/printk.o
 .debug_loc     0x00000000000022a8      0xbb7 build/postcar/console/vtxprintf.o
 .debug_loc     0x0000000000002e5f      0x57f build/postcar/cpu/intel/common/fsb.o
 .debug_loc     0x00000000000033de       0x68 build/postcar/cpu/x86/lapic/boot_cpu.o
 .debug_loc     0x0000000000003446       0x23 build/postcar/cpu/x86/smm/tseg_region.o
 .debug_loc     0x0000000000003469      0x165 build/postcar/cpu/x86/tsc/delay_tsc.o
 .debug_loc     0x00000000000035ce      0x280 build/postcar/device/pci_ops.o
 .debug_loc     0x000000000000384e      0x391 build/postcar/drivers/uart/uart8250io.o
 .debug_loc     0x0000000000003bdf      0x49f build/postcar/drivers/uart/util.o
 .debug_loc     0x000000000000407e       0xb6 build/postcar/lib/boot_device.o
 .debug_loc     0x0000000000004134      0x495 build/postcar/lib/cbfs.o
 .debug_loc     0x00000000000045c9       0x15 build/postcar/lib/cbmem_common.o
 .debug_loc     0x00000000000045de      0x222 build/postcar/lib/cbmem_console.o
 .debug_loc     0x0000000000004800      0x452 build/postcar/lib/ext_stage_cache.o
 .debug_loc     0x0000000000004c52      0x2df build/postcar/lib/fmap.o
 .debug_loc     0x0000000000004f31     0x1b78 build/postcar/lib/imd.o
 .debug_loc     0x0000000000006aa9      0x1fa build/postcar/lib/imd_cbmem.o
 .debug_loc     0x0000000000006ca3       0xb8 build/postcar/lib/lzma.o
 .debug_loc     0x0000000000006d5b     0x1923 build/postcar/lib/lzmadecode.o
 .debug_loc     0x000000000000867e      0x123 build/postcar/lib/memcmp.o
 .debug_loc     0x00000000000087a1       0xec build/postcar/lib/prog_loaders.o
 .debug_loc     0x000000000000888d       0x58 build/postcar/lib/prog_ops.o
 .debug_loc     0x00000000000088e5      0x47f build/postcar/lib/rmodule.o
 .debug_loc     0x0000000000008d64       0x81 build/postcar/lib/romstage_handoff.o
 .debug_loc     0x0000000000008de5      0x65c build/postcar/lib/string.o
 .debug_loc     0x0000000000009441      0x2cb build/postcar/lib/timestamp.o
 .debug_loc     0x000000000000970c      0x12c build/postcar/northbridge/intel/sandybridge/memmap.o
 .debug_loc     0x0000000000009838      0x79c /home/rhylx/Repos/coreboot/util/crossgcc/xgcc/lib/gcc/i386-elf/8.3.0/libgcc.a(_udivdi3.o)
 .debug_loc     0x0000000000009fd4      0x609 /home/rhylx/Repos/coreboot/util/crossgcc/xgcc/lib/gcc/i386-elf/8.3.0/libgcc.a(_udivmoddi4.o)

.debug_aranges  0x0000000000000000      0xc98
 .debug_aranges
                0x0000000000000000       0x28 build/postcar/arch/x86/boot.o
 .debug_aranges
                0x0000000000000028       0x38 build/postcar/arch/x86/cf9_reset.o
 .debug_aranges
                0x0000000000000060       0x20 build/postcar/arch/x86/exit_car.o
 .debug_aranges
                0x0000000000000080       0x20 build/postcar/arch/x86/gdt_init.o
 .debug_aranges
                0x00000000000000a0       0x20 build/postcar/arch/x86/memcpy.o
 .debug_aranges
                0x00000000000000c0       0x20 build/postcar/arch/x86/memmove.o
 .debug_aranges
                0x00000000000000e0       0x20 build/postcar/arch/x86/memset.o
 .debug_aranges
                0x0000000000000100       0x20 build/postcar/arch/x86/mmap_boot.o
 .debug_aranges
                0x0000000000000120       0x20 build/postcar/arch/x86/post.o
 .debug_aranges
                0x0000000000000140       0x28 build/postcar/arch/x86/postcar.o
 .debug_aranges
                0x0000000000000168       0x28 build/postcar/arch/x86/timestamp.o
 .debug_aranges
                0x0000000000000190       0x38 build/postcar/commonlib/bsd/lz4_wrapper.o
 .debug_aranges
                0x00000000000001c8       0x60 build/postcar/commonlib/cbfs.o
 .debug_aranges
                0x0000000000000228      0x120 build/postcar/commonlib/region.o
 .debug_aranges
                0x0000000000000348       0x38 build/postcar/console/console.o
 .debug_aranges
                0x0000000000000380       0x28 build/postcar/console/die.o
 .debug_aranges
                0x00000000000003a8       0x28 build/postcar/console/init.o
 .debug_aranges
                0x00000000000003d0       0x28 build/postcar/console/post.o
 .debug_aranges
                0x00000000000003f8       0x60 build/postcar/console/printk.o
 .debug_aranges
                0x0000000000000458       0x28 build/postcar/console/vtxprintf.o
 .debug_aranges
                0x0000000000000480       0x20 build/postcar/cpu/intel/car/non-evict/exit_car.o
 .debug_aranges
                0x00000000000004a0       0x38 build/postcar/cpu/intel/common/fsb.o
 .debug_aranges
                0x00000000000004d8       0x20 build/postcar/cpu/x86/lapic/boot_cpu.o
 .debug_aranges
                0x00000000000004f8       0x20 build/postcar/cpu/x86/mtrr/debug.o
 .debug_aranges
                0x0000000000000518       0x30 build/postcar/cpu/x86/smm/tseg_region.o
 .debug_aranges
                0x0000000000000548       0x30 build/postcar/cpu/x86/tsc/delay_tsc.o
 .debug_aranges
                0x0000000000000578       0x30 build/postcar/device/pci_ops.o
 .debug_aranges
                0x00000000000005a8       0x48 build/postcar/drivers/uart/uart8250io.o
 .debug_aranges
                0x00000000000005f0       0x38 build/postcar/drivers/uart/util.o
 .debug_aranges
                0x0000000000000628       0x38 build/postcar/lib/boot_device.o
 .debug_aranges
                0x0000000000000660       0x70 build/postcar/lib/cbfs.o
 .debug_aranges
                0x00000000000006d0       0x20 build/postcar/lib/cbmem_common.o
 .debug_aranges
                0x00000000000006f0       0x30 build/postcar/lib/cbmem_console.o
 .debug_aranges
                0x0000000000000720       0x40 build/postcar/lib/ext_stage_cache.o
 .debug_aranges
                0x0000000000000760       0x60 build/postcar/lib/fmap.o
 .debug_aranges
                0x00000000000007c0       0x38 build/postcar/lib/gcc.o
 .debug_aranges
                0x00000000000007f8       0x20 build/postcar/lib/halt.o
 .debug_aranges
                0x0000000000000818       0xd8 build/postcar/lib/imd.o
 .debug_aranges
                0x00000000000008f0       0x98 build/postcar/lib/imd_cbmem.o
 .debug_aranges
                0x0000000000000988       0x20 build/postcar/lib/lzma.o
 .debug_aranges
                0x00000000000009a8       0x28 build/postcar/lib/lzmadecode.o
 .debug_aranges
                0x00000000000009d0       0x20 build/postcar/lib/memcmp.o
 .debug_aranges
                0x00000000000009f0       0x38 build/postcar/lib/prog_loaders.o
 .debug_aranges
                0x0000000000000a28       0x38 build/postcar/lib/prog_ops.o
 .debug_aranges
                0x0000000000000a60       0x20 build/postcar/lib/reset.o
 .debug_aranges
                0x0000000000000a80       0x60 build/postcar/lib/rmodule.o
 .debug_aranges
                0x0000000000000ae0       0x28 build/postcar/lib/romstage_handoff.o
 .debug_aranges
                0x0000000000000b08       0x88 build/postcar/lib/string.o
 .debug_aranges
                0x0000000000000b90       0x60 build/postcar/lib/timestamp.o
 .debug_aranges
                0x0000000000000bf0       0x18 build/postcar/lib/version.o
 .debug_aranges
                0x0000000000000c08       0x30 build/postcar/northbridge/intel/sandybridge/memmap.o
 .debug_aranges
                0x0000000000000c38       0x20 build/postcar/southbridge/intel/common/reset.o
 .debug_aranges
                0x0000000000000c58       0x20 /home/rhylx/Repos/coreboot/util/crossgcc/xgcc/lib/gcc/i386-elf/8.3.0/libgcc.a(_udivdi3.o)
 .debug_aranges
                0x0000000000000c78       0x20 /home/rhylx/Repos/coreboot/util/crossgcc/xgcc/lib/gcc/i386-elf/8.3.0/libgcc.a(_udivmoddi4.o)

.debug_ranges   0x0000000000000000     0x1ba8
 .debug_ranges  0x0000000000000000       0x18 build/postcar/arch/x86/boot.o
 .debug_ranges  0x0000000000000018       0x68 build/postcar/arch/x86/cf9_reset.o
 .debug_ranges  0x0000000000000080       0x10 build/postcar/arch/x86/memcpy.o
 .debug_ranges  0x0000000000000090       0x10 build/postcar/arch/x86/memmove.o
 .debug_ranges  0x00000000000000a0       0x10 build/postcar/arch/x86/memset.o
 .debug_ranges  0x00000000000000b0       0x10 build/postcar/arch/x86/mmap_boot.o
 .debug_ranges  0x00000000000000c0       0x10 build/postcar/arch/x86/post.o
 .debug_ranges  0x00000000000000d0       0x18 build/postcar/arch/x86/postcar.o
 .debug_ranges  0x00000000000000e8       0x18 build/postcar/arch/x86/timestamp.o
 .debug_ranges  0x0000000000000100      0x180 build/postcar/commonlib/bsd/lz4_wrapper.o
 .debug_ranges  0x0000000000000280      0x1b0 build/postcar/commonlib/cbfs.o
 .debug_ranges  0x0000000000000430      0x1c8 build/postcar/commonlib/region.o
 .debug_ranges  0x00000000000005f8       0x78 build/postcar/console/console.o
 .debug_ranges  0x0000000000000670       0x18 build/postcar/console/die.o
 .debug_ranges  0x0000000000000688       0x58 build/postcar/console/init.o
 .debug_ranges  0x00000000000006e0       0x18 build/postcar/console/post.o
 .debug_ranges  0x00000000000006f8       0x98 build/postcar/console/printk.o
 .debug_ranges  0x0000000000000790       0x30 build/postcar/console/vtxprintf.o
 .debug_ranges  0x00000000000007c0       0xa0 build/postcar/cpu/intel/common/fsb.o
 .debug_ranges  0x0000000000000860       0x10 build/postcar/cpu/x86/lapic/boot_cpu.o
 .debug_ranges  0x0000000000000870       0x10 build/postcar/cpu/x86/mtrr/debug.o
 .debug_ranges  0x0000000000000880       0x20 build/postcar/cpu/x86/smm/tseg_region.o
 .debug_ranges  0x00000000000008a0       0x50 build/postcar/cpu/x86/tsc/delay_tsc.o
 .debug_ranges  0x00000000000008f0      0x108 build/postcar/device/pci_ops.o
 .debug_ranges  0x00000000000009f8      0x1b8 build/postcar/drivers/uart/uart8250io.o
 .debug_ranges  0x0000000000000bb0       0x78 build/postcar/drivers/uart/util.o
 .debug_ranges  0x0000000000000c28       0x58 build/postcar/lib/boot_device.o
 .debug_ranges  0x0000000000000c80       0xf8 build/postcar/lib/cbfs.o
 .debug_ranges  0x0000000000000d78       0x10 build/postcar/lib/cbmem_common.o
 .debug_ranges  0x0000000000000d88       0x38 build/postcar/lib/cbmem_console.o
 .debug_ranges  0x0000000000000dc0      0x140 build/postcar/lib/ext_stage_cache.o
 .debug_ranges  0x0000000000000f00      0x118 build/postcar/lib/fmap.o
 .debug_ranges  0x0000000000001018       0x28 build/postcar/lib/gcc.o
 .debug_ranges  0x0000000000001040       0x10 build/postcar/lib/halt.o
 .debug_ranges  0x0000000000001050      0x490 build/postcar/lib/imd.o
 .debug_ranges  0x00000000000014e0       0xa0 build/postcar/lib/imd_cbmem.o
 .debug_ranges  0x0000000000001580       0x10 build/postcar/lib/lzma.o
 .debug_ranges  0x0000000000001590      0x128 build/postcar/lib/lzmadecode.o
 .debug_ranges  0x00000000000016b8       0x10 build/postcar/lib/memcmp.o
 .debug_ranges  0x00000000000016c8       0x90 build/postcar/lib/prog_loaders.o
 .debug_ranges  0x0000000000001758       0x28 build/postcar/lib/prog_ops.o
 .debug_ranges  0x0000000000001780       0x30 build/postcar/lib/reset.o
 .debug_ranges  0x00000000000017b0      0x148 build/postcar/lib/rmodule.o
 .debug_ranges  0x00000000000018f8       0x38 build/postcar/lib/romstage_handoff.o
 .debug_ranges  0x0000000000001930       0xa8 build/postcar/lib/string.o
 .debug_ranges  0x00000000000019d8       0xf0 build/postcar/lib/timestamp.o
 .debug_ranges  0x0000000000001ac8       0x88 build/postcar/northbridge/intel/sandybridge/memmap.o
 .debug_ranges  0x0000000000001b50       0x10 build/postcar/southbridge/intel/common/reset.o
 .debug_ranges  0x0000000000001b60       0x28 /home/rhylx/Repos/coreboot/util/crossgcc/xgcc/lib/gcc/i386-elf/8.3.0/libgcc.a(_udivdi3.o)
 .debug_ranges  0x0000000000001b88       0x20 /home/rhylx/Repos/coreboot/util/crossgcc/xgcc/lib/gcc/i386-elf/8.3.0/libgcc.a(_udivmoddi4.o)

.debug_line     0x0000000000000000     0x98f0
 .debug_line    0x0000000000000000      0x150 build/postcar/arch/x86/boot.o
 .debug_line    0x0000000000000150      0x204 build/postcar/arch/x86/cf9_reset.o
 .debug_line    0x0000000000000354       0x73 build/postcar/arch/x86/exit_car.o
 .debug_line    0x00000000000003c7       0x46 build/postcar/arch/x86/gdt_init.o
 .debug_line    0x000000000000040d       0x81 build/postcar/arch/x86/memcpy.o
 .debug_line    0x000000000000048e       0x78 build/postcar/arch/x86/memmove.o
 .debug_line    0x0000000000000506       0xc5 build/postcar/arch/x86/memset.o
 .debug_line    0x00000000000005cb       0xa1 build/postcar/arch/x86/mmap_boot.o
 .debug_line    0x000000000000066c       0xa1 build/postcar/arch/x86/post.o
 .debug_line    0x000000000000070d      0x14c build/postcar/arch/x86/postcar.o
 .debug_line    0x0000000000000859       0xf3 build/postcar/arch/x86/timestamp.o
 .debug_line    0x000000000000094c      0x55b build/postcar/commonlib/bsd/lz4_wrapper.o
 .debug_line    0x0000000000000ea7      0x760 build/postcar/commonlib/cbfs.o
 .debug_line    0x0000000000001607      0xa04 build/postcar/commonlib/region.o
 .debug_line    0x000000000000200b      0x2bd build/postcar/console/console.o
 .debug_line    0x00000000000022c8       0xb7 build/postcar/console/die.o
 .debug_line    0x000000000000237f      0x211 build/postcar/console/init.o
 .debug_line    0x0000000000002590       0x97 build/postcar/console/post.o
 .debug_line    0x0000000000002627      0x2f7 build/postcar/console/printk.o
 .debug_line    0x000000000000291e      0x66c build/postcar/console/vtxprintf.o
 .debug_line    0x0000000000002f8a       0x67 build/postcar/cpu/intel/car/non-evict/exit_car.o
 .debug_line    0x0000000000002ff1      0x3fd build/postcar/cpu/intel/common/fsb.o
 .debug_line    0x00000000000033ee       0xa7 build/postcar/cpu/x86/lapic/boot_cpu.o
 .debug_line    0x0000000000003495       0xa6 build/postcar/cpu/x86/mtrr/debug.o
 .debug_line    0x000000000000353b      0x225 build/postcar/cpu/x86/smm/tseg_region.o
 .debug_line    0x0000000000003760      0x223 build/postcar/cpu/x86/tsc/delay_tsc.o
 .debug_line    0x0000000000003983      0x285 build/postcar/device/pci_ops.o
 .debug_line    0x0000000000003c08      0x45d build/postcar/drivers/uart/uart8250io.o
 .debug_line    0x0000000000004065      0x29e build/postcar/drivers/uart/util.o
 .debug_line    0x0000000000004303      0x151 build/postcar/lib/boot_device.o
 .debug_line    0x0000000000004454      0x6bd build/postcar/lib/cbfs.o
 .debug_line    0x0000000000004b11       0xb2 build/postcar/lib/cbmem_common.o
 .debug_line    0x0000000000004bc3      0x23c build/postcar/lib/cbmem_console.o
 .debug_line    0x0000000000004dff      0x459 build/postcar/lib/ext_stage_cache.o
 .debug_line    0x0000000000005258      0x4e0 build/postcar/lib/fmap.o
 .debug_line    0x0000000000005738       0x8e build/postcar/lib/gcc.o
 .debug_line    0x00000000000057c6       0x83 build/postcar/lib/halt.o
 .debug_line    0x0000000000005849      0xf47 build/postcar/lib/imd.o
 .debug_line    0x0000000000006790      0x46b build/postcar/lib/imd_cbmem.o
 .debug_line    0x0000000000006bfb      0x124 build/postcar/lib/lzma.o
 .debug_line    0x0000000000006d1f      0xe54 build/postcar/lib/lzmadecode.o
 .debug_line    0x0000000000007b73       0x92 build/postcar/lib/memcmp.o
 .debug_line    0x0000000000007c05      0x379 build/postcar/lib/prog_loaders.o
 .debug_line    0x0000000000007f7e      0x108 build/postcar/lib/prog_ops.o
 .debug_line    0x0000000000008086      0x103 build/postcar/lib/reset.o
 .debug_line    0x0000000000008189      0x5ef build/postcar/lib/rmodule.o
 .debug_line    0x0000000000008778      0x13e build/postcar/lib/romstage_handoff.o
 .debug_line    0x00000000000088b6      0x412 build/postcar/lib/string.o
 .debug_line    0x0000000000008cc8      0x44a build/postcar/lib/timestamp.o
 .debug_line    0x0000000000009112       0x4b build/postcar/lib/version.o
 .debug_line    0x000000000000915d      0x277 build/postcar/northbridge/intel/sandybridge/memmap.o
 .debug_line    0x00000000000093d4       0x84 build/postcar/southbridge/intel/common/reset.o
 .debug_line    0x0000000000009458      0x214 /home/rhylx/Repos/coreboot/util/crossgcc/xgcc/lib/gcc/i386-elf/8.3.0/libgcc.a(_udivdi3.o)
 .debug_line    0x000000000000966c      0x284 /home/rhylx/Repos/coreboot/util/crossgcc/xgcc/lib/gcc/i386-elf/8.3.0/libgcc.a(_udivmoddi4.o)

.debug_str      0x0000000000000000     0x7924
 .debug_str     0x0000000000000000      0x55d build/postcar/arch/x86/boot.o
                                        0x63a (size before relaxing)
 .debug_str     0x000000000000055d       0x99 build/postcar/arch/x86/cf9_reset.o
                                        0x26e (size before relaxing)
 .debug_str     0x00000000000005f6       0x26 build/postcar/arch/x86/exit_car.o
                                         0x41 (size before relaxing)
 .debug_str     0x000000000000061c       0x18 build/postcar/arch/x86/gdt_init.o
                                         0x41 (size before relaxing)
 .debug_str     0x0000000000000634       0x22 build/postcar/arch/x86/memcpy.o
                                        0x167 (size before relaxing)
 .debug_str     0x0000000000000656       0x1f build/postcar/arch/x86/memmove.o
                                        0x169 (size before relaxing)
 .debug_str     0x0000000000000675       0x2d build/postcar/arch/x86/memset.o
                                        0x1d7 (size before relaxing)
 .debug_str     0x00000000000006a2       0x3b build/postcar/arch/x86/mmap_boot.o
                                        0x2a5 (size before relaxing)
 .debug_str     0x00000000000006dd       0x23 build/postcar/arch/x86/post.o
                                        0x1e4 (size before relaxing)
 .debug_str     0x0000000000000700      0x88e build/postcar/arch/x86/postcar.o
                                        0xb32 (size before relaxing)
 .debug_str     0x0000000000000f8e       0x66 build/postcar/arch/x86/timestamp.o
                                        0x232 (size before relaxing)
 .debug_str     0x0000000000000ff4      0x30d build/postcar/commonlib/bsd/lz4_wrapper.o
                                        0x515 (size before relaxing)
 .debug_str     0x0000000000001301     0x280d build/postcar/commonlib/cbfs.o
                                       0x2b04 (size before relaxing)
 .debug_str     0x0000000000003b0e      0x387 build/postcar/commonlib/region.o
                                        0x6a2 (size before relaxing)
 .debug_str     0x0000000000003e95      0x1a5 build/postcar/console/console.o
                                        0x3c6 (size before relaxing)
 .debug_str     0x000000000000403a       0x3f build/postcar/console/die.o
                                        0x1ec (size before relaxing)
 .debug_str     0x0000000000004079      0x8fa build/postcar/console/init.o
                                        0xbcb (size before relaxing)
 .debug_str     0x0000000000004973       0x22 build/postcar/console/post.o
                                        0x1e9 (size before relaxing)
 .debug_str     0x0000000000004995      0x150 build/postcar/console/printk.o
                                        0x3df (size before relaxing)
 .debug_str     0x0000000000004ae5       0x6a build/postcar/console/vtxprintf.o
                                        0x268 (size before relaxing)
 .debug_str     0x0000000000004b4f       0x27 build/postcar/cpu/intel/car/non-evict/exit_car.o
                                         0x50 (size before relaxing)
 .debug_str     0x0000000000004b76       0xe7 build/postcar/cpu/intel/common/fsb.o
                                        0x2df (size before relaxing)
 .debug_str     0x0000000000004c5d       0x1d build/postcar/cpu/x86/lapic/boot_cpu.o
                                        0x1ea (size before relaxing)
 .debug_str     0x0000000000004c7a       0x6a build/postcar/cpu/x86/mtrr/debug.o
                                        0x238 (size before relaxing)
 .debug_str     0x0000000000004ce4       0xea build/postcar/cpu/x86/smm/tseg_region.o
                                        0x392 (size before relaxing)
 .debug_str     0x0000000000004dce       0xe1 build/postcar/cpu/x86/tsc/delay_tsc.o
                                        0x2e1 (size before relaxing)
 .debug_str     0x0000000000004eaf       0xec build/postcar/device/pci_ops.o
                                        0x973 (size before relaxing)
 .debug_str     0x0000000000004f9b      0x175 build/postcar/drivers/uart/uart8250io.o
                                        0x386 (size before relaxing)
 .debug_str     0x0000000000005110       0xa0 build/postcar/drivers/uart/util.o
                                        0x300 (size before relaxing)
 .debug_str     0x00000000000051b0       0xd1 build/postcar/lib/boot_device.o
                                        0x35d (size before relaxing)
 .debug_str     0x0000000000005281      0x211 build/postcar/lib/cbfs.o
                                       0x115b (size before relaxing)
 .debug_str     0x0000000000005492       0x59 build/postcar/lib/cbmem_common.o
                                        0x4a8 (size before relaxing)
 .debug_str     0x00000000000054eb      0x11e build/postcar/lib/cbmem_console.o
                                        0x5cd (size before relaxing)
 .debug_str     0x0000000000005609      0x1b8 build/postcar/lib/ext_stage_cache.o
                                        0x628 (size before relaxing)
 .debug_str     0x00000000000057c1      0x1dc build/postcar/lib/fmap.o
                                        0x8ae (size before relaxing)
 .debug_str     0x000000000000599d       0x92 build/postcar/lib/gcc.o
                                        0x232 (size before relaxing)
 .debug_str     0x0000000000005a2f        0xf build/postcar/lib/halt.o
                                        0x11d (size before relaxing)
 .debug_str     0x0000000000005a3e      0x39a build/postcar/lib/imd.o
                                        0x6b4 (size before relaxing)
 .debug_str     0x0000000000005dd8      0x60f build/postcar/lib/imd_cbmem.o
                                        0x9a0 (size before relaxing)
 .debug_str     0x00000000000063e7       0xb6 build/postcar/lib/lzma.o
                                        0x2b8 (size before relaxing)
 .debug_str     0x000000000000649d      0x14e build/postcar/lib/lzmadecode.o
                                        0x3a2 (size before relaxing)
 .debug_str     0x00000000000065eb       0x1b build/postcar/lib/memcmp.o
                                        0x182 (size before relaxing)
 .debug_str     0x0000000000006606      0x116 build/postcar/lib/prog_loaders.o
                                       0x107f (size before relaxing)
 .debug_str     0x000000000000671c       0x51 build/postcar/lib/prog_ops.o
                                        0x3cc (size before relaxing)
 .debug_str     0x000000000000676d       0x1f build/postcar/lib/reset.o
                                        0x217 (size before relaxing)
 .debug_str     0x000000000000678c      0x2ae build/postcar/lib/rmodule.o
                                        0x771 (size before relaxing)
 .debug_str     0x0000000000006a3a       0x7c build/postcar/lib/romstage_handoff.o
                                        0x299 (size before relaxing)
 .debug_str     0x0000000000006ab6       0xc5 build/postcar/lib/string.o
                                        0x29d (size before relaxing)
 .debug_str     0x0000000000006b7b      0x1ad build/postcar/lib/timestamp.o
                                        0xf26 (size before relaxing)
 .debug_str     0x0000000000006d28       0x12 build/postcar/lib/version.o
                                        0x263 (size before relaxing)
 .debug_str     0x0000000000006d3a      0x199 build/postcar/northbridge/intel/sandybridge/memmap.o
                                        0xacd (size before relaxing)
 .debug_str     0x0000000000006ed3       0x25 build/postcar/southbridge/intel/common/reset.o
                                        0x14a (size before relaxing)
 .debug_str     0x0000000000006ef8      0xa2c /home/rhylx/Repos/coreboot/util/crossgcc/xgcc/lib/gcc/i386-elf/8.3.0/libgcc.a(_udivdi3.o)
                                        0xb42 (size before relaxing)
 .debug_str     0x0000000000007924      0xb38 /home/rhylx/Repos/coreboot/util/crossgcc/xgcc/lib/gcc/i386-elf/8.3.0/libgcc.a(_udivmoddi4.o)
